在使用天勤量化之前，默认您已经知晓并同意以下免责条款，如果不同意请立即停止使用：https://www.shinnytech.com/blog/disclaimer/
2026-04-19 19:41:01 -     INFO - 通知 : 与 wss://free-api.shinnytech.com/t/nfmd/front/mobile 的网络连接已建立
CF005.CZCE fetched: 89
CF005.CZCE saved: 89
2026-04-19 19:41:02 -     INFO - 通知 : 与 wss://free-api.shinnytech.com/t/nfmd/front/mobile 的网络连接已建立
CF009.CZCE fetched: 171
CF009.CZCE saved: 171
2026-04-19 19:41:03 -     INFO - 通知 : 与 wss://free-api.shinnytech.com/t/nfmd/front/mobile 的网络连接已建立
CF101.CZCE fetched: 243
CF101.CZCE saved: 243
2026-04-19 19:41:04 -     INFO - 通知 : 与 wss://free-api.shinnytech.com/t/nfmd/front/mobile 的网络连接已建立
CF105.CZCE fetched: 243
CF105.CZCE saved: 243
2026-04-19 19:41:04 -     INFO - 通知 : 与 wss://free-api.shinnytech.com/t/nfmd/front/mobile 的网络连接已建立
CF109.CZCE fetched: 244
CF109.CZCE saved: 244
2026-04-19 19:41:05 -     INFO - 通知 : 与 wss://free-api.shinnytech.com/t/nfmd/front/mobile 的网络连接已建立
CF201.CZCE fetched: 243
CF201.CZCE saved: 243
2026-04-19 19:41:06 -     INFO - 通知 : 与 wss://free-api.shinnytech.com/t/nfmd/front/mobile 的网络连接已建立
CF205.CZCE fetched: 241
CF205.CZCE saved: 241
2026-04-19 19:41:07 -     INFO - 通知 : 与 wss://free-api.shinnytech.com/t/nfmd/front/mobile 的网络连接已建立
CF209.CZCE fetched: 242
CF209.CZCE saved: 242
2026-04-19 19:41:08 -     INFO - 通知 : 与 wss://free-api.shinnytech.com/t/nfmd/front/mobile 的网络连接已建立
CF301.CZCE fetched: 242
CF301.CZCE saved: 242
2026-04-19 19:41:09 -     INFO - 通知 : 与 wss://free-api.shinnytech.com/t/nfmd/front/mobile 的网络连接已建立
CF305.CZCE fetched: 243
CF305.CZCE saved: 243
2026-04-19 19:41:09 -     INFO - 通知 : 与 wss://free-api.shinnytech.com/t/nfmd/front/mobile 的网络连接已建立
CF309.CZCE fetched: 243
CF309.CZCE saved: 243
2026-04-19 19:41:10 -     INFO - 通知 : 与 wss://free-api.shinnytech.com/t/nfmd/front/mobile 的网络连接已建立
CF401.CZCE fetched: 242
CF401.CZCE saved: 242
2026-04-19 19:41:11 -     INFO - 通知 : 与 wss://free-api.shinnytech.com/t/nfmd/front/mobile 的网络连接已建立
CF405.CZCE fetched: 242
CF405.CZCE saved: 242
2026-04-19 19:41:12 -     INFO - 通知 : 与 wss://free-api.shinnytech.com/t/nfmd/front/mobile 的网络连接已建立
CF409.CZCE fetched: 242
CF409.CZCE saved: 242
2026-04-19 19:41:13 -     INFO - 通知 : 与 wss://free-api.shinnytech.com/t/nfmd/front/mobile 的网络连接已建立
CF501.CZCE fetched: 242
CF501.CZCE saved: 242
2026-04-19 19:41:14 -     INFO - 通知 : 与 wss://free-api.shinnytech.com/t/nfmd/front/mobile 的网络连接已建立
CF505.CZCE fetched: 242
CF505.CZCE saved: 242
2026-04-19 19:41:15 -     INFO - 通知 : 与 wss://free-api.shinnytech.com/t/nfmd/front/mobile 的网络连接已建立
CF509.CZCE fetched: 241
CF509.CZCE saved: 241
2026-04-19 19:41:15 -     INFO - 通知 : 与 wss://free-api.shinnytech.com/t/nfmd/front/mobile 的网络连接已建立
CF601.CZCE fetched: 243
CF601.CZCE saved: 243
2026-04-19 19:41:16 -     INFO - 通知 : 与 wss://free-api.shinnytech.com/t/nfmd/front/mobile 的网络连接已建立
CF605.CZCE fetched: 224
CF605.CZCE saved: 224
2026-04-19 19:41:17 -     INFO - 通知 : 与 wss://free-api.shinnytech.com/t/nfmd/front/mobile 的网络连接已建立
CF609.CZCE fetched: 141
CF609.CZCE saved: 141
2026-04-19 19:41:18 -     INFO - 通知 : 与 wss://free-api.shinnytech.com/t/nfmd/front/mobile 的网络连接已建立
FG005.CZCE fetched: 89
FG005.CZCE saved: 89
2026-04-19 19:41:19 -     INFO - 通知 : 与 wss://free-api.shinnytech.com/t/nfmd/front/mobile 的网络连接已建立
FG009.CZCE fetched: 171
FG009.CZCE saved: 171
2026-04-19 19:41:20 -     INFO - 通知 : 与 wss://free-api.shinnytech.com/t/nfmd/front/mobile 的网络连接已建立
FG101.CZCE fetched: 243
FG101.CZCE saved: 243
2026-04-19 19:41:20 -     INFO - 通知 : 与 wss://free-api.shinnytech.com/t/nfmd/front/mobile 的网络连接已建立
FG105.CZCE fetched: 243
FG105.CZCE saved: 243
2026-04-19 19:41:21 -     INFO - 通知 : 与 wss://free-api.shinnytech.com/t/nfmd/front/mobile 的网络连接已建立
FG109.CZCE fetched: 244
FG109.CZCE saved: 244
2026-04-19 19:41:22 -     INFO - 通知 : 与 wss://free-api.shinnytech.com/t/nfmd/front/mobile 的网络连接已建立
FG201.CZCE fetched: 243
FG201.CZCE saved: 243
2026-04-19 19:41:23 -     INFO - 通知 : 与 wss://free-api.shinnytech.com/t/nfmd/front/mobile 的网络连接已建立
FG205.CZCE fetched: 241
FG205.CZCE saved: 241
2026-04-19 19:41:24 -     INFO - 通知 : 与 wss://free-api.shinnytech.com/t/nfmd/front/mobile 的网络连接已建立
FG209.CZCE fetched: 242
FG209.CZCE saved: 242
2026-04-19 19:41:24 -     INFO - 通知 : 与 wss://free-api.shinnytech.com/t/nfmd/front/mobile 的网络连接已建立
FG301.CZCE fetched: 242
FG301.CZCE saved: 242
2026-04-19 19:41:25 -     INFO - 通知 : 与 wss://free-api.shinnytech.com/t/nfmd/front/mobile 的网络连接已建立
FG305.CZCE fetched: 243
FG305.CZCE saved: 243
2026-04-19 19:41:26 -     INFO - 通知 : 与 wss://free-api.shinnytech.com/t/nfmd/front/mobile 的网络连接已建立
FG309.CZCE fetched: 243
FG309.CZCE saved: 243
2026-04-19 19:41:27 -     INFO - 通知 : 与 wss://free-api.shinnytech.com/t/nfmd/front/mobile 的网络连接已建立
FG401.CZCE fetched: 242
FG401.CZCE saved: 242
2026-04-19 19:41:27 -     INFO - 通知 : 与 wss://free-api.shinnytech.com/t/nfmd/front/mobile 的网络连接已建立
FG405.CZCE fetched: 242
FG405.CZCE saved: 242
2026-04-19 19:41:28 -     INFO - 通知 : 与 wss://free-api.shinnytech.com/t/nfmd/front/mobile 的网络连接已建立
FG409.CZCE fetched: 242
FG409.CZCE saved: 242
2026-04-19 19:41:29 -     INFO - 通知 : 与 wss://free-api.shinnytech.com/t/nfmd/front/mobile 的网络连接已建立
FG501.CZCE fetched: 242
FG501.CZCE saved: 242
2026-04-19 19:41:30 -     INFO - 通知 : 与 wss://free-api.shinnytech.com/t/nfmd/front/mobile 的网络连接已建立
FG505.CZCE fetched: 242
FG505.CZCE saved: 242
2026-04-19 19:41:31 -     INFO - 通知 : 与 wss://free-api.shinnytech.com/t/nfmd/front/mobile 的网络连接已建立
FG509.CZCE fetched: 241
FG509.CZCE saved: 241
2026-04-19 19:41:32 -     INFO - 通知 : 与 wss://free-api.shinnytech.com/t/nfmd/front/mobile 的网络连接已建立
FG601.CZCE fetched: 243
FG601.CZCE saved: 243
2026-04-19 19:41:33 -     INFO - 通知 : 与 wss://free-api.shinnytech.com/t/nfmd/front/mobile 的网络连接已建立
FG605.CZCE fetched: 224
FG605.CZCE saved: 224
2026-04-19 19:41:33 -     INFO - 通知 : 与 wss://free-api.shinnytech.com/t/nfmd/front/mobile 的网络连接已建立
FG609.CZCE fetched: 141
FG609.CZCE saved: 141
2026-04-19 19:41:34 -     INFO - 通知 : 与 wss://free-api.shinnytech.com/t/nfmd/front/mobile 的网络连接已建立
SA005.CZCE fetched: 89
SA005.CZCE saved: 89
2026-04-19 19:41:35 -     INFO - 通知 : 与 wss://free-api.shinnytech.com/t/nfmd/front/mobile 的网络连接已建立
SA009.CZCE fetched: 171
SA009.CZCE saved: 171
2026-04-19 19:41:36 -     INFO - 通知 : 与 wss://free-api.shinnytech.com/t/nfmd/front/mobile 的网络连接已建立
SA101.CZCE fetched: 237
SA101.CZCE saved: 237
2026-04-19 19:41:37 -     INFO - 通知 : 与 wss://free-api.shinnytech.com/t/nfmd/front/mobile 的网络连接已建立
SA105.CZCE fetched: 243
SA105.CZCE saved: 243
2026-04-19 19:41:37 -     INFO - 通知 : 与 wss://free-api.shinnytech.com/t/nfmd/front/mobile 的网络连接已建立
SA109.CZCE fetched: 244
SA109.CZCE saved: 244
2026-04-19 19:41:38 -     INFO - 通知 : 与 wss://free-api.shinnytech.com/t/nfmd/front/mobile 的网络连接已建立
SA201.CZCE fetched: 243
SA201.CZCE saved: 243
2026-04-19 19:41:40 -     INFO - 通知 : 与 wss://free-api.shinnytech.com/t/nfmd/front/mobile 的网络连接已建立
SA205.CZCE fetched: 241
SA205.CZCE saved: 241
2026-04-19 19:41:41 -     INFO - 通知 : 与 wss://free-api.shinnytech.com/t/nfmd/front/mobile 的网络连接已建立
SA209.CZCE fetched: 242
SA209.CZCE saved: 242
2026-04-19 19:41:41 -     INFO - 通知 : 与 wss://free-api.shinnytech.com/t/nfmd/front/mobile 的网络连接已建立
SA301.CZCE fetched: 242
SA301.CZCE saved: 242
2026-04-19 19:41:43 -     INFO - 通知 : 与 wss://free-api.shinnytech.com/t/nfmd/front/mobile 的网络连接已建立
SA305.CZCE fetched: 243
SA305.CZCE saved: 243
2026-04-19 19:41:44 -     INFO - 通知 : 与 wss://free-api.shinnytech.com/t/nfmd/front/mobile 的网络连接已建立
SA309.CZCE fetched: 243
SA309.CZCE saved: 243
2026-04-19 19:41:46 -     INFO - 通知 : 与 wss://free-api.shinnytech.com/t/nfmd/front/mobile 的网络连接已建立
SA401.CZCE fetched: 242
SA401.CZCE saved: 242
2026-04-19 19:41:47 -     INFO - 通知 : 与 wss://free-api.shinnytech.com/t/nfmd/front/mobile 的网络连接已建立
SA405.CZCE fetched: 242
SA405.CZCE saved: 242
2026-04-19 19:41:48 -     INFO - 通知 : 与 wss://free-api.shinnytech.com/t/nfmd/front/mobile 的网络连接已建立
SA409.CZCE fetched: 242
SA409.CZCE saved: 242
2026-04-19 19:41:49 -     INFO - 通知 : 与 wss://free-api.shinnytech.com/t/nfmd/front/mobile 的网络连接已建立
SA501.CZCE fetched: 242
SA501.CZCE saved: 242
2026-04-19 19:41:50 -     INFO - 通知 : 与 wss://free-api.shinnytech.com/t/nfmd/front/mobile 的网络连接已建立
SA505.CZCE fetched: 242
SA505.CZCE saved: 242
2026-04-19 19:41:52 -     INFO - 通知 : 与 wss://free-api.shinnytech.com/t/nfmd/front/mobile 的网络连接已建立
SA509.CZCE fetched: 241
SA509.CZCE saved: 241
2026-04-19 19:41:53 -     INFO - 通知 : 与 wss://free-api.shinnytech.com/t/nfmd/front/mobile 的网络连接已建立
SA601.CZCE fetched: 243
SA601.CZCE saved: 243
2026-04-19 19:41:54 -     INFO - 通知 : 与 wss://free-api.shinnytech.com/t/nfmd/front/mobile 的网络连接已建立
SA605.CZCE fetched: 224
SA605.CZCE saved: 224
2026-04-19 19:41:55 -     INFO - 通知 : 与 wss://free-api.shinnytech.com/t/nfmd/front/mobile 的网络连接已建立
SA609.CZCE fetched: 141
SA609.CZCE saved: 141
2026-04-19 19:41:56 -     INFO - 通知 : 与 wss://free-api.shinnytech.com/t/nfmd/front/mobile 的网络连接已建立
SH405.CZCE fetched: 158
SH405.CZCE saved: 158
2026-04-19 19:41:58 -     INFO - 通知 : 与 wss://free-api.shinnytech.com/t/nfmd/front/mobile 的网络连接已建立
SH409.CZCE fetched: 242
SH409.CZCE saved: 242
2026-04-19 19:41:59 -     INFO - 通知 : 与 wss://free-api.shinnytech.com/t/nfmd/front/mobile 的网络连接已建立
SH501.CZCE fetched: 238
SH501.CZCE saved: 238
2026-04-19 19:42:00 -     INFO - 通知 : 与 wss://free-api.shinnytech.com/t/nfmd/front/mobile 的网络连接已建立
SH505.CZCE fetched: 241
SH505.CZCE saved: 241
2026-04-19 19:42:02 -     INFO - 通知 : 与 wss://free-api.shinnytech.com/t/nfmd/front/mobile 的网络连接已建立
SH509.CZCE fetched: 241
SH509.CZCE saved: 241
2026-04-19 19:42:03 -     INFO - 通知 : 与 wss://free-api.shinnytech.com/t/nfmd/front/mobile 的网络连接已建立
SH601.CZCE fetched: 243
SH601.CZCE saved: 243
2026-04-19 19:42:04 -     INFO - 通知 : 与 wss://free-api.shinnytech.com/t/nfmd/front/mobile 的网络连接已建立
SH603.CZCE fetched: 241
SH603.CZCE saved: 241
2026-04-19 19:42:05 -     INFO - 通知 : 与 wss://free-api.shinnytech.com/t/nfmd/front/mobile 的网络连接已建立
SH605.CZCE fetched: 224
SH605.CZCE saved: 224
2026-04-19 19:42:06 -     INFO - 通知 : 与 wss://free-api.shinnytech.com/t/nfmd/front/mobile 的网络连接已建立
SH607.CZCE fetched: 184
SH607.CZCE saved: 184
2026-04-19 19:42:07 -     INFO - 通知 : 与 wss://free-api.shinnytech.com/t/nfmd/front/mobile 的网络连接已建立
SM005.CZCE fetched: 89
SM005.CZCE saved: 89
2026-04-19 19:42:08 -     INFO - 通知 : 与 wss://free-api.shinnytech.com/t/nfmd/front/mobile 的网络连接已建立
SM009.CZCE fetched: 171
SM009.CZCE saved: 171
2026-04-19 19:42:10 -     INFO - 通知 : 与 wss://free-api.shinnytech.com/t/nfmd/front/mobile 的网络连接已建立
SM101.CZCE fetched: 243
SM101.CZCE saved: 243
2026-04-19 19:42:10 -     INFO - 通知 : 与 wss://free-api.shinnytech.com/t/nfmd/front/mobile 的网络连接已建立
SM105.CZCE fetched: 241
SM105.CZCE saved: 241
2026-04-19 19:42:12 -     INFO - 通知 : 与 wss://free-api.shinnytech.com/t/nfmd/front/mobile 的网络连接已建立
SM109.CZCE fetched: 244
SM109.CZCE saved: 244
2026-04-19 19:42:13 -     INFO - 通知 : 与 wss://free-api.shinnytech.com/t/nfmd/front/mobile 的网络连接已建立
SM201.CZCE fetched: 243
SM201.CZCE saved: 243
2026-04-19 19:42:14 -     INFO - 通知 : 与 wss://free-api.shinnytech.com/t/nfmd/front/mobile 的网络连接已建立
SM205.CZCE fetched: 239
SM205.CZCE saved: 239
2026-04-19 19:42:15 -     INFO - 通知 : 与 wss://free-api.shinnytech.com/t/nfmd/front/mobile 的网络连接已建立
SM209.CZCE fetched: 242
SM209.CZCE saved: 242
2026-04-19 19:42:17 -     INFO - 通知 : 与 wss://free-api.shinnytech.com/t/nfmd/front/mobile 的网络连接已建立
SM301.CZCE fetched: 240
SM301.CZCE saved: 240
2026-04-19 19:42:18 -     INFO - 通知 : 与 wss://free-api.shinnytech.com/t/nfmd/front/mobile 的网络连接已建立
SM305.CZCE fetched: 239
SM305.CZCE saved: 239
2026-04-19 19:42:19 -     INFO - 通知 : 与 wss://free-api.shinnytech.com/t/nfmd/front/mobile 的网络连接已建立
SM306.CZCE fetched: 240
SM306.CZCE saved: 240
2026-04-19 19:42:20 -     INFO - 通知 : 与 wss://free-api.shinnytech.com/t/nfmd/front/mobile 的网络连接已建立
SM307.CZCE fetched: 239
SM307.CZCE saved: 239
2026-04-19 19:42:21 -     INFO - 通知 : 与 wss://free-api.shinnytech.com/t/nfmd/front/mobile 的网络连接已建立
SM309.CZCE fetched: 243
SM309.CZCE saved: 243
2026-04-19 19:42:23 -     INFO - 通知 : 与 wss://free-api.shinnytech.com/t/nfmd/front/mobile 的网络连接已建立
SM310.CZCE fetched: 242
SM310.CZCE saved: 242
2026-04-19 19:42:24 -     INFO - 通知 : 与 wss://free-api.shinnytech.com/t/nfmd/front/mobile 的网络连接已建立
SM311.CZCE fetched: 242
SM311.CZCE saved: 242
2026-04-19 19:42:25 -     INFO - 通知 : 与 wss://free-api.shinnytech.com/t/nfmd/front/mobile 的网络连接已建立
SM312.CZCE fetched: 241
SM312.CZCE saved: 241
2026-04-19 19:42:26 -     INFO - 通知 : 与 wss://free-api.shinnytech.com/t/nfmd/front/mobile 的网络连接已建立
SM402.CZCE fetched: 235
SM402.CZCE saved: 235
2026-04-19 19:42:27 -     INFO - 通知 : 与 wss://free-api.shinnytech.com/t/nfmd/front/mobile 的网络连接已建立
SM403.CZCE fetched: 243
SM403.CZCE saved: 243
2026-04-19 19:42:29 -     INFO - 通知 : 与 wss://free-api.shinnytech.com/t/nfmd/front/mobile 的网络连接已建立
SM405.CZCE fetched: 242
SM405.CZCE saved: 242
2026-04-19 19:42:30 -     INFO - 通知 : 与 wss://free-api.shinnytech.com/t/nfmd/front/mobile 的网络连接已建立
SM409.CZCE fetched: 242
SM409.CZCE saved: 242
2026-04-19 19:42:31 -     INFO - 通知 : 与 wss://free-api.shinnytech.com/t/nfmd/front/mobile 的网络连接已建立
SM501.CZCE fetched: 242
SM501.CZCE saved: 242
2026-04-19 19:42:32 -     INFO - 通知 : 与 wss://free-api.shinnytech.com/t/nfmd/front/mobile 的网络连接已建立
SM505.CZCE fetched: 242
SM505.CZCE saved: 242
2026-04-19 19:42:33 -     INFO - 通知 : 与 wss://free-api.shinnytech.com/t/nfmd/front/mobile 的网络连接已建立
SM509.CZCE fetched: 241
SM509.CZCE saved: 241
2026-04-19 19:42:35 -     INFO - 通知 : 与 wss://free-api.shinnytech.com/t/nfmd/front/mobile 的网络连接已建立
SM601.CZCE fetched: 243
SM601.CZCE saved: 243
2026-04-19 19:42:36 -     INFO - 通知 : 与 wss://free-api.shinnytech.com/t/nfmd/front/mobile 的网络连接已建立
SM603.CZCE fetched: 241
SM603.CZCE saved: 241
2026-04-19 19:42:38 -     INFO - 通知 : 与 wss://free-api.shinnytech.com/t/nfmd/front/mobile 的网络连接已建立
SM605.CZCE fetched: 223
SM605.CZCE saved: 223
2026-04-19 19:42:38 -     INFO - 通知 : 与 wss://free-api.shinnytech.com/t/nfmd/front/mobile 的网络连接已建立
SM607.CZCE fetched: 183
SM607.CZCE saved: 183
2026-04-19 19:42:42 -     INFO - 通知 : 与 wss://free-api.shinnytech.com/t/nfmd/front/mobile 的网络连接已建立
a2005.DCE fetched: 89
a2005.DCE saved: 89
2026-04-19 19:42:50 -     INFO - 通知 : 与 wss://free-api.shinnytech.com/t/nfmd/front/mobile 的网络连接已建立
a2009.DCE fetched: 171
a2009.DCE saved: 171
2026-04-19 19:42:57 -     INFO - 通知 : 与 wss://free-api.shinnytech.com/t/nfmd/front/mobile 的网络连接已建立
a2101.DCE fetched: 243
a2101.DCE saved: 243
2026-04-19 19:43:04 -     INFO - 通知 : 与 wss://free-api.shinnytech.com/t/nfmd/front/mobile 的网络连接已建立
a2105.DCE fetched: 243
a2105.DCE saved: 243
2026-04-19 19:43:11 -     INFO - 通知 : 与 wss://free-api.shinnytech.com/t/nfmd/front/mobile 的网络连接已建立
a2109.DCE fetched: 244
a2109.DCE saved: 244
2026-04-19 19:43:18 -     INFO - 通知 : 与 wss://free-api.shinnytech.com/t/nfmd/front/mobile 的网络连接已建立
a2111.DCE fetched: 242
a2111.DCE saved: 242
2026-04-19 19:43:26 -     INFO - 通知 : 与 wss://free-api.shinnytech.com/t/nfmd/front/mobile 的网络连接已建立
a2201.DCE fetched: 243
a2201.DCE saved: 243
2026-04-19 19:43:33 -     INFO - 通知 : 与 wss://free-api.shinnytech.com/t/nfmd/front/mobile 的网络连接已建立
a2203.DCE fetched: 243
a2203.DCE saved: 243
2026-04-19 19:43:41 -     INFO - 通知 : 与 wss://free-api.shinnytech.com/t/nfmd/front/mobile 的网络连接已建立
a2207.DCE fetched: 242
a2207.DCE saved: 242
2026-04-19 19:43:47 -     INFO - 通知 : 与 wss://free-api.shinnytech.com/t/nfmd/front/mobile 的网络连接已建立
a2209.DCE fetched: 242
a2209.DCE saved: 242
2026-04-19 19:43:54 -     INFO - 通知 : 与 wss://free-api.shinnytech.com/t/nfmd/front/mobile 的网络连接已建立
a2211.DCE fetched: 243
a2211.DCE saved: 243
2026-04-19 19:44:02 -     INFO - 通知 : 与 wss://free-api.shinnytech.com/t/nfmd/front/mobile 的网络连接已建立
a2301.DCE fetched: 242
a2301.DCE saved: 242
2026-04-19 19:44:09 -     INFO - 通知 : 与 wss://free-api.shinnytech.com/t/nfmd/front/mobile 的网络连接已建立
a2305.DCE fetched: 243
a2305.DCE saved: 243
2026-04-19 19:44:16 -     INFO - 通知 : 与 wss://free-api.shinnytech.com/t/nfmd/front/mobile 的网络连接已建立
a2307.DCE fetched: 243
a2307.DCE saved: 243
2026-04-19 19:44:23 -     INFO - 通知 : 与 wss://free-api.shinnytech.com/t/nfmd/front/mobile 的网络连接已建立
a2309.DCE fetched: 243
a2309.DCE saved: 243
2026-04-19 19:44:31 -     INFO - 通知 : 与 wss://free-api.shinnytech.com/t/nfmd/front/mobile 的网络连接已建立
a2311.DCE fetched: 243
a2311.DCE saved: 243
2026-04-19 19:44:37 -     INFO - 通知 : 与 wss://free-api.shinnytech.com/t/nfmd/front/mobile 的网络连接已建立
a2401.DCE fetched: 242
a2401.DCE saved: 242
2026-04-19 19:44:45 -     INFO - 通知 : 与 wss://free-api.shinnytech.com/t/nfmd/front/mobile 的网络连接已建立
a2403.DCE fetched: 243
a2403.DCE saved: 243
2026-04-19 19:44:52 -     INFO - 通知 : 与 wss://free-api.shinnytech.com/t/nfmd/front/mobile 的网络连接已建立
a2405.DCE fetched: 242
a2405.DCE saved: 242
2026-04-19 19:45:00 -     INFO - 通知 : 与 wss://free-api.shinnytech.com/t/nfmd/front/mobile 的网络连接已建立
a2407.DCE fetched: 241
a2407.DCE saved: 241
2026-04-19 19:45:06 -     INFO - 通知 : 与 wss://free-api.shinnytech.com/t/nfmd/front/mobile 的网络连接已建立
a2409.DCE fetched: 242
a2409.DCE saved: 242
2026-04-19 19:45:13 -     INFO - 通知 : 与 wss://free-api.shinnytech.com/t/nfmd/front/mobile 的网络连接已建立
a2501.DCE fetched: 242
a2501.DCE saved: 242
2026-04-19 19:45:21 -     INFO - 通知 : 与 wss://free-api.shinnytech.com/t/nfmd/front/mobile 的网络连接已建立
a2505.DCE fetched: 242
a2505.DCE saved: 242
2026-04-19 19:45:28 -     INFO - 通知 : 与 wss://free-api.shinnytech.com/t/nfmd/front/mobile 的网络连接已建立
a2507.DCE fetched: 242
a2507.DCE saved: 242
2026-04-19 19:45:35 -     INFO - 通知 : 与 wss://free-api.shinnytech.com/t/nfmd/front/mobile 的网络连接已建立
a2509.DCE fetched: 241
a2509.DCE saved: 241
2026-04-19 19:45:42 -     INFO - 通知 : 与 wss://free-api.shinnytech.com/t/nfmd/front/mobile 的网络连接已建立
a2511.DCE fetched: 243
a2511.DCE saved: 243
2026-04-19 19:45:49 -     INFO - 通知 : 与 wss://free-api.shinnytech.com/t/nfmd/front/mobile 的网络连接已建立
a2601.DCE fetched: 243
a2601.DCE saved: 243
2026-04-19 19:45:57 -     INFO - 通知 : 与 wss://free-api.shinnytech.com/t/nfmd/front/mobile 的网络连接已建立
a2605.DCE fetched: 224
a2605.DCE saved: 224
2026-04-19 19:46:04 -     INFO - 通知 : 与 wss://free-api.shinnytech.com/t/nfmd/front/mobile 的网络连接已建立
a2607.DCE fetched: 185
a2607.DCE saved: 185
2026-04-19 19:46:11 -     INFO - 通知 : 与 wss://free-api.shinnytech.com/t/nfmd/front/mobile 的网络连接已建立
al2002.SHFE fetched: 27
al2002.SHFE saved: 27
2026-04-19 19:46:18 -     INFO - 通知 : 与 wss://free-api.shinnytech.com/t/nfmd/front/mobile 的网络连接已建立
al2003.SHFE fetched: 47
al2003.SHFE saved: 47
2026-04-19 19:46:26 -     INFO - 通知 : 与 wss://free-api.shinnytech.com/t/nfmd/front/mobile 的网络连接已建立
al2004.SHFE fetched: 68
al2004.SHFE saved: 68
2026-04-19 19:46:32 -     INFO - 通知 : 与 wss://free-api.shinnytech.com/t/nfmd/front/mobile 的网络连接已建立
al2005.SHFE fetched: 87
al2005.SHFE saved: 87
2026-04-19 19:46:40 -     INFO - 通知 : 与 wss://free-api.shinnytech.com/t/nfmd/front/mobile 的网络连接已建立
al2006.SHFE fetched: 108
al2006.SHFE saved: 108
2026-04-19 19:46:47 -     INFO - 通知 : 与 wss://free-api.shinnytech.com/t/nfmd/front/mobile 的网络连接已建立
al2007.SHFE fetched: 128
al2007.SHFE saved: 128
2026-04-19 19:46:55 -     INFO - 通知 : 与 wss://free-api.shinnytech.com/t/nfmd/front/mobile 的网络连接已建立
al2008.SHFE fetched: 151
al2008.SHFE saved: 151
2026-04-19 19:47:01 -     INFO - 通知 : 与 wss://free-api.shinnytech.com/t/nfmd/front/mobile 的网络连接已建立
al2009.SHFE fetched: 172
al2009.SHFE saved: 172
2026-04-19 19:47:09 -     INFO - 通知 : 与 wss://free-api.shinnytech.com/t/nfmd/front/mobile 的网络连接已建立
al2010.SHFE fetched: 188
al2010.SHFE saved: 188
2026-04-19 19:47:16 -     INFO - 通知 : 与 wss://free-api.shinnytech.com/t/nfmd/front/mobile 的网络连接已建立
al2011.SHFE fetched: 210
al2011.SHFE saved: 210
2026-04-19 19:47:23 -     INFO - 通知 : 与 wss://free-api.shinnytech.com/t/nfmd/front/mobile 的网络连接已建立
al2012.SHFE fetched: 231
al2012.SHFE saved: 231
2026-04-19 19:47:30 -     INFO - 通知 : 与 wss://free-api.shinnytech.com/t/nfmd/front/mobile 的网络连接已建立
al2101.SHFE fetched: 243
al2101.SHFE saved: 243
2026-04-19 19:47:38 -     INFO - 通知 : 与 wss://free-api.shinnytech.com/t/nfmd/front/mobile 的网络连接已建立
al2102.SHFE fetched: 241
al2102.SHFE saved: 241
2026-04-19 19:47:45 -     INFO - 通知 : 与 wss://free-api.shinnytech.com/t/nfmd/front/mobile 的网络连接已建立
al2103.SHFE fetched: 241
al2103.SHFE saved: 241
2026-04-19 19:47:52 -     INFO - 通知 : 与 wss://free-api.shinnytech.com/t/nfmd/front/mobile 的网络连接已建立
al2104.SHFE fetched: 243
al2104.SHFE saved: 243
2026-04-19 19:47:59 -     INFO - 通知 : 与 wss://free-api.shinnytech.com/t/nfmd/front/mobile 的网络连接已建立
al2105.SHFE fetched: 243
al2105.SHFE saved: 243
2026-04-19 19:48:06 -     INFO - 通知 : 与 wss://free-api.shinnytech.com/t/nfmd/front/mobile 的网络连接已建立
al2106.SHFE fetched: 242
al2106.SHFE saved: 242
2026-04-19 19:48:14 -     INFO - 通知 : 与 wss://free-api.shinnytech.com/t/nfmd/front/mobile 的网络连接已建立
al2107.SHFE fetched: 244
al2107.SHFE saved: 244
2026-04-19 19:48:21 -     INFO - 通知 : 与 wss://free-api.shinnytech.com/t/nfmd/front/mobile 的网络连接已建立
al2108.SHFE fetched: 243
al2108.SHFE saved: 243
2026-04-19 19:48:29 -     INFO - 通知 : 与 wss://free-api.shinnytech.com/t/nfmd/front/mobile 的网络连接已建立
al2109.SHFE fetched: 244
al2109.SHFE saved: 244
2026-04-19 19:48:36 -     INFO - 通知 : 与 wss://free-api.shinnytech.com/t/nfmd/front/mobile 的网络连接已建立
al2110.SHFE fetched: 243
al2110.SHFE saved: 243
2026-04-19 19:48:43 -     INFO - 通知 : 与 wss://free-api.shinnytech.com/t/nfmd/front/mobile 的网络连接已建立
al2111.SHFE fetched: 242
al2111.SHFE saved: 242
2026-04-19 19:48:49 -     INFO - 通知 : 与 wss://free-api.shinnytech.com/t/nfmd/front/mobile 的网络连接已建立
al2112.SHFE fetched: 243
al2112.SHFE saved: 243
2026-04-19 19:48:57 -     INFO - 通知 : 与 wss://free-api.shinnytech.com/t/nfmd/front/mobile 的网络连接已建立
al2201.SHFE fetched: 243
al2201.SHFE saved: 243
2026-04-19 19:49:04 -     INFO - 通知 : 与 wss://free-api.shinnytech.com/t/nfmd/front/mobile 的网络连接已建立
al2202.SHFE fetched: 244
al2202.SHFE saved: 244
2026-04-19 19:49:11 -     INFO - 通知 : 与 wss://free-api.shinnytech.com/t/nfmd/front/mobile 的网络连接已建立
al2203.SHFE fetched: 243
al2203.SHFE saved: 243
2026-04-19 19:49:19 -     INFO - 通知 : 与 wss://free-api.shinnytech.com/t/nfmd/front/mobile 的网络连接已建立
al2204.SHFE fetched: 242
al2204.SHFE saved: 242
2026-04-19 19:49:25 -     INFO - 通知 : 与 wss://free-api.shinnytech.com/t/nfmd/front/mobile 的网络连接已建立
al2205.SHFE fetched: 241
al2205.SHFE saved: 241
2026-04-19 19:49:33 -     INFO - 通知 : 与 wss://free-api.shinnytech.com/t/nfmd/front/mobile 的网络连接已建立
al2206.SHFE fetched: 242
al2206.SHFE saved: 242
2026-04-19 19:49:40 -     INFO - 通知 : 与 wss://free-api.shinnytech.com/t/nfmd/front/mobile 的网络连接已建立
al2207.SHFE fetched: 242
al2207.SHFE saved: 242
2026-04-19 19:49:47 -     INFO - 通知 : 与 wss://free-api.shinnytech.com/t/nfmd/front/mobile 的网络连接已建立
al2208.SHFE fetched: 241
al2208.SHFE saved: 241
2026-04-19 19:49:55 -     INFO - 通知 : 与 wss://free-api.shinnytech.com/t/nfmd/front/mobile 的网络连接已建立
al2209.SHFE fetched: 241
al2209.SHFE saved: 241
2026-04-19 19:50:01 -     INFO - 通知 : 与 wss://free-api.shinnytech.com/t/nfmd/front/mobile 的网络连接已建立
al2210.SHFE fetched: 243
al2210.SHFE saved: 243
2026-04-19 19:50:09 -     INFO - 通知 : 与 wss://free-api.shinnytech.com/t/nfmd/front/mobile 的网络连接已建立
al2211.SHFE fetched: 243
al2211.SHFE saved: 243
2026-04-19 19:50:16 -     INFO - 通知 : 与 wss://free-api.shinnytech.com/t/nfmd/front/mobile 的网络连接已建立
al2212.SHFE fetched: 243
al2212.SHFE saved: 243
2026-04-19 19:50:23 -     INFO - 通知 : 与 wss://free-api.shinnytech.com/t/nfmd/front/mobile 的网络连接已建立
al2301.SHFE fetched: 242
al2301.SHFE saved: 242
2026-04-19 19:50:30 -     INFO - 通知 : 与 wss://free-api.shinnytech.com/t/nfmd/front/mobile 的网络连接已建立
al2302.SHFE fetched: 243
al2302.SHFE saved: 243
2026-04-19 19:50:37 -     INFO - 通知 : 与 wss://free-api.shinnytech.com/t/nfmd/front/mobile 的网络连接已建立
al2303.SHFE fetched: 243
al2303.SHFE saved: 243
2026-04-19 19:50:45 -     INFO - 通知 : 与 wss://free-api.shinnytech.com/t/nfmd/front/mobile 的网络连接已建立
al2304.SHFE fetched: 244
al2304.SHFE saved: 244
2026-04-19 19:50:52 -     INFO - 通知 : 与 wss://free-api.shinnytech.com/t/nfmd/front/mobile 的网络连接已建立
al2305.SHFE fetched: 243
al2305.SHFE saved: 243
2026-04-19 19:50:59 -     INFO - 通知 : 与 wss://free-api.shinnytech.com/t/nfmd/front/mobile 的网络连接已建立
al2306.SHFE fetched: 245
al2306.SHFE saved: 245
2026-04-19 19:51:06 -     INFO - 通知 : 与 wss://free-api.shinnytech.com/t/nfmd/front/mobile 的网络连接已建立
al2307.SHFE fetched: 243
al2307.SHFE saved: 243
2026-04-19 19:51:13 -     INFO - 通知 : 与 wss://free-api.shinnytech.com/t/nfmd/front/mobile 的网络连接已建立
al2308.SHFE fetched: 243
al2308.SHFE saved: 243
2026-04-19 19:51:21 -     INFO - 通知 : 与 wss://free-api.shinnytech.com/t/nfmd/front/mobile 的网络连接已建立
al2309.SHFE fetched: 244
al2309.SHFE saved: 244
2026-04-19 19:51:28 -     INFO - 通知 : 与 wss://free-api.shinnytech.com/t/nfmd/front/mobile 的网络连接已建立
al2310.SHFE fetched: 242
al2310.SHFE saved: 242
2026-04-19 19:51:35 -     INFO - 通知 : 与 wss://free-api.shinnytech.com/t/nfmd/front/mobile 的网络连接已建立
al2311.SHFE fetched: 243
al2311.SHFE saved: 243
2026-04-19 19:51:43 -     INFO - 通知 : 与 wss://free-api.shinnytech.com/t/nfmd/front/mobile 的网络连接已建立
al2312.SHFE fetched: 243
al2312.SHFE saved: 243
2026-04-19 19:51:49 -     INFO - 通知 : 与 wss://free-api.shinnytech.com/t/nfmd/front/mobile 的网络连接已建立
al2401.SHFE fetched: 242
al2401.SHFE saved: 242
2026-04-19 19:51:57 -     INFO - 通知 : 与 wss://free-api.shinnytech.com/t/nfmd/front/mobile 的网络连接已建立
al2402.SHFE fetched: 244
al2402.SHFE saved: 244
2026-04-19 19:52:04 -     INFO - 通知 : 与 wss://free-api.shinnytech.com/t/nfmd/front/mobile 的网络连接已建立
al2403.SHFE fetched: 243
al2403.SHFE saved: 243
2026-04-19 19:52:11 -     INFO - 通知 : 与 wss://free-api.shinnytech.com/t/nfmd/front/mobile 的网络连接已建立
al2404.SHFE fetched: 240
al2404.SHFE saved: 240
2026-04-19 19:52:19 -     INFO - 通知 : 与 wss://free-api.shinnytech.com/t/nfmd/front/mobile 的网络连接已建立
al2405.SHFE fetched: 242
al2405.SHFE saved: 242
2026-04-19 19:52:25 -     INFO - 通知 : 与 wss://free-api.shinnytech.com/t/nfmd/front/mobile 的网络连接已建立
al2406.SHFE fetched: 241
al2406.SHFE saved: 241
2026-04-19 19:52:33 -     INFO - 通知 : 与 wss://free-api.shinnytech.com/t/nfmd/front/mobile 的网络连接已建立
al2407.SHFE fetched: 241
al2407.SHFE saved: 241
2026-04-19 19:52:40 -     INFO - 通知 : 与 wss://free-api.shinnytech.com/t/nfmd/front/mobile 的网络连接已建立
al2408.SHFE fetched: 243
al2408.SHFE saved: 243
2026-04-19 19:52:47 -     INFO - 通知 : 与 wss://free-api.shinnytech.com/t/nfmd/front/mobile 的网络连接已建立
al2409.SHFE fetched: 242
al2409.SHFE saved: 242
2026-04-19 19:52:55 -     INFO - 通知 : 与 wss://free-api.shinnytech.com/t/nfmd/front/mobile 的网络连接已建立
al2410.SHFE fetched: 241
al2410.SHFE saved: 241
2026-04-19 19:53:02 -     INFO - 通知 : 与 wss://free-api.shinnytech.com/t/nfmd/front/mobile 的网络连接已建立
al2411.SHFE fetched: 242
al2411.SHFE saved: 242
2026-04-19 19:53:08 -     INFO - 通知 : 与 wss://free-api.shinnytech.com/t/nfmd/front/mobile 的网络连接已建立
al2412.SHFE fetched: 241
al2412.SHFE saved: 241
2026-04-19 19:53:16 -     INFO - 通知 : 与 wss://free-api.shinnytech.com/t/nfmd/front/mobile 的网络连接已建立
al2501.SHFE fetched: 242
al2501.SHFE saved: 242
2026-04-19 19:53:23 -     INFO - 通知 : 与 wss://free-api.shinnytech.com/t/nfmd/front/mobile 的网络连接已建立
al2502.SHFE fetched: 240
al2502.SHFE saved: 240
2026-04-19 19:53:31 -     INFO - 通知 : 与 wss://free-api.shinnytech.com/t/nfmd/front/mobile 的网络连接已建立
al2503.SHFE fetched: 241
al2503.SHFE saved: 241
2026-04-19 19:53:37 -     INFO - 通知 : 与 wss://free-api.shinnytech.com/t/nfmd/front/mobile 的网络连接已建立
al2504.SHFE fetched: 242
al2504.SHFE saved: 242
2026-04-19 19:53:44 -     INFO - 通知 : 与 wss://free-api.shinnytech.com/t/nfmd/front/mobile 的网络连接已建立
al2505.SHFE fetched: 242
al2505.SHFE saved: 242
2026-04-19 19:53:52 -     INFO - 通知 : 与 wss://free-api.shinnytech.com/t/nfmd/front/mobile 的网络连接已建立
al2506.SHFE fetched: 241
al2506.SHFE saved: 241
2026-04-19 19:53:59 -     INFO - 通知 : 与 wss://free-api.shinnytech.com/t/nfmd/front/mobile 的网络连接已建立
al2507.SHFE fetched: 242
al2507.SHFE saved: 242
2026-04-19 19:54:07 -     INFO - 通知 : 与 wss://free-api.shinnytech.com/t/nfmd/front/mobile 的网络连接已建立
al2508.SHFE fetched: 242
al2508.SHFE saved: 242
2026-04-19 19:54:13 -     INFO - 通知 : 与 wss://free-api.shinnytech.com/t/nfmd/front/mobile 的网络连接已建立
al2509.SHFE fetched: 241
al2509.SHFE saved: 241
2026-04-19 19:54:21 -     INFO - 通知 : 与 wss://free-api.shinnytech.com/t/nfmd/front/mobile 的网络连接已建立
al2510.SHFE fetched: 243
al2510.SHFE saved: 243
2026-04-19 19:54:28 -     INFO - 通知 : 与 wss://free-api.shinnytech.com/t/nfmd/front/mobile 的网络连接已建立
al2511.SHFE fetched: 243
al2511.SHFE saved: 243
2026-04-19 19:54:35 -     INFO - 通知 : 与 wss://free-api.shinnytech.com/t/nfmd/front/mobile 的网络连接已建立
al2512.SHFE fetched: 242
al2512.SHFE saved: 242
2026-04-19 19:54:43 -     INFO - 通知 : 与 wss://free-api.shinnytech.com/t/nfmd/front/mobile 的网络连接已建立
al2601.SHFE fetched: 242
al2601.SHFE saved: 242
2026-04-19 19:54:49 -     INFO - 通知 : 与 wss://free-api.shinnytech.com/t/nfmd/front/mobile 的网络连接已建立
al2602.SHFE fetched: 247
al2602.SHFE saved: 247
2026-04-19 19:54:57 -     INFO - 通知 : 与 wss://free-api.shinnytech.com/t/nfmd/front/mobile 的网络连接已建立
al2603.SHFE fetched: 241
al2603.SHFE saved: 241
2026-04-19 19:55:04 -     INFO - 通知 : 与 wss://free-api.shinnytech.com/t/nfmd/front/mobile 的网络连接已建立
al2604.SHFE fetched: 242
al2604.SHFE saved: 242
2026-04-19 19:55:12 -     INFO - 通知 : 与 wss://free-api.shinnytech.com/t/nfmd/front/mobile 的网络连接已建立
al2605.SHFE fetched: 226
al2605.SHFE saved: 226
2026-04-19 19:55:18 -     INFO - 通知 : 与 wss://free-api.shinnytech.com/t/nfmd/front/mobile 的网络连接已建立
al2606.SHFE fetched: 205
al2606.SHFE saved: 205
2026-04-19 19:55:25 -     INFO - 通知 : 与 wss://free-api.shinnytech.com/t/nfmd/front/mobile 的网络连接已建立
hc2005.SHFE fetched: 87
hc2005.SHFE saved: 87
2026-04-19 19:55:33 -     INFO - 通知 : 与 wss://free-api.shinnytech.com/t/nfmd/front/mobile 的网络连接已建立
hc2010.SHFE fetched: 188
hc2010.SHFE saved: 188
2026-04-19 19:55:40 -     INFO - 通知 : 与 wss://free-api.shinnytech.com/t/nfmd/front/mobile 的网络连接已建立
hc2101.SHFE fetched: 243
hc2101.SHFE saved: 243
2026-04-19 19:55:47 -     INFO - 通知 : 与 wss://free-api.shinnytech.com/t/nfmd/front/mobile 的网络连接已建立
hc2105.SHFE fetched: 243
hc2105.SHFE saved: 243
2026-04-19 19:55:54 -     INFO - 通知 : 与 wss://free-api.shinnytech.com/t/nfmd/front/mobile 的网络连接已建立
hc2110.SHFE fetched: 243
hc2110.SHFE saved: 243
2026-04-19 19:56:02 -     INFO - 通知 : 与 wss://free-api.shinnytech.com/t/nfmd/front/mobile 的网络连接已建立
hc2201.SHFE fetched: 243
hc2201.SHFE saved: 243
2026-04-19 19:56:09 -     INFO - 通知 : 与 wss://free-api.shinnytech.com/t/nfmd/front/mobile 的网络连接已建立
hc2205.SHFE fetched: 241
hc2205.SHFE saved: 241
2026-04-19 19:56:16 -     INFO - 通知 : 与 wss://free-api.shinnytech.com/t/nfmd/front/mobile 的网络连接已建立
hc2210.SHFE fetched: 243
hc2210.SHFE saved: 243
2026-04-19 19:56:23 -     INFO - 通知 : 与 wss://free-api.shinnytech.com/t/nfmd/front/mobile 的网络连接已建立
hc2301.SHFE fetched: 242
hc2301.SHFE saved: 242
2026-04-19 19:56:30 -     INFO - 通知 : 与 wss://free-api.shinnytech.com/t/nfmd/front/mobile 的网络连接已建立
hc2305.SHFE fetched: 243
hc2305.SHFE saved: 243
2026-04-19 19:56:38 -     INFO - 通知 : 与 wss://free-api.shinnytech.com/t/nfmd/front/mobile 的网络连接已建立
hc2310.SHFE fetched: 242
hc2310.SHFE saved: 242
2026-04-19 19:56:45 -     INFO - 通知 : 与 wss://free-api.shinnytech.com/t/nfmd/front/mobile 的网络连接已建立
hc2401.SHFE fetched: 242
hc2401.SHFE saved: 242
2026-04-19 19:56:52 -     INFO - 通知 : 与 wss://free-api.shinnytech.com/t/nfmd/front/mobile 的网络连接已建立
hc2405.SHFE fetched: 242
hc2405.SHFE saved: 242
2026-04-19 19:57:00 -     INFO - 通知 : 与 wss://free-api.shinnytech.com/t/nfmd/front/mobile 的网络连接已建立
hc2410.SHFE fetched: 241
hc2410.SHFE saved: 241
2026-04-19 19:57:06 -     INFO - 通知 : 与 wss://free-api.shinnytech.com/t/nfmd/front/mobile 的网络连接已建立
hc2501.SHFE fetched: 242
hc2501.SHFE saved: 242
2026-04-19 19:57:13 -     INFO - 通知 : 与 wss://free-api.shinnytech.com/t/nfmd/front/mobile 的网络连接已建立
hc2505.SHFE fetched: 242
hc2505.SHFE saved: 242
2026-04-19 19:57:21 -     INFO - 通知 : 与 wss://free-api.shinnytech.com/t/nfmd/front/mobile 的网络连接已建立
hc2510.SHFE fetched: 243
hc2510.SHFE saved: 243
2026-04-19 19:57:28 -     INFO - 通知 : 与 wss://free-api.shinnytech.com/t/nfmd/front/mobile 的网络连接已建立
hc2601.SHFE fetched: 242
hc2601.SHFE saved: 242
2026-04-19 19:57:35 -     INFO - 通知 : 与 wss://free-api.shinnytech.com/t/nfmd/front/mobile 的网络连接已建立
hc2605.SHFE fetched: 226
hc2605.SHFE saved: 226
2026-04-19 19:57:43 -     INFO - 通知 : 与 wss://free-api.shinnytech.com/t/nfmd/front/mobile 的网络连接已建立
hc2610.SHFE fetched: 124
hc2610.SHFE saved: 124
2026-04-19 19:57:49 -     INFO - 通知 : 与 wss://free-api.shinnytech.com/t/nfmd/front/mobile 的网络连接已建立
j2005.DCE fetched: 89
j2005.DCE saved: 89
2026-04-19 19:57:57 -     INFO - 通知 : 与 wss://free-api.shinnytech.com/t/nfmd/front/mobile 的网络连接已建立
j2009.DCE fetched: 171
j2009.DCE saved: 171
2026-04-19 19:58:04 -     INFO - 通知 : 与 wss://free-api.shinnytech.com/t/nfmd/front/mobile 的网络连接已建立
j2101.DCE fetched: 243
j2101.DCE saved: 243
2026-04-19 19:58:11 -     INFO - 通知 : 与 wss://free-api.shinnytech.com/t/nfmd/front/mobile 的网络连接已建立
j2105.DCE fetched: 243
j2105.DCE saved: 243
2026-04-19 19:58:18 -     INFO - 通知 : 与 wss://free-api.shinnytech.com/t/nfmd/front/mobile 的网络连接已建立
j2109.DCE fetched: 244
j2109.DCE saved: 244
2026-04-19 19:58:26 -     INFO - 通知 : 与 wss://free-api.shinnytech.com/t/nfmd/front/mobile 的网络连接已建立
j2201.DCE fetched: 243
j2201.DCE saved: 243
2026-04-19 19:58:33 -     INFO - 通知 : 与 wss://free-api.shinnytech.com/t/nfmd/front/mobile 的网络连接已建立
j2205.DCE fetched: 241
j2205.DCE saved: 241
2026-04-19 19:58:40 -     INFO - 通知 : 与 wss://free-api.shinnytech.com/t/nfmd/front/mobile 的网络连接已建立
j2209.DCE fetched: 242
j2209.DCE saved: 242
2026-04-19 19:58:47 -     INFO - 通知 : 与 wss://free-api.shinnytech.com/t/nfmd/front/mobile 的网络连接已建立
j2301.DCE fetched: 242
j2301.DCE saved: 242
2026-04-19 19:58:54 -     INFO - 通知 : 与 wss://free-api.shinnytech.com/t/nfmd/front/mobile 的网络连接已建立
j2305.DCE fetched: 243
j2305.DCE saved: 243
2026-04-19 19:59:01 -     INFO - 通知 : 与 wss://free-api.shinnytech.com/t/nfmd/front/mobile 的网络连接已建立
j2309.DCE fetched: 243
j2309.DCE saved: 243
2026-04-19 19:59:09 -     INFO - 通知 : 与 wss://free-api.shinnytech.com/t/nfmd/front/mobile 的网络连接已建立
j2401.DCE fetched: 242
j2401.DCE saved: 242
2026-04-19 19:59:16 -     INFO - 通知 : 与 wss://free-api.shinnytech.com/t/nfmd/front/mobile 的网络连接已建立
j2405.DCE fetched: 242
j2405.DCE saved: 242
2026-04-19 19:59:24 -     INFO - 通知 : 与 wss://free-api.shinnytech.com/t/nfmd/front/mobile 的网络连接已建立
j2409.DCE fetched: 242
j2409.DCE saved: 242
2026-04-19 19:59:30 -     INFO - 通知 : 与 wss://free-api.shinnytech.com/t/nfmd/front/mobile 的网络连接已建立
j2501.DCE fetched: 242
j2501.DCE saved: 242
2026-04-19 19:59:37 -     INFO - 通知 : 与 wss://free-api.shinnytech.com/t/nfmd/front/mobile 的网络连接已建立
j2505.DCE fetched: 242
j2505.DCE saved: 242
2026-04-19 19:59:45 -     INFO - 通知 : 与 wss://free-api.shinnytech.com/t/nfmd/front/mobile 的网络连接已建立
j2509.DCE fetched: 241
j2509.DCE saved: 241
2026-04-19 19:59:52 -     INFO - 通知 : 与 wss://free-api.shinnytech.com/t/nfmd/front/mobile 的网络连接已建立
j2601.DCE fetched: 243
j2601.DCE saved: 243
2026-04-19 20:00:00 -     INFO - 通知 : 与 wss://free-api.shinnytech.com/t/nfmd/front/mobile 的网络连接已建立
j2605.DCE fetched: 224
j2605.DCE saved: 224
2026-04-19 20:00:07 -     INFO - 通知 : 与 wss://free-api.shinnytech.com/t/nfmd/front/mobile 的网络连接已建立
jm2005.DCE fetched: 89
jm2005.DCE saved: 89
2026-04-19 20:00:14 -     INFO - 通知 : 与 wss://free-api.shinnytech.com/t/nfmd/front/mobile 的网络连接已建立
jm2009.DCE fetched: 171
jm2009.DCE saved: 171
2026-04-19 20:00:21 -     INFO - 通知 : 与 wss://free-api.shinnytech.com/t/nfmd/front/mobile 的网络连接已建立
jm2101.DCE fetched: 243
jm2101.DCE saved: 243
2026-04-19 20:00:28 -     INFO - 通知 : 与 wss://free-api.shinnytech.com/t/nfmd/front/mobile 的网络连接已建立
jm2105.DCE fetched: 243
jm2105.DCE saved: 243
2026-04-19 20:00:35 -     INFO - 通知 : 与 wss://free-api.shinnytech.com/t/nfmd/front/mobile 的网络连接已建立
jm2109.DCE fetched: 244
jm2109.DCE saved: 244
2026-04-19 20:00:42 -     INFO - 通知 : 与 wss://free-api.shinnytech.com/t/nfmd/front/mobile 的网络连接已建立
jm2201.DCE fetched: 243
jm2201.DCE saved: 243
2026-04-19 20:00:50 -     INFO - 通知 : 与 wss://free-api.shinnytech.com/t/nfmd/front/mobile 的网络连接已建立
jm2205.DCE fetched: 241
jm2205.DCE saved: 241
2026-04-19 20:00:57 -     INFO - 通知 : 与 wss://free-api.shinnytech.com/t/nfmd/front/mobile 的网络连接已建立
jm2209.DCE fetched: 242
jm2209.DCE saved: 242
2026-04-19 20:01:04 -     INFO - 通知 : 与 wss://free-api.shinnytech.com/t/nfmd/front/mobile 的网络连接已建立
jm2301.DCE fetched: 242
jm2301.DCE saved: 242
2026-04-19 20:01:11 -     INFO - 通知 : 与 wss://free-api.shinnytech.com/t/nfmd/front/mobile 的网络连接已建立
jm2305.DCE fetched: 243
jm2305.DCE saved: 243
2026-04-19 20:01:18 -     INFO - 通知 : 与 wss://free-api.shinnytech.com/t/nfmd/front/mobile 的网络连接已建立
jm2309.DCE fetched: 243
jm2309.DCE saved: 243
2026-04-19 20:01:26 -     INFO - 通知 : 与 wss://free-api.shinnytech.com/t/nfmd/front/mobile 的网络连接已建立
jm2401.DCE fetched: 242
jm2401.DCE saved: 242
2026-04-19 20:01:33 -     INFO - 通知 : 与 wss://free-api.shinnytech.com/t/nfmd/front/mobile 的网络连接已建立
jm2405.DCE fetched: 242
jm2405.DCE saved: 242
2026-04-19 20:01:40 -     INFO - 通知 : 与 wss://free-api.shinnytech.com/t/nfmd/front/mobile 的网络连接已建立
jm2409.DCE fetched: 242
jm2409.DCE saved: 242
2026-04-19 20:01:48 -     INFO - 通知 : 与 wss://free-api.shinnytech.com/t/nfmd/front/mobile 的网络连接已建立
jm2501.DCE fetched: 242
jm2501.DCE saved: 242
2026-04-19 20:01:54 -     INFO - 通知 : 与 wss://free-api.shinnytech.com/t/nfmd/front/mobile 的网络连接已建立
jm2505.DCE fetched: 242
jm2505.DCE saved: 242
2026-04-19 20:02:03 -     INFO - 通知 : 与 wss://free-api.shinnytech.com/t/nfmd/front/mobile 的网络连接已建立
jm2509.DCE fetched: 241
jm2509.DCE saved: 241
2026-04-19 20:02:09 -     INFO - 通知 : 与 wss://free-api.shinnytech.com/t/nfmd/front/mobile 的网络连接已建立
jm2601.DCE fetched: 243
jm2601.DCE saved: 243
2026-04-19 20:02:16 -     INFO - 通知 : 与 wss://free-api.shinnytech.com/t/nfmd/front/mobile 的网络连接已建立
jm2605.DCE fetched: 224
jm2605.DCE saved: 224
2026-04-19 20:02:23 -     INFO - 通知 : 与 wss://free-api.shinnytech.com/t/nfmd/front/mobile 的网络连接已建立
jm2609.DCE fetched: 141
jm2609.DCE saved: 141
2026-04-19 20:02:30 -     INFO - 通知 : 与 wss://free-api.shinnytech.com/t/nfmd/front/mobile 的网络连接已建立
lc2401.GFEX fetched: 120
lc2401.GFEX saved: 120
2026-04-19 20:02:38 -     INFO - 通知 : 与 wss://free-api.shinnytech.com/t/nfmd/front/mobile 的网络连接已建立
lc2407.GFEX fetched: 237
lc2407.GFEX saved: 237
2026-04-19 20:02:45 -     INFO - 通知 : 与 wss://free-api.shinnytech.com/t/nfmd/front/mobile 的网络连接已建立
lc2411.GFEX fetched: 242
lc2411.GFEX saved: 242
2026-04-19 20:02:52 -     INFO - 通知 : 与 wss://free-api.shinnytech.com/t/nfmd/front/mobile 的网络连接已建立
lc2501.GFEX fetched: 242
lc2501.GFEX saved: 242
2026-04-19 20:02:59 -     INFO - 通知 : 与 wss://free-api.shinnytech.com/t/nfmd/front/mobile 的网络连接已建立
lc2505.GFEX fetched: 242
lc2505.GFEX saved: 242
2026-04-19 20:03:06 -     INFO - 通知 : 与 wss://free-api.shinnytech.com/t/nfmd/front/mobile 的网络连接已建立
lc2507.GFEX fetched: 242
lc2507.GFEX saved: 242
2026-04-19 20:03:14 -     INFO - 通知 : 与 wss://free-api.shinnytech.com/t/nfmd/front/mobile 的网络连接已建立
lc2509.GFEX fetched: 241
lc2509.GFEX saved: 241
2026-04-19 20:03:20 -     INFO - 通知 : 与 wss://free-api.shinnytech.com/t/nfmd/front/mobile 的网络连接已建立
lc2511.GFEX fetched: 243
lc2511.GFEX saved: 243
2026-04-19 20:03:28 -     INFO - 通知 : 与 wss://free-api.shinnytech.com/t/nfmd/front/mobile 的网络连接已建立
lc2601.GFEX fetched: 243
lc2601.GFEX saved: 243
2026-04-19 20:03:35 -     INFO - 通知 : 与 wss://free-api.shinnytech.com/t/nfmd/front/mobile 的网络连接已建立
lc2605.GFEX fetched: 223
lc2605.GFEX saved: 223
2026-04-19 20:03:42 -     INFO - 通知 : 与 wss://free-api.shinnytech.com/t/nfmd/front/mobile 的网络连接已建立
lc2609.GFEX fetched: 140
lc2609.GFEX saved: 140
2026-04-19 20:03:50 -     INFO - 通知 : 与 wss://free-api.shinnytech.com/t/nfmd/front/mobile 的网络连接已建立
lh2109.DCE fetched: 175
lh2109.DCE saved: 175
2026-04-19 20:03:57 -     INFO - 通知 : 与 wss://free-api.shinnytech.com/t/nfmd/front/mobile 的网络连接已建立
lh2201.DCE fetched: 255
lh2201.DCE saved: 255
2026-04-19 20:04:05 -     INFO - 通知 : 与 wss://free-api.shinnytech.com/t/nfmd/front/mobile 的网络连接已建立
lh2203.DCE fetched: 243
lh2203.DCE saved: 243
2026-04-19 20:04:12 -     INFO - 通知 : 与 wss://free-api.shinnytech.com/t/nfmd/front/mobile 的网络连接已建立
lh2205.DCE fetched: 242
lh2205.DCE saved: 242
2026-04-19 20:04:18 -     INFO - 通知 : 与 wss://free-api.shinnytech.com/t/nfmd/front/mobile 的网络连接已建立
lh2209.DCE fetched: 243
lh2209.DCE saved: 243
2026-04-19 20:04:25 -     INFO - 通知 : 与 wss://free-api.shinnytech.com/t/nfmd/front/mobile 的网络连接已建立
lh2301.DCE fetched: 239
lh2301.DCE saved: 239
2026-04-19 20:04:33 -     INFO - 通知 : 与 wss://free-api.shinnytech.com/t/nfmd/front/mobile 的网络连接已建立
lh2303.DCE fetched: 243
lh2303.DCE saved: 243
2026-04-19 20:04:40 -     INFO - 通知 : 与 wss://free-api.shinnytech.com/t/nfmd/front/mobile 的网络连接已建立
lh2305.DCE fetched: 244
lh2305.DCE saved: 244
2026-04-19 20:04:47 -     INFO - 通知 : 与 wss://free-api.shinnytech.com/t/nfmd/front/mobile 的网络连接已建立
lh2307.DCE fetched: 243
lh2307.DCE saved: 243
2026-04-19 20:04:54 -     INFO - 通知 : 与 wss://free-api.shinnytech.com/t/nfmd/front/mobile 的网络连接已建立
lh2309.DCE fetched: 242
lh2309.DCE saved: 242
2026-04-19 20:05:02 -     INFO - 通知 : 与 wss://free-api.shinnytech.com/t/nfmd/front/mobile 的网络连接已建立
lh2311.DCE fetched: 243
lh2311.DCE saved: 243
2026-04-19 20:05:09 -     INFO - 通知 : 与 wss://free-api.shinnytech.com/t/nfmd/front/mobile 的网络连接已建立
lh2401.DCE fetched: 248
lh2401.DCE saved: 248
2026-04-19 20:05:16 -     INFO - 通知 : 与 wss://free-api.shinnytech.com/t/nfmd/front/mobile 的网络连接已建立
lh2403.DCE fetched: 241
lh2403.DCE saved: 241
2026-04-19 20:05:23 -     INFO - 通知 : 与 wss://free-api.shinnytech.com/t/nfmd/front/mobile 的网络连接已建立
lh2405.DCE fetched: 242
lh2405.DCE saved: 242
2026-04-19 20:05:30 -     INFO - 通知 : 与 wss://free-api.shinnytech.com/t/nfmd/front/mobile 的网络连接已建立
lh2409.DCE fetched: 241
lh2409.DCE saved: 241
2026-04-19 20:05:38 -     INFO - 通知 : 与 wss://free-api.shinnytech.com/t/nfmd/front/mobile 的网络连接已建立
lh2411.DCE fetched: 241
lh2411.DCE saved: 241
2026-04-19 20:05:45 -     INFO - 通知 : 与 wss://free-api.shinnytech.com/t/nfmd/front/mobile 的网络连接已建立
lh2501.DCE fetched: 238
lh2501.DCE saved: 238
2026-04-19 20:05:51 -     INFO - 通知 : 与 wss://free-api.shinnytech.com/t/nfmd/front/mobile 的网络连接已建立
lh2503.DCE fetched: 241
lh2503.DCE saved: 241
2026-04-19 20:05:59 -     INFO - 通知 : 与 wss://free-api.shinnytech.com/t/nfmd/front/mobile 的网络连接已建立
lh2505.DCE fetched: 241
lh2505.DCE saved: 241
2026-04-19 20:06:06 -     INFO - 通知 : 与 wss://free-api.shinnytech.com/t/nfmd/front/mobile 的网络连接已建立
lh2509.DCE fetched: 244
lh2509.DCE saved: 244
2026-04-19 20:06:14 -     INFO - 通知 : 与 wss://free-api.shinnytech.com/t/nfmd/front/mobile 的网络连接已建立
lh2511.DCE fetched: 242
lh2511.DCE saved: 242
2026-04-19 20:06:21 -     INFO - 通知 : 与 wss://free-api.shinnytech.com/t/nfmd/front/mobile 的网络连接已建立
lh2601.DCE fetched: 245
lh2601.DCE saved: 245
2026-04-19 20:06:28 -     INFO - 通知 : 与 wss://free-api.shinnytech.com/t/nfmd/front/mobile 的网络连接已建立
lh2603.DCE fetched: 242
lh2603.DCE saved: 242
2026-04-19 20:06:36 -     INFO - 通知 : 与 wss://free-api.shinnytech.com/t/nfmd/front/mobile 的网络连接已建立
lh2605.DCE fetched: 217
lh2605.DCE saved: 217
2026-04-19 20:06:43 -     INFO - 通知 : 与 wss://free-api.shinnytech.com/t/nfmd/front/mobile 的网络连接已建立
lh2607.DCE fetched: 174
lh2607.DCE saved: 174
2026-04-19 20:06:49 -     INFO - 通知 : 与 wss://free-api.shinnytech.com/t/nfmd/front/mobile 的网络连接已建立
rb2005.SHFE fetched: 87
rb2005.SHFE saved: 87
2026-04-19 20:06:57 -     INFO - 通知 : 与 wss://free-api.shinnytech.com/t/nfmd/front/mobile 的网络连接已建立
rb2010.SHFE fetched: 188
rb2010.SHFE saved: 188
2026-04-19 20:07:04 -     INFO - 通知 : 与 wss://free-api.shinnytech.com/t/nfmd/front/mobile 的网络连接已建立
rb2101.SHFE fetched: 243
rb2101.SHFE saved: 243
2026-04-19 20:07:12 -     INFO - 通知 : 与 wss://free-api.shinnytech.com/t/nfmd/front/mobile 的网络连接已建立
rb2105.SHFE fetched: 243
rb2105.SHFE saved: 243
2026-04-19 20:07:18 -     INFO - 通知 : 与 wss://free-api.shinnytech.com/t/nfmd/front/mobile 的网络连接已建立
rb2110.SHFE fetched: 243
rb2110.SHFE saved: 243
2026-04-19 20:07:25 -     INFO - 通知 : 与 wss://free-api.shinnytech.com/t/nfmd/front/mobile 的网络连接已建立
rb2201.SHFE fetched: 243
rb2201.SHFE saved: 243
2026-04-19 20:07:33 -     INFO - 通知 : 与 wss://free-api.shinnytech.com/t/nfmd/front/mobile 的网络连接已建立
rb2205.SHFE fetched: 241
rb2205.SHFE saved: 241
2026-04-19 20:07:40 -     INFO - 通知 : 与 wss://free-api.shinnytech.com/t/nfmd/front/mobile 的网络连接已建立
rb2210.SHFE fetched: 243
rb2210.SHFE saved: 243
2026-04-19 20:07:47 -     INFO - 通知 : 与 wss://free-api.shinnytech.com/t/nfmd/front/mobile 的网络连接已建立
rb2301.SHFE fetched: 242
rb2301.SHFE saved: 242
2026-04-19 20:07:55 -     INFO - 通知 : 与 wss://free-api.shinnytech.com/t/nfmd/front/mobile 的网络连接已建立
rb2305.SHFE fetched: 243
rb2305.SHFE saved: 243
2026-04-19 20:08:01 -     INFO - 通知 : 与 wss://free-api.shinnytech.com/t/nfmd/front/mobile 的网络连接已建立
rb2310.SHFE fetched: 242
rb2310.SHFE saved: 242
2026-04-19 20:08:09 -     INFO - 通知 : 与 wss://free-api.shinnytech.com/t/nfmd/front/mobile 的网络连接已建立
rb2401.SHFE fetched: 242
rb2401.SHFE saved: 242
2026-04-19 20:08:16 -     INFO - 通知 : 与 wss://free-api.shinnytech.com/t/nfmd/front/mobile 的网络连接已建立
rb2405.SHFE fetched: 242
rb2405.SHFE saved: 242
2026-04-19 20:08:23 -     INFO - 通知 : 与 wss://free-api.shinnytech.com/t/nfmd/front/mobile 的网络连接已建立
rb2410.SHFE fetched: 241
rb2410.SHFE saved: 241
2026-04-19 20:08:30 -     INFO - 通知 : 与 wss://free-api.shinnytech.com/t/nfmd/front/mobile 的网络连接已建立
rb2501.SHFE fetched: 242
rb2501.SHFE saved: 242
2026-04-19 20:08:38 -     INFO - 通知 : 与 wss://free-api.shinnytech.com/t/nfmd/front/mobile 的网络连接已建立
rb2505.SHFE fetched: 242
rb2505.SHFE saved: 242
2026-04-19 20:08:44 -     INFO - 通知 : 与 wss://free-api.shinnytech.com/t/nfmd/front/mobile 的网络连接已建立
rb2510.SHFE fetched: 243
rb2510.SHFE saved: 243
2026-04-19 20:08:52 -     INFO - 通知 : 与 wss://free-api.shinnytech.com/t/nfmd/front/mobile 的网络连接已建立
rb2601.SHFE fetched: 242
rb2601.SHFE saved: 242
2026-04-19 20:08:59 -     INFO - 通知 : 与 wss://free-api.shinnytech.com/t/nfmd/front/mobile 的网络连接已建立
rb2605.SHFE fetched: 226
rb2605.SHFE saved: 226
2026-04-19 20:09:06 -     INFO - 通知 : 与 wss://free-api.shinnytech.com/t/nfmd/front/mobile 的网络连接已建立
rb2610.SHFE fetched: 124
rb2610.SHFE saved: 124
2026-04-19 20:09:14 -     INFO - 通知 : 与 wss://free-api.shinnytech.com/t/nfmd/front/mobile 的网络连接已建立
ru2005.SHFE fetched: 87
ru2005.SHFE saved: 87
2026-04-19 20:09:21 -     INFO - 通知 : 与 wss://free-api.shinnytech.com/t/nfmd/front/mobile 的网络连接已建立
ru2009.SHFE fetched: 172
ru2009.SHFE saved: 172
2026-04-19 20:09:28 -     INFO - 通知 : 与 wss://free-api.shinnytech.com/t/nfmd/front/mobile 的网络连接已建立
ru2101.SHFE fetched: 243
ru2101.SHFE saved: 243
2026-04-19 20:09:35 -     INFO - 通知 : 与 wss://free-api.shinnytech.com/t/nfmd/front/mobile 的网络连接已建立
ru2105.SHFE fetched: 243
ru2105.SHFE saved: 243
2026-04-19 20:09:43 -     INFO - 通知 : 与 wss://free-api.shinnytech.com/t/nfmd/front/mobile 的网络连接已建立
ru2109.SHFE fetched: 244
ru2109.SHFE saved: 244
2026-04-19 20:09:49 -     INFO - 通知 : 与 wss://free-api.shinnytech.com/t/nfmd/front/mobile 的网络连接已建立
ru2201.SHFE fetched: 243
ru2201.SHFE saved: 243
2026-04-19 20:09:57 -     INFO - 通知 : 与 wss://free-api.shinnytech.com/t/nfmd/front/mobile 的网络连接已建立
ru2205.SHFE fetched: 241
ru2205.SHFE saved: 241
2026-04-19 20:10:04 -     INFO - 通知 : 与 wss://free-api.shinnytech.com/t/nfmd/front/mobile 的网络连接已建立
ru2209.SHFE fetched: 241
ru2209.SHFE saved: 241
2026-04-19 20:10:11 -     INFO - 通知 : 与 wss://free-api.shinnytech.com/t/nfmd/front/mobile 的网络连接已建立
ru2301.SHFE fetched: 242
ru2301.SHFE saved: 242
2026-04-19 20:10:18 -     INFO - 通知 : 与 wss://free-api.shinnytech.com/t/nfmd/front/mobile 的网络连接已建立
ru2305.SHFE fetched: 243
ru2305.SHFE saved: 243
2026-04-19 20:10:26 -     INFO - 通知 : 与 wss://free-api.shinnytech.com/t/nfmd/front/mobile 的网络连接已建立
ru2309.SHFE fetched: 244
ru2309.SHFE saved: 244
2026-04-19 20:10:32 -     INFO - 通知 : 与 wss://free-api.shinnytech.com/t/nfmd/front/mobile 的网络连接已建立
ru2401.SHFE fetched: 242
ru2401.SHFE saved: 242
2026-04-19 20:10:40 -     INFO - 通知 : 与 wss://free-api.shinnytech.com/t/nfmd/front/mobile 的网络连接已建立
ru2405.SHFE fetched: 242
ru2405.SHFE saved: 242
2026-04-19 20:10:47 -     INFO - 通知 : 与 wss://free-api.shinnytech.com/t/nfmd/front/mobile 的网络连接已建立
ru2409.SHFE fetched: 242
ru2409.SHFE saved: 242
2026-04-19 20:10:54 -     INFO - 通知 : 与 wss://free-api.shinnytech.com/t/nfmd/front/mobile 的网络连接已建立
ru2501.SHFE fetched: 242
ru2501.SHFE saved: 242
2026-04-19 20:11:02 -     INFO - 通知 : 与 wss://free-api.shinnytech.com/t/nfmd/front/mobile 的网络连接已建立
ru2505.SHFE fetched: 242
ru2505.SHFE saved: 242
2026-04-19 20:11:08 -     INFO - 通知 : 与 wss://free-api.shinnytech.com/t/nfmd/front/mobile 的网络连接已建立
ru2509.SHFE fetched: 241
ru2509.SHFE saved: 241
2026-04-19 20:11:16 -     INFO - 通知 : 与 wss://free-api.shinnytech.com/t/nfmd/front/mobile 的网络连接已建立
ru2601.SHFE fetched: 242
ru2601.SHFE saved: 242
2026-04-19 20:11:23 -     INFO - 通知 : 与 wss://free-api.shinnytech.com/t/nfmd/front/mobile 的网络连接已建立
ru2605.SHFE fetched: 226
ru2605.SHFE saved: 226
2026-04-19 20:11:31 -     INFO - 通知 : 与 wss://free-api.shinnytech.com/t/nfmd/front/mobile 的网络连接已建立
ru2609.SHFE fetched: 140
ru2609.SHFE saved: 140
2026-04-19 20:11:38 -     INFO - 通知 : 与 wss://free-api.shinnytech.com/t/nfmd/front/mobile 的网络连接已建立
si2308.GFEX fetched: 156
si2308.GFEX saved: 156
2026-04-19 20:11:44 -     INFO - 通知 : 与 wss://free-api.shinnytech.com/t/nfmd/front/mobile 的网络连接已建立
si2309.GFEX fetched: 179
si2309.GFEX saved: 179
2026-04-19 20:11:52 -     INFO - 通知 : 与 wss://free-api.shinnytech.com/t/nfmd/front/mobile 的网络连接已建立
si2310.GFEX fetched: 199
si2310.GFEX saved: 199
2026-04-19 20:11:59 -     INFO - 通知 : 与 wss://free-api.shinnytech.com/t/nfmd/front/mobile 的网络连接已建立
si2311.GFEX fetched: 216
si2311.GFEX saved: 216
2026-04-19 20:12:06 -     INFO - 通知 : 与 wss://free-api.shinnytech.com/t/nfmd/front/mobile 的网络连接已建立
si2312.GFEX fetched: 238
si2312.GFEX saved: 238
2026-04-19 20:12:14 -     INFO - 通知 : 与 wss://free-api.shinnytech.com/t/nfmd/front/mobile 的网络连接已建立
si2401.GFEX fetched: 242
si2401.GFEX saved: 242
2026-04-19 20:12:21 -     INFO - 通知 : 与 wss://free-api.shinnytech.com/t/nfmd/front/mobile 的网络连接已建立
si2402.GFEX fetched: 248
si2402.GFEX saved: 248
2026-04-19 20:12:28 -     INFO - 通知 : 与 wss://free-api.shinnytech.com/t/nfmd/front/mobile 的网络连接已建立
si2403.GFEX fetched: 243
si2403.GFEX saved: 243
2026-04-19 20:12:35 -     INFO - 通知 : 与 wss://free-api.shinnytech.com/t/nfmd/front/mobile 的网络连接已建立
si2404.GFEX fetched: 161
si2404.GFEX saved: 161
2026-04-19 20:12:42 -     INFO - 通知 : 与 wss://free-api.shinnytech.com/t/nfmd/front/mobile 的网络连接已建立
si2405.GFEX fetched: 158
si2405.GFEX saved: 158
2026-04-19 20:12:50 -     INFO - 通知 : 与 wss://free-api.shinnytech.com/t/nfmd/front/mobile 的网络连接已建立
si2406.GFEX fetched: 158
si2406.GFEX saved: 158
2026-04-19 20:12:56 -     INFO - 通知 : 与 wss://free-api.shinnytech.com/t/nfmd/front/mobile 的网络连接已建立
si2407.GFEX fetched: 160
si2407.GFEX saved: 160
2026-04-19 20:13:04 -     INFO - 通知 : 与 wss://free-api.shinnytech.com/t/nfmd/front/mobile 的网络连接已建立
si2409.GFEX fetched: 162
si2409.GFEX saved: 162
2026-04-19 20:13:11 -     INFO - 通知 : 与 wss://free-api.shinnytech.com/t/nfmd/front/mobile 的网络连接已建立
si2411.GFEX fetched: 162
si2411.GFEX saved: 162
2026-04-19 20:13:19 -     INFO - 通知 : 与 wss://free-api.shinnytech.com/t/nfmd/front/mobile 的网络连接已建立
si2412.GFEX fetched: 162
si2412.GFEX saved: 162
2026-04-19 20:13:26 -     INFO - 通知 : 与 wss://free-api.shinnytech.com/t/nfmd/front/mobile 的网络连接已建立
si2501.GFEX fetched: 164
si2501.GFEX saved: 164
2026-04-19 20:13:33 -     INFO - 通知 : 与 wss://free-api.shinnytech.com/t/nfmd/front/mobile 的网络连接已建立
si2502.GFEX fetched: 182
si2502.GFEX saved: 182
2026-04-19 20:13:40 -     INFO - 通知 : 与 wss://free-api.shinnytech.com/t/nfmd/front/mobile 的网络连接已建立
si2503.GFEX fetched: 200
si2503.GFEX saved: 200
2026-04-19 20:13:47 -     INFO - 通知 : 与 wss://free-api.shinnytech.com/t/nfmd/front/mobile 的网络连接已建立
si2505.GFEX fetched: 242
si2505.GFEX saved: 242
2026-04-19 20:13:54 -     INFO - 通知 : 与 wss://free-api.shinnytech.com/t/nfmd/front/mobile 的网络连接已建立
si2506.GFEX fetched: 241
si2506.GFEX saved: 241
2026-04-19 20:14:02 -     INFO - 通知 : 与 wss://free-api.shinnytech.com/t/nfmd/front/mobile 的网络连接已建立
si2507.GFEX fetched: 242
si2507.GFEX saved: 242
2026-04-19 20:14:09 -     INFO - 通知 : 与 wss://free-api.shinnytech.com/t/nfmd/front/mobile 的网络连接已建立
si2509.GFEX fetched: 241
si2509.GFEX saved: 241
2026-04-19 20:14:16 -     INFO - 通知 : 与 wss://free-api.shinnytech.com/t/nfmd/front/mobile 的网络连接已建立
si2511.GFEX fetched: 243
si2511.GFEX saved: 243
2026-04-19 20:14:23 -     INFO - 通知 : 与 wss://free-api.shinnytech.com/t/nfmd/front/mobile 的网络连接已建立
si2601.GFEX fetched: 243
si2601.GFEX saved: 243
2026-04-19 20:14:30 -     INFO - 通知 : 与 wss://free-api.shinnytech.com/t/nfmd/front/mobile 的网络连接已建立
si2605.GFEX fetched: 223
si2605.GFEX saved: 223
2026-04-19 20:14:38 -     INFO - 通知 : 与 wss://free-api.shinnytech.com/t/nfmd/front/mobile 的网络连接已建立
si2609.GFEX fetched: 140
si2609.GFEX saved: 140
2026-04-19 20:14:45 -     INFO - 通知 : 与 wss://free-api.shinnytech.com/t/nfmd/front/mobile 的网络连接已建立
sp2005.SHFE fetched: 87
sp2005.SHFE saved: 87
2026-04-19 20:14:52 -     INFO - 通知 : 与 wss://free-api.shinnytech.com/t/nfmd/front/mobile 的网络连接已建立
sp2009.SHFE fetched: 172
sp2009.SHFE saved: 172
2026-04-19 20:14:59 -     INFO - 通知 : 与 wss://free-api.shinnytech.com/t/nfmd/front/mobile 的网络连接已建立
sp2012.SHFE fetched: 231
sp2012.SHFE saved: 231
2026-04-19 20:15:06 -     INFO - 通知 : 与 wss://free-api.shinnytech.com/t/nfmd/front/mobile 的网络连接已建立
sp2101.SHFE fetched: 243
sp2101.SHFE saved: 243
2026-04-19 20:15:14 -     INFO - 通知 : 与 wss://free-api.shinnytech.com/t/nfmd/front/mobile 的网络连接已建立
sp2103.SHFE fetched: 240
sp2103.SHFE saved: 240
2026-04-19 20:15:21 -     INFO - 通知 : 与 wss://free-api.shinnytech.com/t/nfmd/front/mobile 的网络连接已建立
sp2105.SHFE fetched: 243
sp2105.SHFE saved: 243
2026-04-19 20:15:27 -     INFO - 通知 : 与 wss://free-api.shinnytech.com/t/nfmd/front/mobile 的网络连接已建立
sp2106.SHFE fetched: 242
sp2106.SHFE saved: 242
2026-04-19 20:15:35 -     INFO - 通知 : 与 wss://free-api.shinnytech.com/t/nfmd/front/mobile 的网络连接已建立
sp2107.SHFE fetched: 244
sp2107.SHFE saved: 244
2026-04-19 20:15:42 -     INFO - 通知 : 与 wss://free-api.shinnytech.com/t/nfmd/front/mobile 的网络连接已建立
sp2109.SHFE fetched: 244
sp2109.SHFE saved: 244
2026-04-19 20:15:50 -     INFO - 通知 : 与 wss://free-api.shinnytech.com/t/nfmd/front/mobile 的网络连接已建立
sp2110.SHFE fetched: 243
sp2110.SHFE saved: 243
2026-04-19 20:15:57 -     INFO - 通知 : 与 wss://free-api.shinnytech.com/t/nfmd/front/mobile 的网络连接已建立
sp2111.SHFE fetched: 242
sp2111.SHFE saved: 242
2026-04-19 20:16:04 -     INFO - 通知 : 与 wss://free-api.shinnytech.com/t/nfmd/front/mobile 的网络连接已建立
sp2112.SHFE fetched: 243
sp2112.SHFE saved: 243
2026-04-19 20:16:11 -     INFO - 通知 : 与 wss://free-api.shinnytech.com/t/nfmd/front/mobile 的网络连接已建立
sp2201.SHFE fetched: 243
sp2201.SHFE saved: 243
2026-04-19 20:16:18 -     INFO - 通知 : 与 wss://free-api.shinnytech.com/t/nfmd/front/mobile 的网络连接已建立
sp2205.SHFE fetched: 241
sp2205.SHFE saved: 241
2026-04-19 20:16:26 -     INFO - 通知 : 与 wss://free-api.shinnytech.com/t/nfmd/front/mobile 的网络连接已建立
sp2209.SHFE fetched: 241
sp2209.SHFE saved: 241
2026-04-19 20:16:33 -     INFO - 通知 : 与 wss://free-api.shinnytech.com/t/nfmd/front/mobile 的网络连接已建立
sp2301.SHFE fetched: 242
sp2301.SHFE saved: 242
2026-04-19 20:16:40 -     INFO - 通知 : 与 wss://free-api.shinnytech.com/t/nfmd/front/mobile 的网络连接已建立
sp2305.SHFE fetched: 243
sp2305.SHFE saved: 243
2026-04-19 20:16:47 -     INFO - 通知 : 与 wss://free-api.shinnytech.com/t/nfmd/front/mobile 的网络连接已建立
sp2309.SHFE fetched: 244
sp2309.SHFE saved: 244
2026-04-19 20:16:54 -     INFO - 通知 : 与 wss://free-api.shinnytech.com/t/nfmd/front/mobile 的网络连接已建立
sp2401.SHFE fetched: 242
sp2401.SHFE saved: 242
2026-04-19 20:17:02 -     INFO - 通知 : 与 wss://free-api.shinnytech.com/t/nfmd/front/mobile 的网络连接已建立
sp2405.SHFE fetched: 242
sp2405.SHFE saved: 242
2026-04-19 20:17:09 -     INFO - 通知 : 与 wss://free-api.shinnytech.com/t/nfmd/front/mobile 的网络连接已建立
sp2409.SHFE fetched: 242
sp2409.SHFE saved: 242
2026-04-19 20:17:16 -     INFO - 通知 : 与 wss://free-api.shinnytech.com/t/nfmd/front/mobile 的网络连接已建立
sp2501.SHFE fetched: 242
sp2501.SHFE saved: 242
2026-04-19 20:17:23 -     INFO - 通知 : 与 wss://free-api.shinnytech.com/t/nfmd/front/mobile 的网络连接已建立
sp2503.SHFE fetched: 241
sp2503.SHFE saved: 241
2026-04-19 20:17:30 -     INFO - 通知 : 与 wss://free-api.shinnytech.com/t/nfmd/front/mobile 的网络连接已建立
sp2505.SHFE fetched: 242
sp2505.SHFE saved: 242
2026-04-19 20:17:38 -     INFO - 通知 : 与 wss://free-api.shinnytech.com/t/nfmd/front/mobile 的网络连接已建立
sp2507.SHFE fetched: 242
sp2507.SHFE saved: 242
2026-04-19 20:17:44 -     INFO - 通知 : 与 wss://free-api.shinnytech.com/t/nfmd/front/mobile 的网络连接已建立
sp2509.SHFE fetched: 241
sp2509.SHFE saved: 241
2026-04-19 20:17:52 -     INFO - 通知 : 与 wss://free-api.shinnytech.com/t/nfmd/front/mobile 的网络连接已建立
sp2511.SHFE fetched: 243
sp2511.SHFE saved: 243
2026-04-19 20:17:59 -     INFO - 通知 : 与 wss://free-api.shinnytech.com/t/nfmd/front/mobile 的网络连接已建立
sp2601.SHFE fetched: 242
sp2601.SHFE saved: 242
2026-04-19 20:18:07 -     INFO - 通知 : 与 wss://free-api.shinnytech.com/t/nfmd/front/mobile 的网络连接已建立
sp2605.SHFE fetched: 226
sp2605.SHFE saved: 226
2026-04-19 20:18:13 -     INFO - 通知 : 与 wss://free-api.shinnytech.com/t/nfmd/front/mobile 的网络连接已建立
sp2609.SHFE fetched: 140
sp2609.SHFE saved: 140
