在使用天勤量化之前，默认您已经知晓并同意以下免责条款，如果不同意请立即停止使用：https://www.shinnytech.com/blog/disclaimer/
2026-04-19 23:46:18 -     INFO - 通知 : 与 wss://free-api.shinnytech.com/t/nfmd/front/mobile 的网络连接已建立
CF005.CZCE fetched: 234
CF005.CZCE saved: 234
2026-04-19 23:46:18 -     INFO - 通知 : 与 wss://free-api.shinnytech.com/t/nfmd/front/mobile 的网络连接已建立
CF009.CZCE fetched: 242
CF009.CZCE saved: 242
2026-04-19 23:46:19 -     INFO - 通知 : 与 wss://free-api.shinnytech.com/t/nfmd/front/mobile 的网络连接已建立
CF101.CZCE fetched: 243
CF101.CZCE saved: 243
2026-04-19 23:46:20 -     INFO - 通知 : 与 wss://free-api.shinnytech.com/t/nfmd/front/mobile 的网络连接已建立
CF105.CZCE fetched: 243
CF105.CZCE saved: 243
2026-04-19 23:46:21 -     INFO - 通知 : 与 wss://free-api.shinnytech.com/t/nfmd/front/mobile 的网络连接已建立
CF109.CZCE fetched: 244
CF109.CZCE saved: 244
2026-04-19 23:46:22 -     INFO - 通知 : 与 wss://free-api.shinnytech.com/t/nfmd/front/mobile 的网络连接已建立
CF201.CZCE fetched: 243
CF201.CZCE saved: 243
2026-04-19 23:46:22 -     INFO - 通知 : 与 wss://free-api.shinnytech.com/t/nfmd/front/mobile 的网络连接已建立
CF205.CZCE fetched: 241
CF205.CZCE saved: 241
2026-04-19 23:46:23 -     INFO - 通知 : 与 wss://free-api.shinnytech.com/t/nfmd/front/mobile 的网络连接已建立
CF209.CZCE fetched: 242
CF209.CZCE saved: 242
2026-04-19 23:46:24 -     INFO - 通知 : 与 wss://free-api.shinnytech.com/t/nfmd/front/mobile 的网络连接已建立
CF301.CZCE fetched: 242
CF301.CZCE saved: 242
2026-04-19 23:46:25 -     INFO - 通知 : 与 wss://free-api.shinnytech.com/t/nfmd/front/mobile 的网络连接已建立
CF305.CZCE fetched: 243
CF305.CZCE saved: 243
2026-04-19 23:46:26 -     INFO - 通知 : 与 wss://free-api.shinnytech.com/t/nfmd/front/mobile 的网络连接已建立
CF309.CZCE fetched: 243
CF309.CZCE saved: 243
2026-04-19 23:46:27 -     INFO - 通知 : 与 wss://free-api.shinnytech.com/t/nfmd/front/mobile 的网络连接已建立
CF401.CZCE fetched: 242
CF401.CZCE saved: 242
2026-04-19 23:46:28 -     INFO - 通知 : 与 wss://free-api.shinnytech.com/t/nfmd/front/mobile 的网络连接已建立
CF405.CZCE fetched: 242
CF405.CZCE saved: 242
2026-04-19 23:46:29 -     INFO - 通知 : 与 wss://free-api.shinnytech.com/t/nfmd/front/mobile 的网络连接已建立
CF409.CZCE fetched: 242
CF409.CZCE saved: 242
2026-04-19 23:46:29 -     INFO - 通知 : 与 wss://free-api.shinnytech.com/t/nfmd/front/mobile 的网络连接已建立
CF501.CZCE fetched: 242
CF501.CZCE saved: 242
2026-04-19 23:46:30 -     INFO - 通知 : 与 wss://free-api.shinnytech.com/t/nfmd/front/mobile 的网络连接已建立
CF505.CZCE fetched: 242
CF505.CZCE saved: 242
2026-04-19 23:46:31 -     INFO - 通知 : 与 wss://free-api.shinnytech.com/t/nfmd/front/mobile 的网络连接已建立
CF509.CZCE fetched: 241
CF509.CZCE saved: 241
2026-04-19 23:46:32 -     INFO - 通知 : 与 wss://free-api.shinnytech.com/t/nfmd/front/mobile 的网络连接已建立
CF601.CZCE fetched: 243
CF601.CZCE saved: 243
2026-04-19 23:46:33 -     INFO - 通知 : 与 wss://free-api.shinnytech.com/t/nfmd/front/mobile 的网络连接已建立
CF605.CZCE fetched: 224
CF605.CZCE saved: 224
2026-04-19 23:46:34 -     INFO - 通知 : 与 wss://free-api.shinnytech.com/t/nfmd/front/mobile 的网络连接已建立
CF609.CZCE fetched: 141
CF609.CZCE saved: 141
2026-04-19 23:46:35 -     INFO - 通知 : 与 wss://free-api.shinnytech.com/t/nfmd/front/mobile 的网络连接已建立
FG005.CZCE fetched: 234
FG005.CZCE saved: 234
2026-04-19 23:46:36 -     INFO - 通知 : 与 wss://free-api.shinnytech.com/t/nfmd/front/mobile 的网络连接已建立
FG009.CZCE fetched: 242
FG009.CZCE saved: 242
2026-04-19 23:46:36 -     INFO - 通知 : 与 wss://free-api.shinnytech.com/t/nfmd/front/mobile 的网络连接已建立
FG101.CZCE fetched: 243
FG101.CZCE saved: 243
2026-04-19 23:46:37 -     INFO - 通知 : 与 wss://free-api.shinnytech.com/t/nfmd/front/mobile 的网络连接已建立
FG105.CZCE fetched: 243
FG105.CZCE saved: 243
2026-04-19 23:46:38 -     INFO - 通知 : 与 wss://free-api.shinnytech.com/t/nfmd/front/mobile 的网络连接已建立
FG109.CZCE fetched: 244
FG109.CZCE saved: 244
2026-04-19 23:46:39 -     INFO - 通知 : 与 wss://free-api.shinnytech.com/t/nfmd/front/mobile 的网络连接已建立
FG201.CZCE fetched: 243
FG201.CZCE saved: 243
2026-04-19 23:46:40 -     INFO - 通知 : 与 wss://free-api.shinnytech.com/t/nfmd/front/mobile 的网络连接已建立
FG205.CZCE fetched: 241
FG205.CZCE saved: 241
2026-04-19 23:46:41 -     INFO - 通知 : 与 wss://free-api.shinnytech.com/t/nfmd/front/mobile 的网络连接已建立
FG209.CZCE fetched: 242
FG209.CZCE saved: 242
2026-04-19 23:46:42 -     INFO - 通知 : 与 wss://free-api.shinnytech.com/t/nfmd/front/mobile 的网络连接已建立
FG301.CZCE fetched: 242
FG301.CZCE saved: 242
2026-04-19 23:46:43 -     INFO - 通知 : 与 wss://free-api.shinnytech.com/t/nfmd/front/mobile 的网络连接已建立
FG305.CZCE fetched: 243
FG305.CZCE saved: 243
2026-04-19 23:46:44 -     INFO - 通知 : 与 wss://free-api.shinnytech.com/t/nfmd/front/mobile 的网络连接已建立
FG309.CZCE fetched: 243
FG309.CZCE saved: 243
2026-04-19 23:46:44 -     INFO - 通知 : 与 wss://free-api.shinnytech.com/t/nfmd/front/mobile 的网络连接已建立
FG401.CZCE fetched: 242
FG401.CZCE saved: 242
2026-04-19 23:46:45 -     INFO - 通知 : 与 wss://free-api.shinnytech.com/t/nfmd/front/mobile 的网络连接已建立
FG405.CZCE fetched: 242
FG405.CZCE saved: 242
2026-04-19 23:46:46 -     INFO - 通知 : 与 wss://free-api.shinnytech.com/t/nfmd/front/mobile 的网络连接已建立
FG409.CZCE fetched: 242
FG409.CZCE saved: 242
2026-04-19 23:46:47 -     INFO - 通知 : 与 wss://free-api.shinnytech.com/t/nfmd/front/mobile 的网络连接已建立
FG501.CZCE fetched: 242
FG501.CZCE saved: 242
2026-04-19 23:46:48 -     INFO - 通知 : 与 wss://free-api.shinnytech.com/t/nfmd/front/mobile 的网络连接已建立
FG505.CZCE fetched: 242
FG505.CZCE saved: 242
2026-04-19 23:46:49 -     INFO - 通知 : 与 wss://free-api.shinnytech.com/t/nfmd/front/mobile 的网络连接已建立
FG509.CZCE fetched: 241
FG509.CZCE saved: 241
2026-04-19 23:46:50 -     INFO - 通知 : 与 wss://free-api.shinnytech.com/t/nfmd/front/mobile 的网络连接已建立
FG601.CZCE fetched: 243
FG601.CZCE saved: 243
2026-04-19 23:46:51 -     INFO - 通知 : 与 wss://free-api.shinnytech.com/t/nfmd/front/mobile 的网络连接已建立
FG605.CZCE fetched: 224
FG605.CZCE saved: 224
2026-04-19 23:46:52 -     INFO - 通知 : 与 wss://free-api.shinnytech.com/t/nfmd/front/mobile 的网络连接已建立
FG609.CZCE fetched: 141
FG609.CZCE saved: 141
2026-04-19 23:46:53 -     INFO - 通知 : 与 wss://free-api.shinnytech.com/t/nfmd/front/mobile 的网络连接已建立
SA005.CZCE fetched: 107
SA005.CZCE saved: 107
2026-04-19 23:46:54 -     INFO - 通知 : 与 wss://free-api.shinnytech.com/t/nfmd/front/mobile 的网络连接已建立
SA009.CZCE fetched: 189
SA009.CZCE saved: 189
2026-04-19 23:46:55 -     INFO - 通知 : 与 wss://free-api.shinnytech.com/t/nfmd/front/mobile 的网络连接已建立
SA101.CZCE fetched: 237
SA101.CZCE saved: 237
2026-04-19 23:46:55 -     INFO - 通知 : 与 wss://free-api.shinnytech.com/t/nfmd/front/mobile 的网络连接已建立
SA105.CZCE fetched: 243
SA105.CZCE saved: 243
2026-04-19 23:46:56 -     INFO - 通知 : 与 wss://free-api.shinnytech.com/t/nfmd/front/mobile 的网络连接已建立
SA109.CZCE fetched: 244
SA109.CZCE saved: 244
2026-04-19 23:46:57 -     INFO - 通知 : 与 wss://free-api.shinnytech.com/t/nfmd/front/mobile 的网络连接已建立
SA201.CZCE fetched: 243
SA201.CZCE saved: 243
2026-04-19 23:46:58 -     INFO - 通知 : 与 wss://free-api.shinnytech.com/t/nfmd/front/mobile 的网络连接已建立
SA205.CZCE fetched: 241
SA205.CZCE saved: 241
2026-04-19 23:46:59 -     INFO - 通知 : 与 wss://free-api.shinnytech.com/t/nfmd/front/mobile 的网络连接已建立
SA209.CZCE fetched: 242
SA209.CZCE saved: 242
2026-04-19 23:47:00 -     INFO - 通知 : 与 wss://free-api.shinnytech.com/t/nfmd/front/mobile 的网络连接已建立
SA301.CZCE fetched: 242
SA301.CZCE saved: 242
2026-04-19 23:47:01 -     INFO - 通知 : 与 wss://free-api.shinnytech.com/t/nfmd/front/mobile 的网络连接已建立
SA305.CZCE fetched: 243
SA305.CZCE saved: 243
2026-04-19 23:47:02 -     INFO - 通知 : 与 wss://free-api.shinnytech.com/t/nfmd/front/mobile 的网络连接已建立
SA309.CZCE fetched: 243
SA309.CZCE saved: 243
2026-04-19 23:47:03 -     INFO - 通知 : 与 wss://free-api.shinnytech.com/t/nfmd/front/mobile 的网络连接已建立
SA401.CZCE fetched: 242
SA401.CZCE saved: 242
2026-04-19 23:47:04 -     INFO - 通知 : 与 wss://free-api.shinnytech.com/t/nfmd/front/mobile 的网络连接已建立
SA405.CZCE fetched: 242
SA405.CZCE saved: 242
2026-04-19 23:47:04 -     INFO - 通知 : 与 wss://free-api.shinnytech.com/t/nfmd/front/mobile 的网络连接已建立
SA409.CZCE fetched: 242
SA409.CZCE saved: 242
2026-04-19 23:47:05 -     INFO - 通知 : 与 wss://free-api.shinnytech.com/t/nfmd/front/mobile 的网络连接已建立
SA501.CZCE fetched: 242
SA501.CZCE saved: 242
2026-04-19 23:47:06 -     INFO - 通知 : 与 wss://free-api.shinnytech.com/t/nfmd/front/mobile 的网络连接已建立
SA505.CZCE fetched: 242
SA505.CZCE saved: 242
2026-04-19 23:47:07 -     INFO - 通知 : 与 wss://free-api.shinnytech.com/t/nfmd/front/mobile 的网络连接已建立
SA509.CZCE fetched: 241
SA509.CZCE saved: 241
2026-04-19 23:47:08 -     INFO - 通知 : 与 wss://free-api.shinnytech.com/t/nfmd/front/mobile 的网络连接已建立
SA601.CZCE fetched: 243
SA601.CZCE saved: 243
2026-04-19 23:47:09 -     INFO - 通知 : 与 wss://free-api.shinnytech.com/t/nfmd/front/mobile 的网络连接已建立
SA605.CZCE fetched: 224
SA605.CZCE saved: 224
2026-04-19 23:47:10 -     INFO - 通知 : 与 wss://free-api.shinnytech.com/t/nfmd/front/mobile 的网络连接已建立
SA609.CZCE fetched: 141
SA609.CZCE saved: 141
2026-04-19 23:47:10 -     INFO - 通知 : 与 wss://free-api.shinnytech.com/t/nfmd/front/mobile 的网络连接已建立
SH405.CZCE fetched: 158
SH405.CZCE saved: 158
2026-04-19 23:47:11 -     INFO - 通知 : 与 wss://free-api.shinnytech.com/t/nfmd/front/mobile 的网络连接已建立
SH409.CZCE fetched: 242
SH409.CZCE saved: 242
2026-04-19 23:47:12 -     INFO - 通知 : 与 wss://free-api.shinnytech.com/t/nfmd/front/mobile 的网络连接已建立
SH501.CZCE fetched: 238
SH501.CZCE saved: 238
2026-04-19 23:47:13 -     INFO - 通知 : 与 wss://free-api.shinnytech.com/t/nfmd/front/mobile 的网络连接已建立
SH505.CZCE fetched: 241
SH505.CZCE saved: 241
2026-04-19 23:47:14 -     INFO - 通知 : 与 wss://free-api.shinnytech.com/t/nfmd/front/mobile 的网络连接已建立
SH509.CZCE fetched: 241
SH509.CZCE saved: 241
2026-04-19 23:47:15 -     INFO - 通知 : 与 wss://free-api.shinnytech.com/t/nfmd/front/mobile 的网络连接已建立
SH601.CZCE fetched: 243
SH601.CZCE saved: 243
2026-04-19 23:47:16 -     INFO - 通知 : 与 wss://free-api.shinnytech.com/t/nfmd/front/mobile 的网络连接已建立
SH603.CZCE fetched: 241
SH603.CZCE saved: 241
2026-04-19 23:47:17 -     INFO - 通知 : 与 wss://free-api.shinnytech.com/t/nfmd/front/mobile 的网络连接已建立
SH605.CZCE fetched: 224
SH605.CZCE saved: 224
2026-04-19 23:47:17 -     INFO - 通知 : 与 wss://free-api.shinnytech.com/t/nfmd/front/mobile 的网络连接已建立
SH607.CZCE fetched: 184
SH607.CZCE saved: 184
2026-04-19 23:47:18 -     INFO - 通知 : 与 wss://free-api.shinnytech.com/t/nfmd/front/mobile 的网络连接已建立
SM005.CZCE fetched: 234
SM005.CZCE saved: 234
2026-04-19 23:47:19 -     INFO - 通知 : 与 wss://free-api.shinnytech.com/t/nfmd/front/mobile 的网络连接已建立
SM009.CZCE fetched: 242
SM009.CZCE saved: 242
2026-04-19 23:47:20 -     INFO - 通知 : 与 wss://free-api.shinnytech.com/t/nfmd/front/mobile 的网络连接已建立
SM101.CZCE fetched: 243
SM101.CZCE saved: 243
2026-04-19 23:47:21 -     INFO - 通知 : 与 wss://free-api.shinnytech.com/t/nfmd/front/mobile 的网络连接已建立
SM105.CZCE fetched: 241
SM105.CZCE saved: 241
2026-04-19 23:47:22 -     INFO - 通知 : 与 wss://free-api.shinnytech.com/t/nfmd/front/mobile 的网络连接已建立
SM109.CZCE fetched: 244
SM109.CZCE saved: 244
2026-04-19 23:47:23 -     INFO - 通知 : 与 wss://free-api.shinnytech.com/t/nfmd/front/mobile 的网络连接已建立
SM201.CZCE fetched: 243
SM201.CZCE saved: 243
2026-04-19 23:47:23 -     INFO - 通知 : 与 wss://free-api.shinnytech.com/t/nfmd/front/mobile 的网络连接已建立
SM205.CZCE fetched: 239
SM205.CZCE saved: 239
2026-04-19 23:47:24 -     INFO - 通知 : 与 wss://free-api.shinnytech.com/t/nfmd/front/mobile 的网络连接已建立
SM209.CZCE fetched: 242
SM209.CZCE saved: 242
2026-04-19 23:47:26 -     INFO - 通知 : 与 wss://free-api.shinnytech.com/t/nfmd/front/mobile 的网络连接已建立
SM301.CZCE fetched: 240
SM301.CZCE saved: 240
2026-04-19 23:47:27 -     INFO - 通知 : 与 wss://free-api.shinnytech.com/t/nfmd/front/mobile 的网络连接已建立
SM305.CZCE fetched: 239
SM305.CZCE saved: 239
2026-04-19 23:47:28 -     INFO - 通知 : 与 wss://free-api.shinnytech.com/t/nfmd/front/mobile 的网络连接已建立
SM306.CZCE fetched: 240
SM306.CZCE saved: 240
2026-04-19 23:47:28 -     INFO - 通知 : 与 wss://free-api.shinnytech.com/t/nfmd/front/mobile 的网络连接已建立
SM307.CZCE fetched: 239
SM307.CZCE saved: 239
2026-04-19 23:47:29 -     INFO - 通知 : 与 wss://free-api.shinnytech.com/t/nfmd/front/mobile 的网络连接已建立
SM309.CZCE fetched: 243
SM309.CZCE saved: 243
2026-04-19 23:47:30 -     INFO - 通知 : 与 wss://free-api.shinnytech.com/t/nfmd/front/mobile 的网络连接已建立
SM310.CZCE fetched: 242
SM310.CZCE saved: 242
2026-04-19 23:47:31 -     INFO - 通知 : 与 wss://free-api.shinnytech.com/t/nfmd/front/mobile 的网络连接已建立
SM311.CZCE fetched: 242
SM311.CZCE saved: 242
2026-04-19 23:47:32 -     INFO - 通知 : 与 wss://free-api.shinnytech.com/t/nfmd/front/mobile 的网络连接已建立
SM312.CZCE fetched: 241
SM312.CZCE saved: 241
2026-04-19 23:47:33 -     INFO - 通知 : 与 wss://free-api.shinnytech.com/t/nfmd/front/mobile 的网络连接已建立
SM402.CZCE fetched: 235
SM402.CZCE saved: 235
2026-04-19 23:47:34 -     INFO - 通知 : 与 wss://free-api.shinnytech.com/t/nfmd/front/mobile 的网络连接已建立
SM403.CZCE fetched: 243
SM403.CZCE saved: 243
2026-04-19 23:47:35 -     INFO - 通知 : 与 wss://free-api.shinnytech.com/t/nfmd/front/mobile 的网络连接已建立
SM405.CZCE fetched: 242
SM405.CZCE saved: 242
2026-04-19 23:47:36 -     INFO - 通知 : 与 wss://free-api.shinnytech.com/t/nfmd/front/mobile 的网络连接已建立
SM409.CZCE fetched: 242
SM409.CZCE saved: 242
2026-04-19 23:47:37 -     INFO - 通知 : 与 wss://free-api.shinnytech.com/t/nfmd/front/mobile 的网络连接已建立
SM501.CZCE fetched: 242
SM501.CZCE saved: 242
2026-04-19 23:47:37 -     INFO - 通知 : 与 wss://free-api.shinnytech.com/t/nfmd/front/mobile 的网络连接已建立
SM505.CZCE fetched: 242
SM505.CZCE saved: 242
2026-04-19 23:47:38 -     INFO - 通知 : 与 wss://free-api.shinnytech.com/t/nfmd/front/mobile 的网络连接已建立
SM509.CZCE fetched: 241
SM509.CZCE saved: 241
2026-04-19 23:47:39 -     INFO - 通知 : 与 wss://free-api.shinnytech.com/t/nfmd/front/mobile 的网络连接已建立
SM601.CZCE fetched: 243
SM601.CZCE saved: 243
2026-04-19 23:47:40 -     INFO - 通知 : 与 wss://free-api.shinnytech.com/t/nfmd/front/mobile 的网络连接已建立
SM603.CZCE fetched: 241
SM603.CZCE saved: 241
2026-04-19 23:47:41 -     INFO - 通知 : 与 wss://free-api.shinnytech.com/t/nfmd/front/mobile 的网络连接已建立
SM605.CZCE fetched: 223
SM605.CZCE saved: 223
2026-04-19 23:47:42 -     INFO - 通知 : 与 wss://free-api.shinnytech.com/t/nfmd/front/mobile 的网络连接已建立
SM607.CZCE fetched: 183
SM607.CZCE saved: 183
2026-04-19 23:47:43 -     INFO - 通知 : 与 wss://free-api.shinnytech.com/t/nfmd/front/mobile 的网络连接已建立
al2002.SHFE fetched: 172
al2002.SHFE saved: 172
2026-04-19 23:47:44 -     INFO - 通知 : 与 wss://free-api.shinnytech.com/t/nfmd/front/mobile 的网络连接已建立
al2003.SHFE fetched: 192
al2003.SHFE saved: 192
2026-04-19 23:47:44 -     INFO - 通知 : 与 wss://free-api.shinnytech.com/t/nfmd/front/mobile 的网络连接已建立
al2004.SHFE fetched: 213
al2004.SHFE saved: 213
2026-04-19 23:47:45 -     INFO - 通知 : 与 wss://free-api.shinnytech.com/t/nfmd/front/mobile 的网络连接已建立
al2005.SHFE fetched: 232
al2005.SHFE saved: 232
2026-04-19 23:47:46 -     INFO - 通知 : 与 wss://free-api.shinnytech.com/t/nfmd/front/mobile 的网络连接已建立
al2006.SHFE fetched: 243
al2006.SHFE saved: 243
2026-04-19 23:47:47 -     INFO - 通知 : 与 wss://free-api.shinnytech.com/t/nfmd/front/mobile 的网络连接已建立
al2007.SHFE fetched: 243
al2007.SHFE saved: 243
2026-04-19 23:47:48 -     INFO - 通知 : 与 wss://free-api.shinnytech.com/t/nfmd/front/mobile 的网络连接已建立
al2008.SHFE fetched: 243
al2008.SHFE saved: 243
2026-04-19 23:47:49 -     INFO - 通知 : 与 wss://free-api.shinnytech.com/t/nfmd/front/mobile 的网络连接已建立
al2009.SHFE fetched: 243
al2009.SHFE saved: 243
2026-04-19 23:47:50 -     INFO - 通知 : 与 wss://free-api.shinnytech.com/t/nfmd/front/mobile 的网络连接已建立
al2010.SHFE fetched: 243
al2010.SHFE saved: 243
2026-04-19 23:47:51 -     INFO - 通知 : 与 wss://free-api.shinnytech.com/t/nfmd/front/mobile 的网络连接已建立
al2011.SHFE fetched: 242
al2011.SHFE saved: 242
2026-04-19 23:47:51 -     INFO - 通知 : 与 wss://free-api.shinnytech.com/t/nfmd/front/mobile 的网络连接已建立
al2012.SHFE fetched: 242
al2012.SHFE saved: 242
2026-04-19 23:47:52 -     INFO - 通知 : 与 wss://free-api.shinnytech.com/t/nfmd/front/mobile 的网络连接已建立
al2101.SHFE fetched: 243
al2101.SHFE saved: 243
2026-04-19 23:47:53 -     INFO - 通知 : 与 wss://free-api.shinnytech.com/t/nfmd/front/mobile 的网络连接已建立
al2102.SHFE fetched: 241
al2102.SHFE saved: 241
2026-04-19 23:47:54 -     INFO - 通知 : 与 wss://free-api.shinnytech.com/t/nfmd/front/mobile 的网络连接已建立
al2103.SHFE fetched: 241
al2103.SHFE saved: 241
2026-04-19 23:47:55 -     INFO - 通知 : 与 wss://free-api.shinnytech.com/t/nfmd/front/mobile 的网络连接已建立
al2104.SHFE fetched: 243
al2104.SHFE saved: 243
2026-04-19 23:47:55 -     INFO - 通知 : 与 wss://free-api.shinnytech.com/t/nfmd/front/mobile 的网络连接已建立
al2105.SHFE fetched: 243
al2105.SHFE saved: 243
2026-04-19 23:47:56 -     INFO - 通知 : 与 wss://free-api.shinnytech.com/t/nfmd/front/mobile 的网络连接已建立
al2106.SHFE fetched: 242
al2106.SHFE saved: 242
2026-04-19 23:47:57 -     INFO - 通知 : 与 wss://free-api.shinnytech.com/t/nfmd/front/mobile 的网络连接已建立
al2107.SHFE fetched: 244
al2107.SHFE saved: 244
2026-04-19 23:47:58 -     INFO - 通知 : 与 wss://free-api.shinnytech.com/t/nfmd/front/mobile 的网络连接已建立
al2108.SHFE fetched: 243
al2108.SHFE saved: 243
2026-04-19 23:47:59 -     INFO - 通知 : 与 wss://free-api.shinnytech.com/t/nfmd/front/mobile 的网络连接已建立
al2109.SHFE fetched: 244
al2109.SHFE saved: 244
2026-04-19 23:48:00 -     INFO - 通知 : 与 wss://free-api.shinnytech.com/t/nfmd/front/mobile 的网络连接已建立
al2110.SHFE fetched: 243
al2110.SHFE saved: 243
2026-04-19 23:48:01 -     INFO - 通知 : 与 wss://free-api.shinnytech.com/t/nfmd/front/mobile 的网络连接已建立
al2111.SHFE fetched: 242
al2111.SHFE saved: 242
2026-04-19 23:48:02 -     INFO - 通知 : 与 wss://free-api.shinnytech.com/t/nfmd/front/mobile 的网络连接已建立
al2112.SHFE fetched: 243
al2112.SHFE saved: 243
2026-04-19 23:48:02 -     INFO - 通知 : 与 wss://free-api.shinnytech.com/t/nfmd/front/mobile 的网络连接已建立
al2201.SHFE fetched: 243
al2201.SHFE saved: 243
2026-04-19 23:48:03 -     INFO - 通知 : 与 wss://free-api.shinnytech.com/t/nfmd/front/mobile 的网络连接已建立
al2202.SHFE fetched: 244
al2202.SHFE saved: 244
2026-04-19 23:48:04 -     INFO - 通知 : 与 wss://free-api.shinnytech.com/t/nfmd/front/mobile 的网络连接已建立
al2203.SHFE fetched: 243
al2203.SHFE saved: 243
2026-04-19 23:48:05 -     INFO - 通知 : 与 wss://free-api.shinnytech.com/t/nfmd/front/mobile 的网络连接已建立
al2204.SHFE fetched: 242
al2204.SHFE saved: 242
2026-04-19 23:48:06 -     INFO - 通知 : 与 wss://free-api.shinnytech.com/t/nfmd/front/mobile 的网络连接已建立
al2205.SHFE fetched: 241
al2205.SHFE saved: 241
2026-04-19 23:48:07 -     INFO - 通知 : 与 wss://free-api.shinnytech.com/t/nfmd/front/mobile 的网络连接已建立
al2206.SHFE fetched: 242
al2206.SHFE saved: 242
2026-04-19 23:48:08 -     INFO - 通知 : 与 wss://free-api.shinnytech.com/t/nfmd/front/mobile 的网络连接已建立
al2207.SHFE fetched: 242
al2207.SHFE saved: 242
2026-04-19 23:48:09 -     INFO - 通知 : 与 wss://free-api.shinnytech.com/t/nfmd/front/mobile 的网络连接已建立
al2208.SHFE fetched: 241
al2208.SHFE saved: 241
2026-04-19 23:48:10 -     INFO - 通知 : 与 wss://free-api.shinnytech.com/t/nfmd/front/mobile 的网络连接已建立
al2209.SHFE fetched: 241
al2209.SHFE saved: 241
2026-04-19 23:48:10 -     INFO - 通知 : 与 wss://free-api.shinnytech.com/t/nfmd/front/mobile 的网络连接已建立
al2210.SHFE fetched: 243
al2210.SHFE saved: 243
2026-04-19 23:48:11 -     INFO - 通知 : 与 wss://free-api.shinnytech.com/t/nfmd/front/mobile 的网络连接已建立
al2211.SHFE fetched: 243
al2211.SHFE saved: 243
2026-04-19 23:48:12 -     INFO - 通知 : 与 wss://free-api.shinnytech.com/t/nfmd/front/mobile 的网络连接已建立
al2212.SHFE fetched: 243
al2212.SHFE saved: 243
2026-04-19 23:48:13 -     INFO - 通知 : 与 wss://free-api.shinnytech.com/t/nfmd/front/mobile 的网络连接已建立
al2301.SHFE fetched: 242
al2301.SHFE saved: 242
2026-04-19 23:48:14 -     INFO - 通知 : 与 wss://free-api.shinnytech.com/t/nfmd/front/mobile 的网络连接已建立
al2302.SHFE fetched: 243
al2302.SHFE saved: 243
2026-04-19 23:48:15 -     INFO - 通知 : 与 wss://free-api.shinnytech.com/t/nfmd/front/mobile 的网络连接已建立
al2303.SHFE fetched: 243
al2303.SHFE saved: 243
2026-04-19 23:48:15 -     INFO - 通知 : 与 wss://free-api.shinnytech.com/t/nfmd/front/mobile 的网络连接已建立
al2304.SHFE fetched: 244
al2304.SHFE saved: 244
2026-04-19 23:48:16 -     INFO - 通知 : 与 wss://free-api.shinnytech.com/t/nfmd/front/mobile 的网络连接已建立
al2305.SHFE fetched: 243
al2305.SHFE saved: 243
2026-04-19 23:48:17 -     INFO - 通知 : 与 wss://free-api.shinnytech.com/t/nfmd/front/mobile 的网络连接已建立
al2306.SHFE fetched: 245
al2306.SHFE saved: 245
2026-04-19 23:48:18 -     INFO - 通知 : 与 wss://free-api.shinnytech.com/t/nfmd/front/mobile 的网络连接已建立
al2307.SHFE fetched: 243
al2307.SHFE saved: 243
2026-04-19 23:48:19 -     INFO - 通知 : 与 wss://free-api.shinnytech.com/t/nfmd/front/mobile 的网络连接已建立
al2308.SHFE fetched: 243
al2308.SHFE saved: 243
2026-04-19 23:48:20 -     INFO - 通知 : 与 wss://free-api.shinnytech.com/t/nfmd/front/mobile 的网络连接已建立
al2309.SHFE fetched: 244
al2309.SHFE saved: 244
2026-04-19 23:48:20 -     INFO - 通知 : 与 wss://free-api.shinnytech.com/t/nfmd/front/mobile 的网络连接已建立
al2310.SHFE fetched: 242
al2310.SHFE saved: 242
2026-04-19 23:48:21 -     INFO - 通知 : 与 wss://free-api.shinnytech.com/t/nfmd/front/mobile 的网络连接已建立
al2311.SHFE fetched: 243
al2311.SHFE saved: 243
2026-04-19 23:48:22 -     INFO - 通知 : 与 wss://free-api.shinnytech.com/t/nfmd/front/mobile 的网络连接已建立
al2312.SHFE fetched: 243
al2312.SHFE saved: 243
2026-04-19 23:48:23 -     INFO - 通知 : 与 wss://free-api.shinnytech.com/t/nfmd/front/mobile 的网络连接已建立
al2401.SHFE fetched: 242
al2401.SHFE saved: 242
2026-04-19 23:48:24 -     INFO - 通知 : 与 wss://free-api.shinnytech.com/t/nfmd/front/mobile 的网络连接已建立
al2402.SHFE fetched: 244
al2402.SHFE saved: 244
2026-04-19 23:48:25 -     INFO - 通知 : 与 wss://free-api.shinnytech.com/t/nfmd/front/mobile 的网络连接已建立
al2403.SHFE fetched: 243
al2403.SHFE saved: 243
2026-04-19 23:48:26 -     INFO - 通知 : 与 wss://free-api.shinnytech.com/t/nfmd/front/mobile 的网络连接已建立
al2404.SHFE fetched: 240
al2404.SHFE saved: 240
2026-04-19 23:48:26 -     INFO - 通知 : 与 wss://free-api.shinnytech.com/t/nfmd/front/mobile 的网络连接已建立
al2405.SHFE fetched: 242
al2405.SHFE saved: 242
2026-04-19 23:48:27 -     INFO - 通知 : 与 wss://free-api.shinnytech.com/t/nfmd/front/mobile 的网络连接已建立
al2406.SHFE fetched: 241
al2406.SHFE saved: 241
2026-04-19 23:48:28 -     INFO - 通知 : 与 wss://free-api.shinnytech.com/t/nfmd/front/mobile 的网络连接已建立
al2407.SHFE fetched: 241
al2407.SHFE saved: 241
2026-04-19 23:48:29 -     INFO - 通知 : 与 wss://free-api.shinnytech.com/t/nfmd/front/mobile 的网络连接已建立
al2408.SHFE fetched: 243
al2408.SHFE saved: 243
2026-04-19 23:48:30 -     INFO - 通知 : 与 wss://free-api.shinnytech.com/t/nfmd/front/mobile 的网络连接已建立
al2409.SHFE fetched: 242
al2409.SHFE saved: 242
2026-04-19 23:48:31 -     INFO - 通知 : 与 wss://free-api.shinnytech.com/t/nfmd/front/mobile 的网络连接已建立
al2410.SHFE fetched: 241
al2410.SHFE saved: 241
2026-04-19 23:48:32 -     INFO - 通知 : 与 wss://free-api.shinnytech.com/t/nfmd/front/mobile 的网络连接已建立
al2411.SHFE fetched: 242
al2411.SHFE saved: 242
2026-04-19 23:48:32 -     INFO - 通知 : 与 wss://free-api.shinnytech.com/t/nfmd/front/mobile 的网络连接已建立
al2412.SHFE fetched: 241
al2412.SHFE saved: 241
2026-04-19 23:48:33 -     INFO - 通知 : 与 wss://free-api.shinnytech.com/t/nfmd/front/mobile 的网络连接已建立
al2501.SHFE fetched: 242
al2501.SHFE saved: 242
2026-04-19 23:48:35 -     INFO - 通知 : 与 wss://free-api.shinnytech.com/t/nfmd/front/mobile 的网络连接已建立
al2502.SHFE fetched: 240
al2502.SHFE saved: 240
2026-04-19 23:48:35 -     INFO - 通知 : 与 wss://free-api.shinnytech.com/t/nfmd/front/mobile 的网络连接已建立
al2503.SHFE fetched: 241
al2503.SHFE saved: 241
2026-04-19 23:48:36 -     INFO - 通知 : 与 wss://free-api.shinnytech.com/t/nfmd/front/mobile 的网络连接已建立
al2504.SHFE fetched: 242
al2504.SHFE saved: 242
2026-04-19 23:48:37 -     INFO - 通知 : 与 wss://free-api.shinnytech.com/t/nfmd/front/mobile 的网络连接已建立
al2505.SHFE fetched: 242
al2505.SHFE saved: 242
2026-04-19 23:48:38 -     INFO - 通知 : 与 wss://free-api.shinnytech.com/t/nfmd/front/mobile 的网络连接已建立
al2506.SHFE fetched: 241
al2506.SHFE saved: 241
2026-04-19 23:48:39 -     INFO - 通知 : 与 wss://free-api.shinnytech.com/t/nfmd/front/mobile 的网络连接已建立
al2507.SHFE fetched: 242
al2507.SHFE saved: 242
2026-04-19 23:48:40 -     INFO - 通知 : 与 wss://free-api.shinnytech.com/t/nfmd/front/mobile 的网络连接已建立
al2508.SHFE fetched: 242
al2508.SHFE saved: 242
2026-04-19 23:48:41 -     INFO - 通知 : 与 wss://free-api.shinnytech.com/t/nfmd/front/mobile 的网络连接已建立
al2509.SHFE fetched: 241
al2509.SHFE saved: 241
2026-04-19 23:48:41 -     INFO - 通知 : 与 wss://free-api.shinnytech.com/t/nfmd/front/mobile 的网络连接已建立
al2510.SHFE fetched: 243
al2510.SHFE saved: 243
2026-04-19 23:48:42 -     INFO - 通知 : 与 wss://free-api.shinnytech.com/t/nfmd/front/mobile 的网络连接已建立
al2511.SHFE fetched: 243
al2511.SHFE saved: 243
2026-04-19 23:48:43 -     INFO - 通知 : 与 wss://free-api.shinnytech.com/t/nfmd/front/mobile 的网络连接已建立
al2512.SHFE fetched: 242
al2512.SHFE saved: 242
2026-04-19 23:48:44 -     INFO - 通知 : 与 wss://free-api.shinnytech.com/t/nfmd/front/mobile 的网络连接已建立
al2601.SHFE fetched: 242
al2601.SHFE saved: 242
2026-04-19 23:48:45 -     INFO - 通知 : 与 wss://free-api.shinnytech.com/t/nfmd/front/mobile 的网络连接已建立
al2602.SHFE fetched: 247
al2602.SHFE saved: 247
2026-04-19 23:48:46 -     INFO - 通知 : 与 wss://free-api.shinnytech.com/t/nfmd/front/mobile 的网络连接已建立
al2603.SHFE fetched: 241
al2603.SHFE saved: 241
2026-04-19 23:48:47 -     INFO - 通知 : 与 wss://free-api.shinnytech.com/t/nfmd/front/mobile 的网络连接已建立
al2604.SHFE fetched: 242
al2604.SHFE saved: 242
2026-04-19 23:48:48 -     INFO - 通知 : 与 wss://free-api.shinnytech.com/t/nfmd/front/mobile 的网络连接已建立
al2605.SHFE fetched: 226
al2605.SHFE saved: 226
2026-04-19 23:48:49 -     INFO - 通知 : 与 wss://free-api.shinnytech.com/t/nfmd/front/mobile 的网络连接已建立
al2606.SHFE fetched: 205
al2606.SHFE saved: 205
2026-04-19 23:48:50 -     INFO - 通知 : 与 wss://free-api.shinnytech.com/t/nfmd/front/mobile 的网络连接已建立
hc2005.SHFE fetched: 232
hc2005.SHFE saved: 232
2026-04-19 23:48:51 -     INFO - 通知 : 与 wss://free-api.shinnytech.com/t/nfmd/front/mobile 的网络连接已建立
hc2010.SHFE fetched: 243
hc2010.SHFE saved: 243
2026-04-19 23:48:52 -     INFO - 通知 : 与 wss://free-api.shinnytech.com/t/nfmd/front/mobile 的网络连接已建立
hc2101.SHFE fetched: 243
hc2101.SHFE saved: 243
2026-04-19 23:48:53 -     INFO - 通知 : 与 wss://free-api.shinnytech.com/t/nfmd/front/mobile 的网络连接已建立
hc2105.SHFE fetched: 243
hc2105.SHFE saved: 243
2026-04-19 23:48:54 -     INFO - 通知 : 与 wss://free-api.shinnytech.com/t/nfmd/front/mobile 的网络连接已建立
hc2110.SHFE fetched: 243
hc2110.SHFE saved: 243
2026-04-19 23:48:55 -     INFO - 通知 : 与 wss://free-api.shinnytech.com/t/nfmd/front/mobile 的网络连接已建立
hc2201.SHFE fetched: 243
hc2201.SHFE saved: 243
2026-04-19 23:48:56 -     INFO - 通知 : 与 wss://free-api.shinnytech.com/t/nfmd/front/mobile 的网络连接已建立
hc2205.SHFE fetched: 241
hc2205.SHFE saved: 241
2026-04-19 23:48:57 -     INFO - 通知 : 与 wss://free-api.shinnytech.com/t/nfmd/front/mobile 的网络连接已建立
hc2210.SHFE fetched: 243
hc2210.SHFE saved: 243
2026-04-19 23:48:58 -     INFO - 通知 : 与 wss://free-api.shinnytech.com/t/nfmd/front/mobile 的网络连接已建立
hc2301.SHFE fetched: 242
hc2301.SHFE saved: 242
2026-04-19 23:48:59 -     INFO - 通知 : 与 wss://free-api.shinnytech.com/t/nfmd/front/mobile 的网络连接已建立
hc2305.SHFE fetched: 243
hc2305.SHFE saved: 243
2026-04-19 23:48:59 -     INFO - 通知 : 与 wss://free-api.shinnytech.com/t/nfmd/front/mobile 的网络连接已建立
hc2310.SHFE fetched: 242
hc2310.SHFE saved: 242
2026-04-19 23:49:00 -     INFO - 通知 : 与 wss://free-api.shinnytech.com/t/nfmd/front/mobile 的网络连接已建立
hc2401.SHFE fetched: 242
hc2401.SHFE saved: 242
2026-04-19 23:49:01 -     INFO - 通知 : 与 wss://free-api.shinnytech.com/t/nfmd/front/mobile 的网络连接已建立
hc2405.SHFE fetched: 242
hc2405.SHFE saved: 242
2026-04-19 23:49:02 -     INFO - 通知 : 与 wss://free-api.shinnytech.com/t/nfmd/front/mobile 的网络连接已建立
hc2410.SHFE fetched: 241
hc2410.SHFE saved: 241
2026-04-19 23:49:03 -     INFO - 通知 : 与 wss://free-api.shinnytech.com/t/nfmd/front/mobile 的网络连接已建立
hc2501.SHFE fetched: 242
hc2501.SHFE saved: 242
2026-04-19 23:49:04 -     INFO - 通知 : 与 wss://free-api.shinnytech.com/t/nfmd/front/mobile 的网络连接已建立
hc2505.SHFE fetched: 242
hc2505.SHFE saved: 242
2026-04-19 23:49:06 -     INFO - 通知 : 与 wss://free-api.shinnytech.com/t/nfmd/front/mobile 的网络连接已建立
hc2510.SHFE fetched: 243
hc2510.SHFE saved: 243
2026-04-19 23:49:07 -     INFO - 通知 : 与 wss://free-api.shinnytech.com/t/nfmd/front/mobile 的网络连接已建立
hc2601.SHFE fetched: 242
hc2601.SHFE saved: 242
2026-04-19 23:49:08 -     INFO - 通知 : 与 wss://free-api.shinnytech.com/t/nfmd/front/mobile 的网络连接已建立
hc2605.SHFE fetched: 226
hc2605.SHFE saved: 226
2026-04-19 23:49:10 -     INFO - 通知 : 与 wss://free-api.shinnytech.com/t/nfmd/front/mobile 的网络连接已建立
hc2610.SHFE fetched: 124
hc2610.SHFE saved: 124
2026-04-19 23:49:10 -     INFO - 通知 : 与 wss://free-api.shinnytech.com/t/nfmd/front/mobile 的网络连接已建立
j2005.DCE fetched: 234
j2005.DCE saved: 234
2026-04-19 23:49:12 -     INFO - 通知 : 与 wss://free-api.shinnytech.com/t/nfmd/front/mobile 的网络连接已建立
j2009.DCE fetched: 242
j2009.DCE saved: 242
2026-04-19 23:49:13 -     INFO - 通知 : 与 wss://free-api.shinnytech.com/t/nfmd/front/mobile 的网络连接已建立
j2101.DCE fetched: 243
j2101.DCE saved: 243
2026-04-19 23:49:14 -     INFO - 通知 : 与 wss://free-api.shinnytech.com/t/nfmd/front/mobile 的网络连接已建立
j2105.DCE fetched: 243
j2105.DCE saved: 243
2026-04-19 23:49:15 -     INFO - 通知 : 与 wss://free-api.shinnytech.com/t/nfmd/front/mobile 的网络连接已建立
j2109.DCE fetched: 244
j2109.DCE saved: 244
2026-04-19 23:49:17 -     INFO - 通知 : 与 wss://free-api.shinnytech.com/t/nfmd/front/mobile 的网络连接已建立
j2201.DCE fetched: 243
j2201.DCE saved: 243
2026-04-19 23:49:18 -     INFO - 通知 : 与 wss://free-api.shinnytech.com/t/nfmd/front/mobile 的网络连接已建立
j2205.DCE fetched: 241
j2205.DCE saved: 241
2026-04-19 23:49:19 -     INFO - 通知 : 与 wss://free-api.shinnytech.com/t/nfmd/front/mobile 的网络连接已建立
j2209.DCE fetched: 242
j2209.DCE saved: 242
2026-04-19 23:49:20 -     INFO - 通知 : 与 wss://free-api.shinnytech.com/t/nfmd/front/mobile 的网络连接已建立
j2301.DCE fetched: 242
j2301.DCE saved: 242
2026-04-19 23:49:21 -     INFO - 通知 : 与 wss://free-api.shinnytech.com/t/nfmd/front/mobile 的网络连接已建立
j2305.DCE fetched: 243
j2305.DCE saved: 243
2026-04-19 23:49:22 -     INFO - 通知 : 与 wss://free-api.shinnytech.com/t/nfmd/front/mobile 的网络连接已建立
j2309.DCE fetched: 243
j2309.DCE saved: 243
2026-04-19 23:49:24 -     INFO - 通知 : 与 wss://free-api.shinnytech.com/t/nfmd/front/mobile 的网络连接已建立
j2401.DCE fetched: 242
j2401.DCE saved: 242
2026-04-19 23:49:25 -     INFO - 通知 : 与 wss://free-api.shinnytech.com/t/nfmd/front/mobile 的网络连接已建立
j2405.DCE fetched: 242
j2405.DCE saved: 242
2026-04-19 23:49:27 -     INFO - 通知 : 与 wss://free-api.shinnytech.com/t/nfmd/front/mobile 的网络连接已建立
j2409.DCE fetched: 242
j2409.DCE saved: 242
2026-04-19 23:49:27 -     INFO - 通知 : 与 wss://free-api.shinnytech.com/t/nfmd/front/mobile 的网络连接已建立
j2501.DCE fetched: 242
j2501.DCE saved: 242
2026-04-19 23:49:28 -     INFO - 通知 : 与 wss://free-api.shinnytech.com/t/nfmd/front/mobile 的网络连接已建立
j2505.DCE fetched: 242
j2505.DCE saved: 242
2026-04-19 23:49:30 -     INFO - 通知 : 与 wss://free-api.shinnytech.com/t/nfmd/front/mobile 的网络连接已建立
j2509.DCE fetched: 241
j2509.DCE saved: 241
2026-04-19 23:49:31 -     INFO - 通知 : 与 wss://free-api.shinnytech.com/t/nfmd/front/mobile 的网络连接已建立
j2601.DCE fetched: 243
j2601.DCE saved: 243
2026-04-19 23:49:32 -     INFO - 通知 : 与 wss://free-api.shinnytech.com/t/nfmd/front/mobile 的网络连接已建立
j2605.DCE fetched: 224
j2605.DCE saved: 224
2026-04-19 23:49:33 -     INFO - 通知 : 与 wss://free-api.shinnytech.com/t/nfmd/front/mobile 的网络连接已建立
jm2005.DCE fetched: 234
jm2005.DCE saved: 234
2026-04-19 23:49:35 -     INFO - 通知 : 与 wss://free-api.shinnytech.com/t/nfmd/front/mobile 的网络连接已建立
jm2009.DCE fetched: 242
jm2009.DCE saved: 242
2026-04-19 23:49:36 -     INFO - 通知 : 与 wss://free-api.shinnytech.com/t/nfmd/front/mobile 的网络连接已建立
jm2101.DCE fetched: 243
jm2101.DCE saved: 243
2026-04-19 23:49:37 -     INFO - 通知 : 与 wss://free-api.shinnytech.com/t/nfmd/front/mobile 的网络连接已建立
jm2105.DCE fetched: 243
jm2105.DCE saved: 243
2026-04-19 23:49:39 -     INFO - 通知 : 与 wss://free-api.shinnytech.com/t/nfmd/front/mobile 的网络连接已建立
jm2109.DCE fetched: 244
jm2109.DCE saved: 244
2026-04-19 23:49:39 -     INFO - 通知 : 与 wss://free-api.shinnytech.com/t/nfmd/front/mobile 的网络连接已建立
jm2201.DCE fetched: 243
jm2201.DCE saved: 243
2026-04-19 23:49:40 -     INFO - 通知 : 与 wss://free-api.shinnytech.com/t/nfmd/front/mobile 的网络连接已建立
jm2205.DCE fetched: 241
jm2205.DCE saved: 241
2026-04-19 23:49:42 -     INFO - 通知 : 与 wss://free-api.shinnytech.com/t/nfmd/front/mobile 的网络连接已建立
jm2209.DCE fetched: 242
jm2209.DCE saved: 242
2026-04-19 23:49:43 -     INFO - 通知 : 与 wss://free-api.shinnytech.com/t/nfmd/front/mobile 的网络连接已建立
jm2301.DCE fetched: 242
jm2301.DCE saved: 242
2026-04-19 23:49:44 -     INFO - 通知 : 与 wss://free-api.shinnytech.com/t/nfmd/front/mobile 的网络连接已建立
jm2305.DCE fetched: 243
jm2305.DCE saved: 243
2026-04-19 23:49:46 -     INFO - 通知 : 与 wss://free-api.shinnytech.com/t/nfmd/front/mobile 的网络连接已建立
jm2309.DCE fetched: 243
jm2309.DCE saved: 243
2026-04-19 23:49:47 -     INFO - 通知 : 与 wss://free-api.shinnytech.com/t/nfmd/front/mobile 的网络连接已建立
jm2401.DCE fetched: 242
jm2401.DCE saved: 242
2026-04-19 23:49:48 -     INFO - 通知 : 与 wss://free-api.shinnytech.com/t/nfmd/front/mobile 的网络连接已建立
jm2405.DCE fetched: 242
jm2405.DCE saved: 242
2026-04-19 23:49:49 -     INFO - 通知 : 与 wss://free-api.shinnytech.com/t/nfmd/front/mobile 的网络连接已建立
jm2409.DCE fetched: 242
jm2409.DCE saved: 242
2026-04-19 23:49:50 -     INFO - 通知 : 与 wss://free-api.shinnytech.com/t/nfmd/front/mobile 的网络连接已建立
jm2501.DCE fetched: 242
jm2501.DCE saved: 242
2026-04-19 23:49:52 -     INFO - 通知 : 与 wss://free-api.shinnytech.com/t/nfmd/front/mobile 的网络连接已建立
jm2505.DCE fetched: 242
jm2505.DCE saved: 242
2026-04-19 23:49:53 -     INFO - 通知 : 与 wss://free-api.shinnytech.com/t/nfmd/front/mobile 的网络连接已建立
jm2509.DCE fetched: 241
jm2509.DCE saved: 241
2026-04-19 23:49:54 -     INFO - 通知 : 与 wss://free-api.shinnytech.com/t/nfmd/front/mobile 的网络连接已建立
jm2601.DCE fetched: 243
jm2601.DCE saved: 243
2026-04-19 23:49:55 -     INFO - 通知 : 与 wss://free-api.shinnytech.com/t/nfmd/front/mobile 的网络连接已建立
jm2605.DCE fetched: 224
jm2605.DCE saved: 224
2026-04-19 23:49:56 -     INFO - 通知 : 与 wss://free-api.shinnytech.com/t/nfmd/front/mobile 的网络连接已建立
jm2609.DCE fetched: 141
jm2609.DCE saved: 141
2026-04-19 23:49:57 -     INFO - 通知 : 与 wss://free-api.shinnytech.com/t/nfmd/front/mobile 的网络连接已建立
lc2401.GFEX fetched: 120
lc2401.GFEX saved: 120
2026-04-19 23:49:58 -     INFO - 通知 : 与 wss://free-api.shinnytech.com/t/nfmd/front/mobile 的网络连接已建立
lc2407.GFEX fetched: 237
lc2407.GFEX saved: 237
2026-04-19 23:50:00 -     INFO - 通知 : 与 wss://free-api.shinnytech.com/t/nfmd/front/mobile 的网络连接已建立
lc2411.GFEX fetched: 242
lc2411.GFEX saved: 242
2026-04-19 23:50:01 -     INFO - 通知 : 与 wss://free-api.shinnytech.com/t/nfmd/front/mobile 的网络连接已建立
lc2501.GFEX fetched: 242
lc2501.GFEX saved: 242
2026-04-19 23:50:02 -     INFO - 通知 : 与 wss://free-api.shinnytech.com/t/nfmd/front/mobile 的网络连接已建立
lc2505.GFEX fetched: 242
lc2505.GFEX saved: 242
2026-04-19 23:50:03 -     INFO - 通知 : 与 wss://free-api.shinnytech.com/t/nfmd/front/mobile 的网络连接已建立
lc2507.GFEX fetched: 242
lc2507.GFEX saved: 242
2026-04-19 23:50:05 -     INFO - 通知 : 与 wss://free-api.shinnytech.com/t/nfmd/front/mobile 的网络连接已建立
lc2509.GFEX fetched: 241
lc2509.GFEX saved: 241
2026-04-19 23:50:06 -     INFO - 通知 : 与 wss://free-api.shinnytech.com/t/nfmd/front/mobile 的网络连接已建立
lc2511.GFEX fetched: 243
lc2511.GFEX saved: 243
2026-04-19 23:50:07 -     INFO - 通知 : 与 wss://free-api.shinnytech.com/t/nfmd/front/mobile 的网络连接已建立
lc2601.GFEX fetched: 243
lc2601.GFEX saved: 243
2026-04-19 23:50:08 -     INFO - 通知 : 与 wss://free-api.shinnytech.com/t/nfmd/front/mobile 的网络连接已建立
lc2605.GFEX fetched: 223
lc2605.GFEX saved: 223
2026-04-19 23:50:10 -     INFO - 通知 : 与 wss://free-api.shinnytech.com/t/nfmd/front/mobile 的网络连接已建立
lc2609.GFEX fetched: 140
lc2609.GFEX saved: 140
2026-04-19 23:50:11 -     INFO - 通知 : 与 wss://free-api.shinnytech.com/t/nfmd/front/mobile 的网络连接已建立
lh2109.DCE fetched: 175
lh2109.DCE saved: 175
2026-04-19 23:50:12 -     INFO - 通知 : 与 wss://free-api.shinnytech.com/t/nfmd/front/mobile 的网络连接已建立
lh2201.DCE fetched: 255
lh2201.DCE saved: 255
2026-04-19 23:50:13 -     INFO - 通知 : 与 wss://free-api.shinnytech.com/t/nfmd/front/mobile 的网络连接已建立
lh2203.DCE fetched: 243
lh2203.DCE saved: 243
2026-04-19 23:50:15 -     INFO - 通知 : 与 wss://free-api.shinnytech.com/t/nfmd/front/mobile 的网络连接已建立
lh2205.DCE fetched: 242
lh2205.DCE saved: 242
2026-04-19 23:50:16 -     INFO - 通知 : 与 wss://free-api.shinnytech.com/t/nfmd/front/mobile 的网络连接已建立
lh2209.DCE fetched: 243
lh2209.DCE saved: 243
2026-04-19 23:50:16 -     INFO - 通知 : 与 wss://free-api.shinnytech.com/t/nfmd/front/mobile 的网络连接已建立
lh2301.DCE fetched: 239
lh2301.DCE saved: 239
2026-04-19 23:50:17 -     INFO - 通知 : 与 wss://free-api.shinnytech.com/t/nfmd/front/mobile 的网络连接已建立
lh2303.DCE fetched: 243
lh2303.DCE saved: 243
2026-04-19 23:50:19 -     INFO - 通知 : 与 wss://free-api.shinnytech.com/t/nfmd/front/mobile 的网络连接已建立
lh2305.DCE fetched: 244
lh2305.DCE saved: 244
2026-04-19 23:50:20 -     INFO - 通知 : 与 wss://free-api.shinnytech.com/t/nfmd/front/mobile 的网络连接已建立
lh2307.DCE fetched: 243
lh2307.DCE saved: 243
2026-04-19 23:50:21 -     INFO - 通知 : 与 wss://free-api.shinnytech.com/t/nfmd/front/mobile 的网络连接已建立
lh2309.DCE fetched: 242
lh2309.DCE saved: 242
2026-04-19 23:50:23 -     INFO - 通知 : 与 wss://free-api.shinnytech.com/t/nfmd/front/mobile 的网络连接已建立
lh2311.DCE fetched: 243
lh2311.DCE saved: 243
2026-04-19 23:50:24 -     INFO - 通知 : 与 wss://free-api.shinnytech.com/t/nfmd/front/mobile 的网络连接已建立
lh2401.DCE fetched: 248
lh2401.DCE saved: 248
2026-04-19 23:50:25 -     INFO - 通知 : 与 wss://free-api.shinnytech.com/t/nfmd/front/mobile 的网络连接已建立
lh2403.DCE fetched: 241
lh2403.DCE saved: 241
2026-04-19 23:50:26 -     INFO - 通知 : 与 wss://free-api.shinnytech.com/t/nfmd/front/mobile 的网络连接已建立
lh2405.DCE fetched: 242
lh2405.DCE saved: 242
2026-04-19 23:50:27 -     INFO - 通知 : 与 wss://free-api.shinnytech.com/t/nfmd/front/mobile 的网络连接已建立
lh2409.DCE fetched: 241
lh2409.DCE saved: 241
2026-04-19 23:50:28 -     INFO - 通知 : 与 wss://free-api.shinnytech.com/t/nfmd/front/mobile 的网络连接已建立
lh2411.DCE fetched: 241
lh2411.DCE saved: 241
2026-04-19 23:50:30 -     INFO - 通知 : 与 wss://free-api.shinnytech.com/t/nfmd/front/mobile 的网络连接已建立
lh2501.DCE fetched: 238
lh2501.DCE saved: 238
2026-04-19 23:50:31 -     INFO - 通知 : 与 wss://free-api.shinnytech.com/t/nfmd/front/mobile 的网络连接已建立
lh2503.DCE fetched: 241
lh2503.DCE saved: 241
2026-04-19 23:50:32 -     INFO - 通知 : 与 wss://free-api.shinnytech.com/t/nfmd/front/mobile 的网络连接已建立
lh2505.DCE fetched: 241
lh2505.DCE saved: 241
2026-04-19 23:50:34 -     INFO - 通知 : 与 wss://free-api.shinnytech.com/t/nfmd/front/mobile 的网络连接已建立
lh2509.DCE fetched: 244
lh2509.DCE saved: 244
2026-04-19 23:50:35 -     INFO - 通知 : 与 wss://free-api.shinnytech.com/t/nfmd/front/mobile 的网络连接已建立
lh2511.DCE fetched: 242
lh2511.DCE saved: 242
2026-04-19 23:50:36 -     INFO - 通知 : 与 wss://free-api.shinnytech.com/t/nfmd/front/mobile 的网络连接已建立
lh2601.DCE fetched: 245
lh2601.DCE saved: 245
2026-04-19 23:50:38 -     INFO - 通知 : 与 wss://free-api.shinnytech.com/t/nfmd/front/mobile 的网络连接已建立
lh2603.DCE fetched: 242
lh2603.DCE saved: 242
2026-04-19 23:50:39 -     INFO - 通知 : 与 wss://free-api.shinnytech.com/t/nfmd/front/mobile 的网络连接已建立
lh2605.DCE fetched: 217
lh2605.DCE saved: 217
2026-04-19 23:50:39 -     INFO - 通知 : 与 wss://free-api.shinnytech.com/t/nfmd/front/mobile 的网络连接已建立
lh2607.DCE fetched: 174
lh2607.DCE saved: 174
2026-04-19 23:50:40 -     INFO - 通知 : 与 wss://free-api.shinnytech.com/t/nfmd/front/mobile 的网络连接已建立
rb2005.SHFE fetched: 232
rb2005.SHFE saved: 232
2026-04-19 23:50:41 -     INFO - 通知 : 与 wss://free-api.shinnytech.com/t/nfmd/front/mobile 的网络连接已建立
rb2010.SHFE fetched: 243
rb2010.SHFE saved: 243
2026-04-19 23:50:43 -     INFO - 通知 : 与 wss://free-api.shinnytech.com/t/nfmd/front/mobile 的网络连接已建立
rb2101.SHFE fetched: 243
rb2101.SHFE saved: 243
2026-04-19 23:50:44 -     INFO - 通知 : 与 wss://free-api.shinnytech.com/t/nfmd/front/mobile 的网络连接已建立
rb2105.SHFE fetched: 243
rb2105.SHFE saved: 243
2026-04-19 23:50:45 -     INFO - 通知 : 与 wss://free-api.shinnytech.com/t/nfmd/front/mobile 的网络连接已建立
rb2110.SHFE fetched: 243
rb2110.SHFE saved: 243
2026-04-19 23:50:47 -     INFO - 通知 : 与 wss://free-api.shinnytech.com/t/nfmd/front/mobile 的网络连接已建立
rb2201.SHFE fetched: 243
rb2201.SHFE saved: 243
2026-04-19 23:50:48 -     INFO - 通知 : 与 wss://free-api.shinnytech.com/t/nfmd/front/mobile 的网络连接已建立
rb2205.SHFE fetched: 241
rb2205.SHFE saved: 241
2026-04-19 23:50:49 -     INFO - 通知 : 与 wss://free-api.shinnytech.com/t/nfmd/front/mobile 的网络连接已建立
rb2210.SHFE fetched: 243
rb2210.SHFE saved: 243
2026-04-19 23:50:50 -     INFO - 通知 : 与 wss://free-api.shinnytech.com/t/nfmd/front/mobile 的网络连接已建立
rb2301.SHFE fetched: 242
rb2301.SHFE saved: 242
2026-04-19 23:50:51 -     INFO - 通知 : 与 wss://free-api.shinnytech.com/t/nfmd/front/mobile 的网络连接已建立
rb2305.SHFE fetched: 243
rb2305.SHFE saved: 243
2026-04-19 23:50:52 -     INFO - 通知 : 与 wss://free-api.shinnytech.com/t/nfmd/front/mobile 的网络连接已建立
rb2310.SHFE fetched: 242
rb2310.SHFE saved: 242
2026-04-19 23:50:53 -     INFO - 通知 : 与 wss://free-api.shinnytech.com/t/nfmd/front/mobile 的网络连接已建立
rb2401.SHFE fetched: 242
rb2401.SHFE saved: 242
2026-04-19 23:50:55 -     INFO - 通知 : 与 wss://free-api.shinnytech.com/t/nfmd/front/mobile 的网络连接已建立
rb2405.SHFE fetched: 242
rb2405.SHFE saved: 242
2026-04-19 23:50:56 -     INFO - 通知 : 与 wss://free-api.shinnytech.com/t/nfmd/front/mobile 的网络连接已建立
rb2410.SHFE fetched: 241
rb2410.SHFE saved: 241
2026-04-19 23:50:57 -     INFO - 通知 : 与 wss://free-api.shinnytech.com/t/nfmd/front/mobile 的网络连接已建立
rb2501.SHFE fetched: 242
rb2501.SHFE saved: 242
2026-04-19 23:50:59 -     INFO - 通知 : 与 wss://free-api.shinnytech.com/t/nfmd/front/mobile 的网络连接已建立
rb2505.SHFE fetched: 242
rb2505.SHFE saved: 242
2026-04-19 23:51:00 -     INFO - 通知 : 与 wss://free-api.shinnytech.com/t/nfmd/front/mobile 的网络连接已建立
rb2510.SHFE fetched: 243
rb2510.SHFE saved: 243
2026-04-19 23:51:01 -     INFO - 通知 : 与 wss://free-api.shinnytech.com/t/nfmd/front/mobile 的网络连接已建立
rb2601.SHFE fetched: 242
rb2601.SHFE saved: 242
2026-04-19 23:51:02 -     INFO - 通知 : 与 wss://free-api.shinnytech.com/t/nfmd/front/mobile 的网络连接已建立
rb2605.SHFE fetched: 226
rb2605.SHFE saved: 226
2026-04-19 23:51:04 -     INFO - 通知 : 与 wss://free-api.shinnytech.com/t/nfmd/front/mobile 的网络连接已建立
rb2610.SHFE fetched: 124
rb2610.SHFE saved: 124
2026-04-19 23:51:05 -     INFO - 通知 : 与 wss://free-api.shinnytech.com/t/nfmd/front/mobile 的网络连接已建立
ru2005.SHFE fetched: 232
ru2005.SHFE saved: 232
2026-04-19 23:51:05 -     INFO - 通知 : 与 wss://free-api.shinnytech.com/t/nfmd/front/mobile 的网络连接已建立
ru2009.SHFE fetched: 243
ru2009.SHFE saved: 243
2026-04-19 23:51:08 -     INFO - 通知 : 与 wss://free-api.shinnytech.com/t/nfmd/front/mobile 的网络连接已建立
ru2101.SHFE fetched: 243
ru2101.SHFE saved: 243
2026-04-19 23:51:08 -     INFO - 通知 : 与 wss://free-api.shinnytech.com/t/nfmd/front/mobile 的网络连接已建立
ru2105.SHFE fetched: 243
ru2105.SHFE saved: 243
2026-04-19 23:51:09 -     INFO - 通知 : 与 wss://free-api.shinnytech.com/t/nfmd/front/mobile 的网络连接已建立
ru2109.SHFE fetched: 244
ru2109.SHFE saved: 244
2026-04-19 23:51:10 -     INFO - 通知 : 与 wss://free-api.shinnytech.com/t/nfmd/front/mobile 的网络连接已建立
ru2201.SHFE fetched: 243
ru2201.SHFE saved: 243
2026-04-19 23:51:12 -     INFO - 通知 : 与 wss://free-api.shinnytech.com/t/nfmd/front/mobile 的网络连接已建立
ru2205.SHFE fetched: 241
ru2205.SHFE saved: 241
2026-04-19 23:51:13 -     INFO - 通知 : 与 wss://free-api.shinnytech.com/t/nfmd/front/mobile 的网络连接已建立
ru2209.SHFE fetched: 241
ru2209.SHFE saved: 241
2026-04-19 23:51:14 -     INFO - 通知 : 与 wss://free-api.shinnytech.com/t/nfmd/front/mobile 的网络连接已建立
ru2301.SHFE fetched: 242
ru2301.SHFE saved: 242
2026-04-19 23:51:16 -     INFO - 通知 : 与 wss://free-api.shinnytech.com/t/nfmd/front/mobile 的网络连接已建立
ru2305.SHFE fetched: 243
ru2305.SHFE saved: 243
2026-04-19 23:51:17 -     INFO - 通知 : 与 wss://free-api.shinnytech.com/t/nfmd/front/mobile 的网络连接已建立
ru2309.SHFE fetched: 244
ru2309.SHFE saved: 244
2026-04-19 23:51:18 -     INFO - 通知 : 与 wss://free-api.shinnytech.com/t/nfmd/front/mobile 的网络连接已建立
ru2401.SHFE fetched: 242
ru2401.SHFE saved: 242
2026-04-19 23:51:19 -     INFO - 通知 : 与 wss://free-api.shinnytech.com/t/nfmd/front/mobile 的网络连接已建立
ru2405.SHFE fetched: 242
ru2405.SHFE saved: 242
2026-04-19 23:51:20 -     INFO - 通知 : 与 wss://free-api.shinnytech.com/t/nfmd/front/mobile 的网络连接已建立
ru2409.SHFE fetched: 242
ru2409.SHFE saved: 242
2026-04-19 23:51:21 -     INFO - 通知 : 与 wss://free-api.shinnytech.com/t/nfmd/front/mobile 的网络连接已建立
ru2501.SHFE fetched: 242
ru2501.SHFE saved: 242
2026-04-19 23:51:22 -     INFO - 通知 : 与 wss://free-api.shinnytech.com/t/nfmd/front/mobile 的网络连接已建立
ru2505.SHFE fetched: 242
ru2505.SHFE saved: 242
2026-04-19 23:51:24 -     INFO - 通知 : 与 wss://free-api.shinnytech.com/t/nfmd/front/mobile 的网络连接已建立
ru2509.SHFE fetched: 241
ru2509.SHFE saved: 241
2026-04-19 23:51:25 -     INFO - 通知 : 与 wss://free-api.shinnytech.com/t/nfmd/front/mobile 的网络连接已建立
ru2601.SHFE fetched: 242
ru2601.SHFE saved: 242
2026-04-19 23:51:26 -     INFO - 通知 : 与 wss://free-api.shinnytech.com/t/nfmd/front/mobile 的网络连接已建立
ru2605.SHFE fetched: 226
ru2605.SHFE saved: 226
2026-04-19 23:51:27 -     INFO - 通知 : 与 wss://free-api.shinnytech.com/t/nfmd/front/mobile 的网络连接已建立
ru2609.SHFE fetched: 140
ru2609.SHFE saved: 140
2026-04-19 23:51:28 -     INFO - 通知 : 与 wss://free-api.shinnytech.com/t/nfmd/front/mobile 的网络连接已建立
si2308.GFEX fetched: 156
si2308.GFEX saved: 156
2026-04-19 23:51:30 -     INFO - 通知 : 与 wss://free-api.shinnytech.com/t/nfmd/front/mobile 的网络连接已建立
si2309.GFEX fetched: 179
si2309.GFEX saved: 179
2026-04-19 23:51:31 -     INFO - 通知 : 与 wss://free-api.shinnytech.com/t/nfmd/front/mobile 的网络连接已建立
si2310.GFEX fetched: 199
si2310.GFEX saved: 199
2026-04-19 23:51:32 -     INFO - 通知 : 与 wss://free-api.shinnytech.com/t/nfmd/front/mobile 的网络连接已建立
si2311.GFEX fetched: 216
si2311.GFEX saved: 216
2026-04-19 23:51:34 -     INFO - 通知 : 与 wss://free-api.shinnytech.com/t/nfmd/front/mobile 的网络连接已建立
si2312.GFEX fetched: 238
si2312.GFEX saved: 238
2026-04-19 23:51:34 -     INFO - 通知 : 与 wss://free-api.shinnytech.com/t/nfmd/front/mobile 的网络连接已建立
si2401.GFEX fetched: 242
si2401.GFEX saved: 242
2026-04-19 23:51:35 -     INFO - 通知 : 与 wss://free-api.shinnytech.com/t/nfmd/front/mobile 的网络连接已建立
si2402.GFEX fetched: 248
si2402.GFEX saved: 248
2026-04-19 23:51:37 -     INFO - 通知 : 与 wss://free-api.shinnytech.com/t/nfmd/front/mobile 的网络连接已建立
si2403.GFEX fetched: 243
si2403.GFEX saved: 243
2026-04-19 23:51:38 -     INFO - 通知 : 与 wss://free-api.shinnytech.com/t/nfmd/front/mobile 的网络连接已建立
si2404.GFEX fetched: 161
si2404.GFEX saved: 161
2026-04-19 23:51:39 -     INFO - 通知 : 与 wss://free-api.shinnytech.com/t/nfmd/front/mobile 的网络连接已建立
si2405.GFEX fetched: 158
si2405.GFEX saved: 158
2026-04-19 23:51:41 -     INFO - 通知 : 与 wss://free-api.shinnytech.com/t/nfmd/front/mobile 的网络连接已建立
si2406.GFEX fetched: 158
si2406.GFEX saved: 158
2026-04-19 23:51:42 -     INFO - 通知 : 与 wss://free-api.shinnytech.com/t/nfmd/front/mobile 的网络连接已建立
si2407.GFEX fetched: 160
si2407.GFEX saved: 160
2026-04-19 23:51:43 -     INFO - 通知 : 与 wss://free-api.shinnytech.com/t/nfmd/front/mobile 的网络连接已建立
si2409.GFEX fetched: 162
si2409.GFEX saved: 162
2026-04-19 23:51:45 -     INFO - 通知 : 与 wss://free-api.shinnytech.com/t/nfmd/front/mobile 的网络连接已建立
si2411.GFEX fetched: 162
si2411.GFEX saved: 162
2026-04-19 23:51:45 -     INFO - 通知 : 与 wss://free-api.shinnytech.com/t/nfmd/front/mobile 的网络连接已建立
si2412.GFEX fetched: 162
si2412.GFEX saved: 162
2026-04-19 23:51:46 -     INFO - 通知 : 与 wss://free-api.shinnytech.com/t/nfmd/front/mobile 的网络连接已建立
si2501.GFEX fetched: 164
si2501.GFEX saved: 164
2026-04-19 23:51:47 -     INFO - 通知 : 与 wss://free-api.shinnytech.com/t/nfmd/front/mobile 的网络连接已建立
si2502.GFEX fetched: 182
si2502.GFEX saved: 182
2026-04-19 23:51:49 -     INFO - 通知 : 与 wss://free-api.shinnytech.com/t/nfmd/front/mobile 的网络连接已建立
si2503.GFEX fetched: 200
si2503.GFEX saved: 200
2026-04-19 23:51:50 -     INFO - 通知 : 与 wss://free-api.shinnytech.com/t/nfmd/front/mobile 的网络连接已建立
si2505.GFEX fetched: 242
si2505.GFEX saved: 242
2026-04-19 23:51:51 -     INFO - 通知 : 与 wss://free-api.shinnytech.com/t/nfmd/front/mobile 的网络连接已建立
si2506.GFEX fetched: 241
si2506.GFEX saved: 241
2026-04-19 23:51:53 -     INFO - 通知 : 与 wss://free-api.shinnytech.com/t/nfmd/front/mobile 的网络连接已建立
si2507.GFEX fetched: 242
si2507.GFEX saved: 242
2026-04-19 23:51:54 -     INFO - 通知 : 与 wss://free-api.shinnytech.com/t/nfmd/front/mobile 的网络连接已建立
si2509.GFEX fetched: 241
si2509.GFEX saved: 241
2026-04-19 23:51:55 -     INFO - 通知 : 与 wss://free-api.shinnytech.com/t/nfmd/front/mobile 的网络连接已建立
si2511.GFEX fetched: 243
si2511.GFEX saved: 243
2026-04-19 23:51:57 -     INFO - 通知 : 与 wss://free-api.shinnytech.com/t/nfmd/front/mobile 的网络连接已建立
si2601.GFEX fetched: 243
si2601.GFEX saved: 243
2026-04-19 23:51:57 -     INFO - 通知 : 与 wss://free-api.shinnytech.com/t/nfmd/front/mobile 的网络连接已建立
si2605.GFEX fetched: 223
si2605.GFEX saved: 223
2026-04-19 23:51:58 -     INFO - 通知 : 与 wss://free-api.shinnytech.com/t/nfmd/front/mobile 的网络连接已建立
si2609.GFEX fetched: 140
si2609.GFEX saved: 140
2026-04-19 23:52:00 -     INFO - 通知 : 与 wss://free-api.shinnytech.com/t/nfmd/front/mobile 的网络连接已建立
sp2005.SHFE fetched: 232
sp2005.SHFE saved: 232
2026-04-19 23:52:01 -     INFO - 通知 : 与 wss://free-api.shinnytech.com/t/nfmd/front/mobile 的网络连接已建立
sp2009.SHFE fetched: 243
sp2009.SHFE saved: 243
2026-04-19 23:52:02 -     INFO - 通知 : 与 wss://free-api.shinnytech.com/t/nfmd/front/mobile 的网络连接已建立
sp2012.SHFE fetched: 242
sp2012.SHFE saved: 242
2026-04-19 23:52:03 -     INFO - 通知 : 与 wss://free-api.shinnytech.com/t/nfmd/front/mobile 的网络连接已建立
sp2101.SHFE fetched: 243
sp2101.SHFE saved: 243
2026-04-19 23:52:05 -     INFO - 通知 : 与 wss://free-api.shinnytech.com/t/nfmd/front/mobile 的网络连接已建立
sp2103.SHFE fetched: 240
sp2103.SHFE saved: 240
2026-04-19 23:52:06 -     INFO - 通知 : 与 wss://free-api.shinnytech.com/t/nfmd/front/mobile 的网络连接已建立
sp2105.SHFE fetched: 243
sp2105.SHFE saved: 243
2026-04-19 23:52:07 -     INFO - 通知 : 与 wss://free-api.shinnytech.com/t/nfmd/front/mobile 的网络连接已建立
sp2106.SHFE fetched: 242
sp2106.SHFE saved: 242
2026-04-19 23:52:09 -     INFO - 通知 : 与 wss://free-api.shinnytech.com/t/nfmd/front/mobile 的网络连接已建立
sp2107.SHFE fetched: 244
sp2107.SHFE saved: 244
2026-04-19 23:52:10 -     INFO - 通知 : 与 wss://free-api.shinnytech.com/t/nfmd/front/mobile 的网络连接已建立
sp2109.SHFE fetched: 244
sp2109.SHFE saved: 244
2026-04-19 23:52:10 -     INFO - 通知 : 与 wss://free-api.shinnytech.com/t/nfmd/front/mobile 的网络连接已建立
sp2110.SHFE fetched: 243
sp2110.SHFE saved: 243
2026-04-19 23:52:11 -     INFO - 通知 : 与 wss://free-api.shinnytech.com/t/nfmd/front/mobile 的网络连接已建立
sp2111.SHFE fetched: 242
sp2111.SHFE saved: 242
2026-04-19 23:52:13 -     INFO - 通知 : 与 wss://free-api.shinnytech.com/t/nfmd/front/mobile 的网络连接已建立
sp2112.SHFE fetched: 243
sp2112.SHFE saved: 243
2026-04-19 23:52:14 -     INFO - 通知 : 与 wss://free-api.shinnytech.com/t/nfmd/front/mobile 的网络连接已建立
sp2201.SHFE fetched: 243
sp2201.SHFE saved: 243
2026-04-19 23:52:15 -     INFO - 通知 : 与 wss://free-api.shinnytech.com/t/nfmd/front/mobile 的网络连接已建立
sp2205.SHFE fetched: 241
sp2205.SHFE saved: 241
2026-04-19 23:52:17 -     INFO - 通知 : 与 wss://free-api.shinnytech.com/t/nfmd/front/mobile 的网络连接已建立
sp2209.SHFE fetched: 241
sp2209.SHFE saved: 241
2026-04-19 23:52:18 -     INFO - 通知 : 与 wss://free-api.shinnytech.com/t/nfmd/front/mobile 的网络连接已建立
sp2301.SHFE fetched: 242
sp2301.SHFE saved: 242
2026-04-19 23:52:19 -     INFO - 通知 : 与 wss://free-api.shinnytech.com/t/nfmd/front/mobile 的网络连接已建立
sp2305.SHFE fetched: 243
sp2305.SHFE saved: 243
2026-04-19 23:52:21 -     INFO - 通知 : 与 wss://free-api.shinnytech.com/t/nfmd/front/mobile 的网络连接已建立
sp2309.SHFE fetched: 244
sp2309.SHFE saved: 244
2026-04-19 23:52:21 -     INFO - 通知 : 与 wss://free-api.shinnytech.com/t/nfmd/front/mobile 的网络连接已建立
sp2401.SHFE fetched: 242
sp2401.SHFE saved: 242
2026-04-19 23:52:22 -     INFO - 通知 : 与 wss://free-api.shinnytech.com/t/nfmd/front/mobile 的网络连接已建立
sp2405.SHFE fetched: 242
sp2405.SHFE saved: 242
2026-04-19 23:52:24 -     INFO - 通知 : 与 wss://free-api.shinnytech.com/t/nfmd/front/mobile 的网络连接已建立
sp2409.SHFE fetched: 242
sp2409.SHFE saved: 242
2026-04-19 23:52:25 -     INFO - 通知 : 与 wss://free-api.shinnytech.com/t/nfmd/front/mobile 的网络连接已建立
sp2501.SHFE fetched: 242
sp2501.SHFE saved: 242
2026-04-19 23:52:26 -     INFO - 通知 : 与 wss://free-api.shinnytech.com/t/nfmd/front/mobile 的网络连接已建立
sp2503.SHFE fetched: 241
sp2503.SHFE saved: 241
2026-04-19 23:52:27 -     INFO - 通知 : 与 wss://free-api.shinnytech.com/t/nfmd/front/mobile 的网络连接已建立
sp2505.SHFE fetched: 242
sp2505.SHFE saved: 242
2026-04-19 23:52:28 -     INFO - 通知 : 与 wss://free-api.shinnytech.com/t/nfmd/front/mobile 的网络连接已建立
sp2507.SHFE fetched: 242
sp2507.SHFE saved: 242
2026-04-19 23:52:30 -     INFO - 通知 : 与 wss://free-api.shinnytech.com/t/nfmd/front/mobile 的网络连接已建立
sp2509.SHFE fetched: 241
sp2509.SHFE saved: 241
2026-04-19 23:52:31 -     INFO - 通知 : 与 wss://free-api.shinnytech.com/t/nfmd/front/mobile 的网络连接已建立
sp2511.SHFE fetched: 243
sp2511.SHFE saved: 243
2026-04-19 23:52:32 -     INFO - 通知 : 与 wss://free-api.shinnytech.com/t/nfmd/front/mobile 的网络连接已建立
sp2601.SHFE fetched: 242
sp2601.SHFE saved: 242
2026-04-19 23:52:34 -     INFO - 通知 : 与 wss://free-api.shinnytech.com/t/nfmd/front/mobile 的网络连接已建立
sp2605.SHFE fetched: 226
sp2605.SHFE saved: 226
2026-04-19 23:52:35 -     INFO - 通知 : 与 wss://free-api.shinnytech.com/t/nfmd/front/mobile 的网络连接已建立
sp2609.SHFE fetched: 140
sp2609.SHFE saved: 140
