在使用天勤量化之前，默认您已经知晓并同意以下免责条款，如果不同意请立即停止使用：https://www.shinnytech.com/blog/disclaimer/
    INFO - 模拟交易成交记录, 账户: TQSIM
    INFO - 模拟交易账户资金, 账户: TQSIM
    INFO - 日期: 2023-07-18, 账户权益: 10000000.00, 可用资金: 10000000.00, 浮动盈亏: 0.00, 持仓盈亏: 0.00, 平仓盈亏: 0.00, 市值: 0.00, 保证金: 0.00, 手续费: 0.00, 风险度: 0.00%
    INFO - 日期: 2023-07-19, 账户权益: 10000000.00, 可用资金: 10000000.00, 浮动盈亏: 0.00, 持仓盈亏: 0.00, 平仓盈亏: 0.00, 市值: 0.00, 保证金: 0.00, 手续费: 0.00, 风险度: 0.00%
    INFO - 日期: 2023-07-20, 账户权益: 10000000.00, 可用资金: 10000000.00, 浮动盈亏: 0.00, 持仓盈亏: 0.00, 平仓盈亏: 0.00, 市值: 0.00, 保证金: 0.00, 手续费: 0.00, 风险度: 0.00%
    INFO - 胜率: 0.00%, 盈亏额比例: inf, 收益率: 0.00%, 年化收益率: 0.00%, 最大回撤: 0.00%, 年化夏普率: inf,年化索提诺比率: -15.8114
    INFO - 回测结束
extracted rank=121 SM309.CZCE CZCE.SM309 rows=255 elapsed=3.89
    INFO - 模拟交易成交记录, 账户: TQSIM
    INFO - 模拟交易账户资金, 账户: TQSIM
    INFO - 日期: 2023-06-20, 账户权益: 10000000.00, 可用资金: 10000000.00, 浮动盈亏: 0.00, 持仓盈亏: 0.00, 平仓盈亏: 0.00, 市值: 0.00, 保证金: 0.00, 手续费: 0.00, 风险度: 0.00%
    INFO - 日期: 2023-06-21, 账户权益: 10000000.00, 可用资金: 10000000.00, 浮动盈亏: 0.00, 持仓盈亏: 0.00, 平仓盈亏: 0.00, 市值: 0.00, 保证金: 0.00, 手续费: 0.00, 风险度: 0.00%
    INFO - 日期: 2023-06-26, 账户权益: 10000000.00, 可用资金: 10000000.00, 浮动盈亏: 0.00, 持仓盈亏: 0.00, 平仓盈亏: 0.00, 市值: 0.00, 保证金: 0.00, 手续费: 0.00, 风险度: 0.00%
    INFO - 日期: 2023-06-27, 账户权益: 10000000.00, 可用资金: 10000000.00, 浮动盈亏: 0.00, 持仓盈亏: 0.00, 平仓盈亏: 0.00, 市值: 0.00, 保证金: 0.00, 手续费: 0.00, 风险度: 0.00%
    INFO - 日期: 2023-06-28, 账户权益: 10000000.00, 可用资金: 10000000.00, 浮动盈亏: 0.00, 持仓盈亏: 0.00, 平仓盈亏: 0.00, 市值: 0.00, 保证金: 0.00, 手续费: 0.00, 风险度: 0.00%
    INFO - 日期: 2023-06-29, 账户权益: 10000000.00, 可用资金: 10000000.00, 浮动盈亏: 0.00, 持仓盈亏: 0.00, 平仓盈亏: 0.00, 市值: 0.00, 保证金: 0.00, 手续费: 0.00, 风险度: 0.00%
    INFO - 胜率: 0.00%, 盈亏额比例: inf, 收益率: 0.00%, 年化收益率: 0.00%, 最大回撤: 0.00%, 年化夏普率: inf,年化索提诺比率: -15.8114
    INFO - 回测结束
extracted rank=122 cu2307.SHFE SHFE.cu2307 rows=1890 elapsed=4.88
    INFO - 回测结束
    INFO - 模拟交易成交记录, 账户: TQSIM
    INFO - 模拟交易账户资金, 账户: TQSIM
    INFO - 日期: 2025-09-01, 账户权益: 10000000.00, 可用资金: 10000000.00, 浮动盈亏: 0.00, 持仓盈亏: 0.00, 平仓盈亏: 0.00, 市值: 0.00, 保证金: 0.00, 手续费: 0.00, 风险度: 0.00%
    INFO - 日期: 2025-09-02, 账户权益: 10000000.00, 可用资金: 10000000.00, 浮动盈亏: 0.00, 持仓盈亏: 0.00, 平仓盈亏: 0.00, 市值: 0.00, 保证金: 0.00, 手续费: 0.00, 风险度: 0.00%
    INFO - 日期: 2025-09-03, 账户权益: 10000000.00, 可用资金: 10000000.00, 浮动盈亏: 0.00, 持仓盈亏: 0.00, 平仓盈亏: 0.00, 市值: 0.00, 保证金: 0.00, 手续费: 0.00, 风险度: 0.00%
    INFO - 日期: 2025-09-04, 账户权益: 10000000.00, 可用资金: 10000000.00, 浮动盈亏: 0.00, 持仓盈亏: 0.00, 平仓盈亏: 0.00, 市值: 0.00, 保证金: 0.00, 手续费: 0.00, 风险度: 0.00%
    INFO - 日期: 2025-09-05, 账户权益: 10000000.00, 可用资金: 10000000.00, 浮动盈亏: 0.00, 持仓盈亏: 0.00, 平仓盈亏: 0.00, 市值: 0.00, 保证金: 0.00, 手续费: 0.00, 风险度: 0.00%
    INFO - 日期: 2025-09-08, 账户权益: 10000000.00, 可用资金: 10000000.00, 浮动盈亏: 0.00, 持仓盈亏: 0.00, 平仓盈亏: 0.00, 市值: 0.00, 保证金: 0.00, 手续费: 0.00, 风险度: 0.00%
    INFO - 日期: 2025-09-09, 账户权益: 10000000.00, 可用资金: 10000000.00, 浮动盈亏: 0.00, 持仓盈亏: 0.00, 平仓盈亏: 0.00, 市值: 0.00, 保证金: 0.00, 手续费: 0.00, 风险度: 0.00%
    INFO - 日期: 2025-09-10, 账户权益: 10000000.00, 可用资金: 10000000.00, 浮动盈亏: 0.00, 持仓盈亏: 0.00, 平仓盈亏: 0.00, 市值: 0.00, 保证金: 0.00, 手续费: 0.00, 风险度: 0.00%
    INFO - 日期: 2025-09-11, 账户权益: 10000000.00, 可用资金: 10000000.00, 浮动盈亏: 0.00, 持仓盈亏: 0.00, 平仓盈亏: 0.00, 市值: 0.00, 保证金: 0.00, 手续费: 0.00, 风险度: 0.00%
    INFO - 日期: 2025-09-12, 账户权益: 10000000.00, 可用资金: 10000000.00, 浮动盈亏: 0.00, 持仓盈亏: 0.00, 平仓盈亏: 0.00, 市值: 0.00, 保证金: 0.00, 手续费: 0.00, 风险度: 0.00%
    INFO - 日期: 2025-09-15, 账户权益: 10000000.00, 可用资金: 10000000.00, 浮动盈亏: 0.00, 持仓盈亏: 0.00, 平仓盈亏: 0.00, 市值: 0.00, 保证金: 0.00, 手续费: 0.00, 风险度: 0.00%
    INFO - 日期: 2025-09-16, 账户权益: 10000000.00, 可用资金: 10000000.00, 浮动盈亏: 0.00, 持仓盈亏: 0.00, 平仓盈亏: 0.00, 市值: 0.00, 保证金: 0.00, 手续费: 0.00, 风险度: 0.00%
    INFO - 日期: 2025-09-17, 账户权益: 10000000.00, 可用资金: 10000000.00, 浮动盈亏: 0.00, 持仓盈亏: 0.00, 平仓盈亏: 0.00, 市值: 0.00, 保证金: 0.00, 手续费: 0.00, 风险度: 0.00%
    INFO - 日期: 2025-09-18, 账户权益: 10000000.00, 可用资金: 10000000.00, 浮动盈亏: 0.00, 持仓盈亏: 0.00, 平仓盈亏: 0.00, 市值: 0.00, 保证金: 0.00, 手续费: 0.00, 风险度: 0.00%
    INFO - 日期: 2025-09-19, 账户权益: 10000000.00, 可用资金: 10000000.00, 浮动盈亏: 0.00, 持仓盈亏: 0.00, 平仓盈亏: 0.00, 市值: 0.00, 保证金: 0.00, 手续费: 0.00, 风险度: 0.00%
    INFO - 日期: 2025-09-22, 账户权益: 10000000.00, 可用资金: 10000000.00, 浮动盈亏: 0.00, 持仓盈亏: 0.00, 平仓盈亏: 0.00, 市值: 0.00, 保证金: 0.00, 手续费: 0.00, 风险度: 0.00%
    INFO - 胜率: 0.00%, 盈亏额比例: inf, 收益率: 0.00%, 年化收益率: 0.00%, 最大回撤: 0.00%, 年化夏普率: inf,年化索提诺比率: -15.8114
extracted rank=123 au2510.SHFE SHFE.au2510 rows=8114 elapsed=10.22
    INFO - 回测结束
    INFO - 模拟交易成交记录, 账户: TQSIM
    INFO - 模拟交易账户资金, 账户: TQSIM
    INFO - 日期: 2025-09-29, 账户权益: 10000000.00, 可用资金: 10000000.00, 浮动盈亏: 0.00, 持仓盈亏: 0.00, 平仓盈亏: 0.00, 市值: 0.00, 保证金: 0.00, 手续费: 0.00, 风险度: 0.00%
    INFO - 日期: 2025-09-30, 账户权益: 10000000.00, 可用资金: 10000000.00, 浮动盈亏: 0.00, 持仓盈亏: 0.00, 平仓盈亏: 0.00, 市值: 0.00, 保证金: 0.00, 手续费: 0.00, 风险度: 0.00%
    INFO - 日期: 2025-10-09, 账户权益: 10000000.00, 可用资金: 10000000.00, 浮动盈亏: 0.00, 持仓盈亏: 0.00, 平仓盈亏: 0.00, 市值: 0.00, 保证金: 0.00, 手续费: 0.00, 风险度: 0.00%
    INFO - 日期: 2025-10-10, 账户权益: 10000000.00, 可用资金: 10000000.00, 浮动盈亏: 0.00, 持仓盈亏: 0.00, 平仓盈亏: 0.00, 市值: 0.00, 保证金: 0.00, 手续费: 0.00, 风险度: 0.00%
    INFO - 日期: 2025-10-13, 账户权益: 10000000.00, 可用资金: 10000000.00, 浮动盈亏: 0.00, 持仓盈亏: 0.00, 平仓盈亏: 0.00, 市值: 0.00, 保证金: 0.00, 手续费: 0.00, 风险度: 0.00%
    INFO - 胜率: 0.00%, 盈亏额比例: inf, 收益率: 0.00%, 年化收益率: 0.00%, 最大回撤: 0.00%, 年化夏普率: inf,年化索提诺比率: -15.8114
extracted rank=124 FG601.CZCE CZCE.FG601 rows=1049 elapsed=4.65
    INFO - 模拟交易成交记录, 账户: TQSIM
    INFO - 模拟交易账户资金, 账户: TQSIM
    INFO - 日期: 2025-04-11, 账户权益: 10000000.00, 可用资金: 10000000.00, 浮动盈亏: 0.00, 持仓盈亏: 0.00, 平仓盈亏: 0.00, 市值: 0.00, 保证金: 0.00, 手续费: 0.00, 风险度: 0.00%
    INFO - 日期: 2025-04-14, 账户权益: 10000000.00, 可用资金: 10000000.00, 浮动盈亏: 0.00, 持仓盈亏: 0.00, 平仓盈亏: 0.00, 市值: 0.00, 保证金: 0.00, 手续费: 0.00, 风险度: 0.00%
    INFO - 日期: 2025-04-15, 账户权益: 10000000.00, 可用资金: 10000000.00, 浮动盈亏: 0.00, 持仓盈亏: 0.00, 平仓盈亏: 0.00, 市值: 0.00, 保证金: 0.00, 手续费: 0.00, 风险度: 0.00%
    INFO - 日期: 2025-04-16, 账户权益: 10000000.00, 可用资金: 10000000.00, 浮动盈亏: 0.00, 持仓盈亏: 0.00, 平仓盈亏: 0.00, 市值: 0.00, 保证金: 0.00, 手续费: 0.00, 风险度: 0.00%
    INFO - 日期: 2025-04-17, 账户权益: 10000000.00, 可用资金: 10000000.00, 浮动盈亏: 0.00, 持仓盈亏: 0.00, 平仓盈亏: 0.00, 市值: 0.00, 保证金: 0.00, 手续费: 0.00, 风险度: 0.00%
    INFO - 日期: 2025-04-18, 账户权益: 10000000.00, 可用资金: 10000000.00, 浮动盈亏: 0.00, 持仓盈亏: 0.00, 平仓盈亏: 0.00, 市值: 0.00, 保证金: 0.00, 手续费: 0.00, 风险度: 0.00%
    INFO - 日期: 2025-04-21, 账户权益: 10000000.00, 可用资金: 10000000.00, 浮动盈亏: 0.00, 持仓盈亏: 0.00, 平仓盈亏: 0.00, 市值: 0.00, 保证金: 0.00, 手续费: 0.00, 风险度: 0.00%
    INFO - 日期: 2025-04-22, 账户权益: 10000000.00, 可用资金: 10000000.00, 浮动盈亏: 0.00, 持仓盈亏: 0.00, 平仓盈亏: 0.00, 市值: 0.00, 保证金: 0.00, 手续费: 0.00, 风险度: 0.00%
    INFO - 日期: 2025-04-23, 账户权益: 10000000.00, 可用资金: 10000000.00, 浮动盈亏: 0.00, 持仓盈亏: 0.00, 平仓盈亏: 0.00, 市值: 0.00, 保证金: 0.00, 手续费: 0.00, 风险度: 0.00%
    INFO - 日期: 2025-04-24, 账户权益: 10000000.00, 可用资金: 10000000.00, 浮动盈亏: 0.00, 持仓盈亏: 0.00, 平仓盈亏: 0.00, 市值: 0.00, 保证金: 0.00, 手续费: 0.00, 风险度: 0.00%
    INFO - 胜率: 0.00%, 盈亏额比例: inf, 收益率: 0.00%, 年化收益率: 0.00%, 最大回撤: 0.00%, 年化夏普率: inf,年化索提诺比率: -15.8114
    INFO - 回测结束
extracted rank=125 rb2510.SHFE SHFE.rb2510 rows=2910 elapsed=5.73
    INFO - 模拟交易成交记录, 账户: TQSIM
    INFO - 模拟交易账户资金, 账户: TQSIM
    INFO - 日期: 2024-12-02, 账户权益: 10000000.00, 可用资金: 10000000.00, 浮动盈亏: 0.00, 持仓盈亏: 0.00, 平仓盈亏: 0.00, 市值: 0.00, 保证金: 0.00, 手续费: 0.00, 风险度: 0.00%
    INFO - 日期: 2024-12-03, 账户权益: 10000000.00, 可用资金: 10000000.00, 浮动盈亏: 0.00, 持仓盈亏: 0.00, 平仓盈亏: 0.00, 市值: 0.00, 保证金: 0.00, 手续费: 0.00, 风险度: 0.00%
    INFO - 日期: 2024-12-04, 账户权益: 10000000.00, 可用资金: 10000000.00, 浮动盈亏: 0.00, 持仓盈亏: 0.00, 平仓盈亏: 0.00, 市值: 0.00, 保证金: 0.00, 手续费: 0.00, 风险度: 0.00%
    INFO - 日期: 2024-12-05, 账户权益: 10000000.00, 可用资金: 10000000.00, 浮动盈亏: 0.00, 持仓盈亏: 0.00, 平仓盈亏: 0.00, 市值: 0.00, 保证金: 0.00, 手续费: 0.00, 风险度: 0.00%
    INFO - 胜率: 0.00%, 盈亏额比例: inf, 收益率: 0.00%, 年化收益率: 0.00%, 最大回撤: 0.00%, 年化夏普率: inf,年化索提诺比率: -15.8114
    INFO - 回测结束
extracted rank=126 SM501.CZCE CZCE.SM501 rows=480 elapsed=3.91
    INFO - 回测结束
    INFO - 模拟交易成交记录, 账户: TQSIM
    INFO - 模拟交易账户资金, 账户: TQSIM
    INFO - 日期: 2025-09-10, 账户权益: 10000000.00, 可用资金: 10000000.00, 浮动盈亏: 0.00, 持仓盈亏: 0.00, 平仓盈亏: 0.00, 市值: 0.00, 保证金: 0.00, 手续费: 0.00, 风险度: 0.00%
    INFO - 日期: 2025-09-11, 账户权益: 10000000.00, 可用资金: 10000000.00, 浮动盈亏: 0.00, 持仓盈亏: 0.00, 平仓盈亏: 0.00, 市值: 0.00, 保证金: 0.00, 手续费: 0.00, 风险度: 0.00%
    INFO - 日期: 2025-09-12, 账户权益: 10000000.00, 可用资金: 10000000.00, 浮动盈亏: 0.00, 持仓盈亏: 0.00, 平仓盈亏: 0.00, 市值: 0.00, 保证金: 0.00, 手续费: 0.00, 风险度: 0.00%
    INFO - 日期: 2025-09-15, 账户权益: 10000000.00, 可用资金: 10000000.00, 浮动盈亏: 0.00, 持仓盈亏: 0.00, 平仓盈亏: 0.00, 市值: 0.00, 保证金: 0.00, 手续费: 0.00, 风险度: 0.00%
    INFO - 胜率: 0.00%, 盈亏额比例: inf, 收益率: 0.00%, 年化收益率: 0.00%, 最大回撤: 0.00%, 年化夏普率: inf,年化索提诺比率: -15.8114
extracted rank=127 sp2511.SHFE SHFE.sp2511 rows=824 elapsed=4.09
    INFO - 模拟交易成交记录, 账户: TQSIM
    INFO - 模拟交易账户资金, 账户: TQSIM
    INFO - 日期: 2025-09-16, 账户权益: 10000000.00, 可用资金: 10000000.00, 浮动盈亏: 0.00, 持仓盈亏: 0.00, 平仓盈亏: 0.00, 市值: 0.00, 保证金: 0.00, 手续费: 0.00, 风险度: 0.00%
    INFO - 日期: 2025-09-17, 账户权益: 10000000.00, 可用资金: 10000000.00, 浮动盈亏: 0.00, 持仓盈亏: 0.00, 平仓盈亏: 0.00, 市值: 0.00, 保证金: 0.00, 手续费: 0.00, 风险度: 0.00%
    INFO - 日期: 2025-09-18, 账户权益: 10000000.00, 可用资金: 10000000.00, 浮动盈亏: 0.00, 持仓盈亏: 0.00, 平仓盈亏: 0.00, 市值: 0.00, 保证金: 0.00, 手续费: 0.00, 风险度: 0.00%
    INFO - 日期: 2025-09-19, 账户权益: 10000000.00, 可用资金: 10000000.00, 浮动盈亏: 0.00, 持仓盈亏: 0.00, 平仓盈亏: 0.00, 市值: 0.00, 保证金: 0.00, 手续费: 0.00, 风险度: 0.00%
    INFO - 日期: 2025-09-22, 账户权益: 10000000.00, 可用资金: 10000000.00, 浮动盈亏: 0.00, 持仓盈亏: 0.00, 平仓盈亏: 0.00, 市值: 0.00, 保证金: 0.00, 手续费: 0.00, 风险度: 0.00%
    INFO - 日期: 2025-09-23, 账户权益: 10000000.00, 可用资金: 10000000.00, 浮动盈亏: 0.00, 持仓盈亏: 0.00, 平仓盈亏: 0.00, 市值: 0.00, 保证金: 0.00, 手续费: 0.00, 风险度: 0.00%
    INFO - 日期: 2025-09-24, 账户权益: 10000000.00, 可用资金: 10000000.00, 浮动盈亏: 0.00, 持仓盈亏: 0.00, 平仓盈亏: 0.00, 市值: 0.00, 保证金: 0.00, 手续费: 0.00, 风险度: 0.00%
    INFO - 日期: 2025-09-25, 账户权益: 10000000.00, 可用资金: 10000000.00, 浮动盈亏: 0.00, 持仓盈亏: 0.00, 平仓盈亏: 0.00, 市值: 0.00, 保证金: 0.00, 手续费: 0.00, 风险度: 0.00%
    INFO - 胜率: 0.00%, 盈亏额比例: inf, 收益率: 0.00%, 年化收益率: 0.00%, 最大回撤: 0.00%, 年化夏普率: inf,年化索提诺比率: -15.8114
    INFO - 回测结束
extracted rank=128 OI601.CZCE CZCE.OI601 rows=2220 elapsed=5.05
    INFO - 模拟交易成交记录, 账户: TQSIM
    INFO - 模拟交易账户资金, 账户: TQSIM
    INFO - 日期: 2023-09-06, 账户权益: 10000000.00, 可用资金: 10000000.00, 浮动盈亏: 0.00, 持仓盈亏: 0.00, 平仓盈亏: 0.00, 市值: 0.00, 保证金: 0.00, 手续费: 0.00, 风险度: 0.00%
    INFO - 日期: 2023-09-07, 账户权益: 10000000.00, 可用资金: 10000000.00, 浮动盈亏: 0.00, 持仓盈亏: 0.00, 平仓盈亏: 0.00, 市值: 0.00, 保证金: 0.00, 手续费: 0.00, 风险度: 0.00%
    INFO - 日期: 2023-09-08, 账户权益: 10000000.00, 可用资金: 10000000.00, 浮动盈亏: 0.00, 持仓盈亏: 0.00, 平仓盈亏: 0.00, 市值: 0.00, 保证金: 0.00, 手续费: 0.00, 风险度: 0.00%
    INFO - 日期: 2023-09-11, 账户权益: 10000000.00, 可用资金: 10000000.00, 浮动盈亏: 0.00, 持仓盈亏: 0.00, 平仓盈亏: 0.00, 市值: 0.00, 保证金: 0.00, 手续费: 0.00, 风险度: 0.00%
    INFO - 日期: 2023-09-12, 账户权益: 10000000.00, 可用资金: 10000000.00, 浮动盈亏: 0.00, 持仓盈亏: 0.00, 平仓盈亏: 0.00, 市值: 0.00, 保证金: 0.00, 手续费: 0.00, 风险度: 0.00%
    INFO - 日期: 2023-09-13, 账户权益: 10000000.00, 可用资金: 10000000.00, 浮动盈亏: 0.00, 持仓盈亏: 0.00, 平仓盈亏: 0.00, 市值: 0.00, 保证金: 0.00, 手续费: 0.00, 风险度: 0.00%
    INFO - 日期: 2023-09-14, 账户权益: 10000000.00, 可用资金: 10000000.00, 浮动盈亏: 0.00, 持仓盈亏: 0.00, 平仓盈亏: 0.00, 市值: 0.00, 保证金: 0.00, 手续费: 0.00, 风险度: 0.00%
    INFO - 日期: 2023-09-15, 账户权益: 10000000.00, 可用资金: 10000000.00, 浮动盈亏: 0.00, 持仓盈亏: 0.00, 平仓盈亏: 0.00, 市值: 0.00, 保证金: 0.00, 手续费: 0.00, 风险度: 0.00%
    INFO - 日期: 2023-09-18, 账户权益: 10000000.00, 可用资金: 10000000.00, 浮动盈亏: 0.00, 持仓盈亏: 0.00, 平仓盈亏: 0.00, 市值: 0.00, 保证金: 0.00, 手续费: 0.00, 风险度: 0.00%
    INFO - 日期: 2023-09-19, 账户权益: 10000000.00, 可用资金: 10000000.00, 浮动盈亏: 0.00, 持仓盈亏: 0.00, 平仓盈亏: 0.00, 市值: 0.00, 保证金: 0.00, 手续费: 0.00, 风险度: 0.00%
    INFO - 日期: 2023-09-20, 账户权益: 10000000.00, 可用资金: 10000000.00, 浮动盈亏: 0.00, 持仓盈亏: 0.00, 平仓盈亏: 0.00, 市值: 0.00, 保证金: 0.00, 手续费: 0.00, 风险度: 0.00%
    INFO - 胜率: 0.00%, 盈亏额比例: inf, 收益率: 0.00%, 年化收益率: 0.00%, 最大回撤: 0.00%, 年化夏普率: inf,年化索提诺比率: -15.8114
    INFO - 回测结束
extracted rank=129 fu2311.SHFE SHFE.fu2311 rows=3255 elapsed=5.9
    INFO - 模拟交易成交记录, 账户: TQSIM
    INFO - 模拟交易账户资金, 账户: TQSIM
    INFO - 日期: 2026-03-13, 账户权益: 10000000.00, 可用资金: 10000000.00, 浮动盈亏: 0.00, 持仓盈亏: 0.00, 平仓盈亏: 0.00, 市值: 0.00, 保证金: 0.00, 手续费: 0.00, 风险度: 0.00%
    INFO - 日期: 2026-03-16, 账户权益: 10000000.00, 可用资金: 10000000.00, 浮动盈亏: 0.00, 持仓盈亏: 0.00, 平仓盈亏: 0.00, 市值: 0.00, 保证金: 0.00, 手续费: 0.00, 风险度: 0.00%
    INFO - 日期: 2026-03-17, 账户权益: 10000000.00, 可用资金: 10000000.00, 浮动盈亏: 0.00, 持仓盈亏: 0.00, 平仓盈亏: 0.00, 市值: 0.00, 保证金: 0.00, 手续费: 0.00, 风险度: 0.00%
    INFO - 日期: 2026-03-18, 账户权益: 10000000.00, 可用资金: 10000000.00, 浮动盈亏: 0.00, 持仓盈亏: 0.00, 平仓盈亏: 0.00, 市值: 0.00, 保证金: 0.00, 手续费: 0.00, 风险度: 0.00%
    INFO - 胜率: 0.00%, 盈亏额比例: inf, 收益率: 0.00%, 年化收益率: 0.00%, 最大回撤: 0.00%, 年化夏普率: inf,年化索提诺比率: -15.8114
    INFO - 回测结束
extracted rank=130 SA605.CZCE CZCE.SA605 rows=840 elapsed=3.86
    INFO - 模拟交易成交记录, 账户: TQSIM
    INFO - 模拟交易账户资金, 账户: TQSIM
    INFO - 日期: 2021-09-10, 账户权益: 10000000.00, 可用资金: 10000000.00, 浮动盈亏: 0.00, 持仓盈亏: 0.00, 平仓盈亏: 0.00, 市值: 0.00, 保证金: 0.00, 手续费: 0.00, 风险度: 0.00%
    INFO - 日期: 2021-09-13, 账户权益: 10000000.00, 可用资金: 10000000.00, 浮动盈亏: 0.00, 持仓盈亏: 0.00, 平仓盈亏: 0.00, 市值: 0.00, 保证金: 0.00, 手续费: 0.00, 风险度: 0.00%
    INFO - 日期: 2021-09-14, 账户权益: 10000000.00, 可用资金: 10000000.00, 浮动盈亏: 0.00, 持仓盈亏: 0.00, 平仓盈亏: 0.00, 市值: 0.00, 保证金: 0.00, 手续费: 0.00, 风险度: 0.00%
    INFO - 日期: 2021-09-15, 账户权益: 10000000.00, 可用资金: 10000000.00, 浮动盈亏: 0.00, 持仓盈亏: 0.00, 平仓盈亏: 0.00, 市值: 0.00, 保证金: 0.00, 手续费: 0.00, 风险度: 0.00%
    INFO - 日期: 2021-09-16, 账户权益: 10000000.00, 可用资金: 10000000.00, 浮动盈亏: 0.00, 持仓盈亏: 0.00, 平仓盈亏: 0.00, 市值: 0.00, 保证金: 0.00, 手续费: 0.00, 风险度: 0.00%
    INFO - 日期: 2021-09-17, 账户权益: 10000000.00, 可用资金: 10000000.00, 浮动盈亏: 0.00, 持仓盈亏: 0.00, 平仓盈亏: 0.00, 市值: 0.00, 保证金: 0.00, 手续费: 0.00, 风险度: 0.00%
    INFO - 日期: 2021-09-22, 账户权益: 10000000.00, 可用资金: 10000000.00, 浮动盈亏: 0.00, 持仓盈亏: 0.00, 平仓盈亏: 0.00, 市值: 0.00, 保证金: 0.00, 手续费: 0.00, 风险度: 0.00%
    INFO - 日期: 2021-09-23, 账户权益: 10000000.00, 可用资金: 10000000.00, 浮动盈亏: 0.00, 持仓盈亏: 0.00, 平仓盈亏: 0.00, 市值: 0.00, 保证金: 0.00, 手续费: 0.00, 风险度: 0.00%
    INFO - 胜率: 0.00%, 盈亏额比例: inf, 收益率: 0.00%, 年化收益率: 0.00%, 最大回撤: 0.00%, 年化夏普率: inf,年化索提诺比率: -15.8114
    INFO - 回测结束
extracted rank=131 FG201.CZCE CZCE.FG201 rows=2100 elapsed=5.31
    INFO - 模拟交易成交记录, 账户: TQSIM
    INFO - 模拟交易账户资金, 账户: TQSIM
    INFO - 日期: 2021-07-16, 账户权益: 10000000.00, 可用资金: 10000000.00, 浮动盈亏: 0.00, 持仓盈亏: 0.00, 平仓盈亏: 0.00, 市值: 0.00, 保证金: 0.00, 手续费: 0.00, 风险度: 0.00%
    INFO - 日期: 2021-07-19, 账户权益: 10000000.00, 可用资金: 10000000.00, 浮动盈亏: 0.00, 持仓盈亏: 0.00, 平仓盈亏: 0.00, 市值: 0.00, 保证金: 0.00, 手续费: 0.00, 风险度: 0.00%
    INFO - 日期: 2021-07-20, 账户权益: 10000000.00, 可用资金: 10000000.00, 浮动盈亏: 0.00, 持仓盈亏: 0.00, 平仓盈亏: 0.00, 市值: 0.00, 保证金: 0.00, 手续费: 0.00, 风险度: 0.00%
    INFO - 胜率: 0.00%, 盈亏额比例: inf, 收益率: 0.00%, 年化收益率: 0.00%, 最大回撤: 0.00%, 年化夏普率: inf,年化索提诺比率: -15.8114
    INFO - 回测结束
extracted rank=132 sp2109.SHFE SHFE.sp2109 rows=495 elapsed=4.05
    INFO - 模拟交易成交记录, 账户: TQSIM
    INFO - 模拟交易账户资金, 账户: TQSIM
    INFO - 日期: 2023-02-28, 账户权益: 10000000.00, 可用资金: 10000000.00, 浮动盈亏: 0.00, 持仓盈亏: 0.00, 平仓盈亏: 0.00, 市值: 0.00, 保证金: 0.00, 手续费: 0.00, 风险度: 0.00%
    INFO - 日期: 2023-03-01, 账户权益: 10000000.00, 可用资金: 10000000.00, 浮动盈亏: 0.00, 持仓盈亏: 0.00, 平仓盈亏: 0.00, 市值: 0.00, 保证金: 0.00, 手续费: 0.00, 风险度: 0.00%
    INFO - 日期: 2023-03-02, 账户权益: 10000000.00, 可用资金: 10000000.00, 浮动盈亏: 0.00, 持仓盈亏: 0.00, 平仓盈亏: 0.00, 市值: 0.00, 保证金: 0.00, 手续费: 0.00, 风险度: 0.00%
    INFO - 胜率: 0.00%, 盈亏额比例: inf, 收益率: 0.00%, 年化收益率: 0.00%, 最大回撤: 0.00%, 年化夏普率: inf,年化索提诺比率: -15.8114
    INFO - 回测结束
extracted rank=133 ru2305.SHFE SHFE.ru2305 rows=495 elapsed=3.97
    INFO - 模拟交易成交记录, 账户: TQSIM
    INFO - 模拟交易账户资金, 账户: TQSIM
    INFO - 日期: 2021-11-10, 账户权益: 10000000.00, 可用资金: 10000000.00, 浮动盈亏: 0.00, 持仓盈亏: 0.00, 平仓盈亏: 0.00, 市值: 0.00, 保证金: 0.00, 手续费: 0.00, 风险度: 0.00%
    INFO - 日期: 2021-11-11, 账户权益: 10000000.00, 可用资金: 10000000.00, 浮动盈亏: 0.00, 持仓盈亏: 0.00, 平仓盈亏: 0.00, 市值: 0.00, 保证金: 0.00, 手续费: 0.00, 风险度: 0.00%
    INFO - 日期: 2021-11-12, 账户权益: 10000000.00, 可用资金: 10000000.00, 浮动盈亏: 0.00, 持仓盈亏: 0.00, 平仓盈亏: 0.00, 市值: 0.00, 保证金: 0.00, 手续费: 0.00, 风险度: 0.00%
    INFO - 日期: 2021-11-15, 账户权益: 10000000.00, 可用资金: 10000000.00, 浮动盈亏: 0.00, 持仓盈亏: 0.00, 平仓盈亏: 0.00, 市值: 0.00, 保证金: 0.00, 手续费: 0.00, 风险度: 0.00%
    INFO - 日期: 2021-11-16, 账户权益: 10000000.00, 可用资金: 10000000.00, 浮动盈亏: 0.00, 持仓盈亏: 0.00, 平仓盈亏: 0.00, 市值: 0.00, 保证金: 0.00, 手续费: 0.00, 风险度: 0.00%
    INFO - 日期: 2021-11-17, 账户权益: 10000000.00, 可用资金: 10000000.00, 浮动盈亏: 0.00, 持仓盈亏: 0.00, 平仓盈亏: 0.00, 市值: 0.00, 保证金: 0.00, 手续费: 0.00, 风险度: 0.00%
    INFO - 日期: 2021-11-18, 账户权益: 10000000.00, 可用资金: 10000000.00, 浮动盈亏: 0.00, 持仓盈亏: 0.00, 平仓盈亏: 0.00, 市值: 0.00, 保证金: 0.00, 手续费: 0.00, 风险度: 0.00%
    INFO - 日期: 2021-11-19, 账户权益: 10000000.00, 可用资金: 10000000.00, 浮动盈亏: 0.00, 持仓盈亏: 0.00, 平仓盈亏: 0.00, 市值: 0.00, 保证金: 0.00, 手续费: 0.00, 风险度: 0.00%
    INFO - 日期: 2021-11-22, 账户权益: 10000000.00, 可用资金: 10000000.00, 浮动盈亏: 0.00, 持仓盈亏: 0.00, 平仓盈亏: 0.00, 市值: 0.00, 保证金: 0.00, 手续费: 0.00, 风险度: 0.00%
    INFO - 日期: 2021-11-23, 账户权益: 10000000.00, 可用资金: 10000000.00, 浮动盈亏: 0.00, 持仓盈亏: 0.00, 平仓盈亏: 0.00, 市值: 0.00, 保证金: 0.00, 手续费: 0.00, 风险度: 0.00%
    INFO - 胜率: 0.00%, 盈亏额比例: inf, 收益率: 0.00%, 年化收益率: 0.00%, 最大回撤: 0.00%, 年化夏普率: inf,年化索提诺比率: -15.8114
    INFO - 回测结束
extracted rank=134 au2112.SHFE SHFE.au2112 rows=4800 elapsed=8.08
    INFO - 回测结束
    INFO - 模拟交易成交记录, 账户: TQSIM
    INFO - 模拟交易账户资金, 账户: TQSIM
    INFO - 日期: 2023-08-21, 账户权益: 10000000.00, 可用资金: 10000000.00, 浮动盈亏: 0.00, 持仓盈亏: 0.00, 平仓盈亏: 0.00, 市值: 0.00, 保证金: 0.00, 手续费: 0.00, 风险度: 0.00%
    INFO - 日期: 2023-08-22, 账户权益: 10000000.00, 可用资金: 10000000.00, 浮动盈亏: 0.00, 持仓盈亏: 0.00, 平仓盈亏: 0.00, 市值: 0.00, 保证金: 0.00, 手续费: 0.00, 风险度: 0.00%
    INFO - 日期: 2023-08-23, 账户权益: 10000000.00, 可用资金: 10000000.00, 浮动盈亏: 0.00, 持仓盈亏: 0.00, 平仓盈亏: 0.00, 市值: 0.00, 保证金: 0.00, 手续费: 0.00, 风险度: 0.00%
    INFO - 日期: 2023-08-24, 账户权益: 10000000.00, 可用资金: 10000000.00, 浮动盈亏: 0.00, 持仓盈亏: 0.00, 平仓盈亏: 0.00, 市值: 0.00, 保证金: 0.00, 手续费: 0.00, 风险度: 0.00%
    INFO - 日期: 2023-08-25, 账户权益: 10000000.00, 可用资金: 10000000.00, 浮动盈亏: 0.00, 持仓盈亏: 0.00, 平仓盈亏: 0.00, 市值: 0.00, 保证金: 0.00, 手续费: 0.00, 风险度: 0.00%
    INFO - 日期: 2023-08-28, 账户权益: 10000000.00, 可用资金: 10000000.00, 浮动盈亏: 0.00, 持仓盈亏: 0.00, 平仓盈亏: 0.00, 市值: 0.00, 保证金: 0.00, 手续费: 0.00, 风险度: 0.00%
    INFO - 胜率: 0.00%, 盈亏额比例: inf, 收益率: 0.00%, 年化收益率: 0.00%, 最大回撤: 0.00%, 年化夏普率: inf,年化索提诺比率: -15.8114
extracted rank=135 fu2310.SHFE SHFE.fu2310 rows=1514 elapsed=4.51
    INFO - 模拟交易成交记录, 账户: TQSIM
    INFO - 模拟交易账户资金, 账户: TQSIM
    INFO - 日期: 2025-10-27, 账户权益: 10000000.00, 可用资金: 10000000.00, 浮动盈亏: 0.00, 持仓盈亏: 0.00, 平仓盈亏: 0.00, 市值: 0.00, 保证金: 0.00, 手续费: 0.00, 风险度: 0.00%
    INFO - 日期: 2025-10-28, 账户权益: 10000000.00, 可用资金: 10000000.00, 浮动盈亏: 0.00, 持仓盈亏: 0.00, 平仓盈亏: 0.00, 市值: 0.00, 保证金: 0.00, 手续费: 0.00, 风险度: 0.00%
    INFO - 日期: 2025-10-29, 账户权益: 10000000.00, 可用资金: 10000000.00, 浮动盈亏: 0.00, 持仓盈亏: 0.00, 平仓盈亏: 0.00, 市值: 0.00, 保证金: 0.00, 手续费: 0.00, 风险度: 0.00%
    INFO - 日期: 2025-10-30, 账户权益: 10000000.00, 可用资金: 10000000.00, 浮动盈亏: 0.00, 持仓盈亏: 0.00, 平仓盈亏: 0.00, 市值: 0.00, 保证金: 0.00, 手续费: 0.00, 风险度: 0.00%
    INFO - 日期: 2025-10-31, 账户权益: 10000000.00, 可用资金: 10000000.00, 浮动盈亏: 0.00, 持仓盈亏: 0.00, 平仓盈亏: 0.00, 市值: 0.00, 保证金: 0.00, 手续费: 0.00, 风险度: 0.00%
    INFO - 日期: 2025-11-03, 账户权益: 10000000.00, 可用资金: 10000000.00, 浮动盈亏: 0.00, 持仓盈亏: 0.00, 平仓盈亏: 0.00, 市值: 0.00, 保证金: 0.00, 手续费: 0.00, 风险度: 0.00%
    INFO - 日期: 2025-11-04, 账户权益: 10000000.00, 可用资金: 10000000.00, 浮动盈亏: 0.00, 持仓盈亏: 0.00, 平仓盈亏: 0.00, 市值: 0.00, 保证金: 0.00, 手续费: 0.00, 风险度: 0.00%
    INFO - 日期: 2025-11-05, 账户权益: 10000000.00, 可用资金: 10000000.00, 浮动盈亏: 0.00, 持仓盈亏: 0.00, 平仓盈亏: 0.00, 市值: 0.00, 保证金: 0.00, 手续费: 0.00, 风险度: 0.00%
    INFO - 胜率: 0.00%, 盈亏额比例: inf, 收益率: 0.00%, 年化收益率: 0.00%, 最大回撤: 0.00%, 年化夏普率: inf,年化索提诺比率: -15.8114
    INFO - 回测结束
extracted rank=136 jm2601.DCE DCE.jm2601 rows=2220 elapsed=5.7
    INFO - 回测结束
    INFO - 模拟交易成交记录, 账户: TQSIM
    INFO - 模拟交易账户资金, 账户: TQSIM
    INFO - 日期: 2024-10-16, 账户权益: 10000000.00, 可用资金: 10000000.00, 浮动盈亏: 0.00, 持仓盈亏: 0.00, 平仓盈亏: 0.00, 市值: 0.00, 保证金: 0.00, 手续费: 0.00, 风险度: 0.00%
    INFO - 日期: 2024-10-17, 账户权益: 10000000.00, 可用资金: 10000000.00, 浮动盈亏: 0.00, 持仓盈亏: 0.00, 平仓盈亏: 0.00, 市值: 0.00, 保证金: 0.00, 手续费: 0.00, 风险度: 0.00%
    INFO - 日期: 2024-10-18, 账户权益: 10000000.00, 可用资金: 10000000.00, 浮动盈亏: 0.00, 持仓盈亏: 0.00, 平仓盈亏: 0.00, 市值: 0.00, 保证金: 0.00, 手续费: 0.00, 风险度: 0.00%
    INFO - 日期: 2024-10-21, 账户权益: 10000000.00, 可用资金: 10000000.00, 浮动盈亏: 0.00, 持仓盈亏: 0.00, 平仓盈亏: 0.00, 市值: 0.00, 保证金: 0.00, 手续费: 0.00, 风险度: 0.00%
    INFO - 日期: 2024-10-22, 账户权益: 10000000.00, 可用资金: 10000000.00, 浮动盈亏: 0.00, 持仓盈亏: 0.00, 平仓盈亏: 0.00, 市值: 0.00, 保证金: 0.00, 手续费: 0.00, 风险度: 0.00%
    INFO - 日期: 2024-10-23, 账户权益: 10000000.00, 可用资金: 10000000.00, 浮动盈亏: 0.00, 持仓盈亏: 0.00, 平仓盈亏: 0.00, 市值: 0.00, 保证金: 0.00, 手续费: 0.00, 风险度: 0.00%
    INFO - 日期: 2024-10-24, 账户权益: 10000000.00, 可用资金: 10000000.00, 浮动盈亏: 0.00, 持仓盈亏: 0.00, 平仓盈亏: 0.00, 市值: 0.00, 保证金: 0.00, 手续费: 0.00, 风险度: 0.00%
    INFO - 日期: 2024-10-25, 账户权益: 10000000.00, 可用资金: 10000000.00, 浮动盈亏: 0.00, 持仓盈亏: 0.00, 平仓盈亏: 0.00, 市值: 0.00, 保证金: 0.00, 手续费: 0.00, 风险度: 0.00%
    INFO - 日期: 2024-10-28, 账户权益: 10000000.00, 可用资金: 10000000.00, 浮动盈亏: 0.00, 持仓盈亏: 0.00, 平仓盈亏: 0.00, 市值: 0.00, 保证金: 0.00, 手续费: 0.00, 风险度: 0.00%
    INFO - 日期: 2024-10-29, 账户权益: 10000000.00, 可用资金: 10000000.00, 浮动盈亏: 0.00, 持仓盈亏: 0.00, 平仓盈亏: 0.00, 市值: 0.00, 保证金: 0.00, 手续费: 0.00, 风险度: 0.00%
    INFO - 日期: 2024-10-30, 账户权益: 10000000.00, 可用资金: 10000000.00, 浮动盈亏: 0.00, 持仓盈亏: 0.00, 平仓盈亏: 0.00, 市值: 0.00, 保证金: 0.00, 手续费: 0.00, 风险度: 0.00%
    INFO - 日期: 2024-10-31, 账户权益: 10000000.00, 可用资金: 10000000.00, 浮动盈亏: 0.00, 持仓盈亏: 0.00, 平仓盈亏: 0.00, 市值: 0.00, 保证金: 0.00, 手续费: 0.00, 风险度: 0.00%
    INFO - 日期: 2024-11-01, 账户权益: 10000000.00, 可用资金: 10000000.00, 浮动盈亏: 0.00, 持仓盈亏: 0.00, 平仓盈亏: 0.00, 市值: 0.00, 保证金: 0.00, 手续费: 0.00, 风险度: 0.00%
    INFO - 日期: 2024-11-04, 账户权益: 10000000.00, 可用资金: 10000000.00, 浮动盈亏: 0.00, 持仓盈亏: 0.00, 平仓盈亏: 0.00, 市值: 0.00, 保证金: 0.00, 手续费: 0.00, 风险度: 0.00%
    INFO - 胜率: 0.00%, 盈亏额比例: inf, 收益率: 0.00%, 年化收益率: 0.00%, 最大回撤: 0.00%, 年化夏普率: inf,年化索提诺比率: -15.8114
extracted rank=137 au2412.SHFE SHFE.au2412 rows=7004 elapsed=9.56
    INFO - 模拟交易成交记录, 账户: TQSIM
    INFO - 模拟交易账户资金, 账户: TQSIM
    INFO - 日期: 2021-10-14, 账户权益: 10000000.00, 可用资金: 10000000.00, 浮动盈亏: 0.00, 持仓盈亏: 0.00, 平仓盈亏: 0.00, 市值: 0.00, 保证金: 0.00, 手续费: 0.00, 风险度: 0.00%
    INFO - 日期: 2021-10-15, 账户权益: 10000000.00, 可用资金: 10000000.00, 浮动盈亏: 0.00, 持仓盈亏: 0.00, 平仓盈亏: 0.00, 市值: 0.00, 保证金: 0.00, 手续费: 0.00, 风险度: 0.00%
    INFO - 日期: 2021-10-18, 账户权益: 10000000.00, 可用资金: 10000000.00, 浮动盈亏: 0.00, 持仓盈亏: 0.00, 平仓盈亏: 0.00, 市值: 0.00, 保证金: 0.00, 手续费: 0.00, 风险度: 0.00%
    INFO - 日期: 2021-10-19, 账户权益: 10000000.00, 可用资金: 10000000.00, 浮动盈亏: 0.00, 持仓盈亏: 0.00, 平仓盈亏: 0.00, 市值: 0.00, 保证金: 0.00, 手续费: 0.00, 风险度: 0.00%
    INFO - 日期: 2021-10-20, 账户权益: 10000000.00, 可用资金: 10000000.00, 浮动盈亏: 0.00, 持仓盈亏: 0.00, 平仓盈亏: 0.00, 市值: 0.00, 保证金: 0.00, 手续费: 0.00, 风险度: 0.00%
    INFO - 日期: 2021-10-21, 账户权益: 10000000.00, 可用资金: 10000000.00, 浮动盈亏: 0.00, 持仓盈亏: 0.00, 平仓盈亏: 0.00, 市值: 0.00, 保证金: 0.00, 手续费: 0.00, 风险度: 0.00%
    INFO - 胜率: 0.00%, 盈亏额比例: inf, 收益率: 0.00%, 年化收益率: 0.00%, 最大回撤: 0.00%, 年化夏普率: inf,年化索提诺比率: -15.8114
    INFO - 回测结束
extracted rank=138 cu2111.SHFE SHFE.cu2111 rows=2130 elapsed=5.78
    INFO - 模拟交易成交记录, 账户: TQSIM
    INFO - 模拟交易账户资金, 账户: TQSIM
    INFO - 日期: 2023-02-20, 账户权益: 10000000.00, 可用资金: 10000000.00, 浮动盈亏: 0.00, 持仓盈亏: 0.00, 平仓盈亏: 0.00, 市值: 0.00, 保证金: 0.00, 手续费: 0.00, 风险度: 0.00%
    INFO - 日期: 2023-02-21, 账户权益: 10000000.00, 可用资金: 10000000.00, 浮动盈亏: 0.00, 持仓盈亏: 0.00, 平仓盈亏: 0.00, 市值: 0.00, 保证金: 0.00, 手续费: 0.00, 风险度: 0.00%
    INFO - 日期: 2023-02-22, 账户权益: 10000000.00, 可用资金: 10000000.00, 浮动盈亏: 0.00, 持仓盈亏: 0.00, 平仓盈亏: 0.00, 市值: 0.00, 保证金: 0.00, 手续费: 0.00, 风险度: 0.00%
    INFO - 日期: 2023-02-23, 账户权益: 10000000.00, 可用资金: 10000000.00, 浮动盈亏: 0.00, 持仓盈亏: 0.00, 平仓盈亏: 0.00, 市值: 0.00, 保证金: 0.00, 手续费: 0.00, 风险度: 0.00%
    INFO - 日期: 2023-02-24, 账户权益: 10000000.00, 可用资金: 10000000.00, 浮动盈亏: 0.00, 持仓盈亏: 0.00, 平仓盈亏: 0.00, 市值: 0.00, 保证金: 0.00, 手续费: 0.00, 风险度: 0.00%
    INFO - 日期: 2023-02-27, 账户权益: 10000000.00, 可用资金: 10000000.00, 浮动盈亏: 0.00, 持仓盈亏: 0.00, 平仓盈亏: 0.00, 市值: 0.00, 保证金: 0.00, 手续费: 0.00, 风险度: 0.00%
    INFO - 日期: 2023-02-28, 账户权益: 10000000.00, 可用资金: 10000000.00, 浮动盈亏: 0.00, 持仓盈亏: 0.00, 平仓盈亏: 0.00, 市值: 0.00, 保证金: 0.00, 手续费: 0.00, 风险度: 0.00%
    INFO - 日期: 2023-03-01, 账户权益: 10000000.00, 可用资金: 10000000.00, 浮动盈亏: 0.00, 持仓盈亏: 0.00, 平仓盈亏: 0.00, 市值: 0.00, 保证金: 0.00, 手续费: 0.00, 风险度: 0.00%
    INFO - 胜率: 0.00%, 盈亏额比例: inf, 收益率: 0.00%, 年化收益率: 0.00%, 最大回撤: 0.00%, 年化夏普率: inf,年化索提诺比率: -15.8114
    INFO - 回测结束
extracted rank=139 hc2305.SHFE SHFE.hc2305 rows=2220 elapsed=5.6
cached_raw rank=140 hc2210.SHFE SHFE.hc2210 rows=150 elapsed=0.0
    INFO - 回测结束
    INFO - 模拟交易成交记录, 账户: TQSIM
    INFO - 模拟交易账户资金, 账户: TQSIM
    INFO - 日期: 2023-07-03, 账户权益: 10000000.00, 可用资金: 10000000.00, 浮动盈亏: 0.00, 持仓盈亏: 0.00, 平仓盈亏: 0.00, 市值: 0.00, 保证金: 0.00, 手续费: 0.00, 风险度: 0.00%
    INFO - 日期: 2023-07-04, 账户权益: 10000000.00, 可用资金: 10000000.00, 浮动盈亏: 0.00, 持仓盈亏: 0.00, 平仓盈亏: 0.00, 市值: 0.00, 保证金: 0.00, 手续费: 0.00, 风险度: 0.00%
    INFO - 日期: 2023-07-05, 账户权益: 10000000.00, 可用资金: 10000000.00, 浮动盈亏: 0.00, 持仓盈亏: 0.00, 平仓盈亏: 0.00, 市值: 0.00, 保证金: 0.00, 手续费: 0.00, 风险度: 0.00%
    INFO - 日期: 2023-07-06, 账户权益: 10000000.00, 可用资金: 10000000.00, 浮动盈亏: 0.00, 持仓盈亏: 0.00, 平仓盈亏: 0.00, 市值: 0.00, 保证金: 0.00, 手续费: 0.00, 风险度: 0.00%
    INFO - 日期: 2023-07-07, 账户权益: 10000000.00, 可用资金: 10000000.00, 浮动盈亏: 0.00, 持仓盈亏: 0.00, 平仓盈亏: 0.00, 市值: 0.00, 保证金: 0.00, 手续费: 0.00, 风险度: 0.00%
    INFO - 日期: 2023-07-10, 账户权益: 10000000.00, 可用资金: 10000000.00, 浮动盈亏: 0.00, 持仓盈亏: 0.00, 平仓盈亏: 0.00, 市值: 0.00, 保证金: 0.00, 手续费: 0.00, 风险度: 0.00%
    INFO - 胜率: 0.00%, 盈亏额比例: inf, 收益率: 0.00%, 年化收益率: 0.00%, 最大回撤: 0.00%, 年化夏普率: inf,年化索提诺比率: -15.8114
extracted rank=141 hc2310.SHFE SHFE.hc2310 rows=1514 elapsed=5.08
    INFO - 模拟交易成交记录, 账户: TQSIM
    INFO - 模拟交易账户资金, 账户: TQSIM
    INFO - 日期: 2021-09-28, 账户权益: 10000000.00, 可用资金: 10000000.00, 浮动盈亏: 0.00, 持仓盈亏: 0.00, 平仓盈亏: 0.00, 市值: 0.00, 保证金: 0.00, 手续费: 0.00, 风险度: 0.00%
    INFO - 日期: 2021-09-29, 账户权益: 10000000.00, 可用资金: 10000000.00, 浮动盈亏: 0.00, 持仓盈亏: 0.00, 平仓盈亏: 0.00, 市值: 0.00, 保证金: 0.00, 手续费: 0.00, 风险度: 0.00%
    INFO - 日期: 2021-09-30, 账户权益: 10000000.00, 可用资金: 10000000.00, 浮动盈亏: 0.00, 持仓盈亏: 0.00, 平仓盈亏: 0.00, 市值: 0.00, 保证金: 0.00, 手续费: 0.00, 风险度: 0.00%
    INFO - 日期: 2021-10-08, 账户权益: 10000000.00, 可用资金: 10000000.00, 浮动盈亏: 0.00, 持仓盈亏: 0.00, 平仓盈亏: 0.00, 市值: 0.00, 保证金: 0.00, 手续费: 0.00, 风险度: 0.00%
    INFO - 日期: 2021-10-11, 账户权益: 10000000.00, 可用资金: 10000000.00, 浮动盈亏: 0.00, 持仓盈亏: 0.00, 平仓盈亏: 0.00, 市值: 0.00, 保证金: 0.00, 手续费: 0.00, 风险度: 0.00%
    INFO - 日期: 2021-10-12, 账户权益: 10000000.00, 可用资金: 10000000.00, 浮动盈亏: 0.00, 持仓盈亏: 0.00, 平仓盈亏: 0.00, 市值: 0.00, 保证金: 0.00, 手续费: 0.00, 风险度: 0.00%
    INFO - 日期: 2021-10-13, 账户权益: 10000000.00, 可用资金: 10000000.00, 浮动盈亏: 0.00, 持仓盈亏: 0.00, 平仓盈亏: 0.00, 市值: 0.00, 保证金: 0.00, 手续费: 0.00, 风险度: 0.00%
    INFO - 胜率: 0.00%, 盈亏额比例: inf, 收益率: 0.00%, 年化收益率: 0.00%, 最大回撤: 0.00%, 年化夏普率: inf,年化索提诺比率: -15.8114
    INFO - 回测结束
extracted rank=142 rb2201.SHFE SHFE.rb2201 rows=1755 elapsed=5.23
    INFO - 模拟交易成交记录, 账户: TQSIM
    INFO - 模拟交易账户资金, 账户: TQSIM
    INFO - 日期: 2022-02-10, 账户权益: 10000000.00, 可用资金: 10000000.00, 浮动盈亏: 0.00, 持仓盈亏: 0.00, 平仓盈亏: 0.00, 市值: 0.00, 保证金: 0.00, 手续费: 0.00, 风险度: 0.00%
    INFO - 日期: 2022-02-11, 账户权益: 10000000.00, 可用资金: 10000000.00, 浮动盈亏: 0.00, 持仓盈亏: 0.00, 平仓盈亏: 0.00, 市值: 0.00, 保证金: 0.00, 手续费: 0.00, 风险度: 0.00%
    INFO - 日期: 2022-02-14, 账户权益: 10000000.00, 可用资金: 10000000.00, 浮动盈亏: 0.00, 持仓盈亏: 0.00, 平仓盈亏: 0.00, 市值: 0.00, 保证金: 0.00, 手续费: 0.00, 风险度: 0.00%
    INFO - 日期: 2022-02-15, 账户权益: 10000000.00, 可用资金: 10000000.00, 浮动盈亏: 0.00, 持仓盈亏: 0.00, 平仓盈亏: 0.00, 市值: 0.00, 保证金: 0.00, 手续费: 0.00, 风险度: 0.00%
    INFO - 日期: 2022-02-16, 账户权益: 10000000.00, 可用资金: 10000000.00, 浮动盈亏: 0.00, 持仓盈亏: 0.00, 平仓盈亏: 0.00, 市值: 0.00, 保证金: 0.00, 手续费: 0.00, 风险度: 0.00%
    INFO - 日期: 2022-02-17, 账户权益: 10000000.00, 可用资金: 10000000.00, 浮动盈亏: 0.00, 持仓盈亏: 0.00, 平仓盈亏: 0.00, 市值: 0.00, 保证金: 0.00, 手续费: 0.00, 风险度: 0.00%
    INFO - 日期: 2022-02-18, 账户权益: 10000000.00, 可用资金: 10000000.00, 浮动盈亏: 0.00, 持仓盈亏: 0.00, 平仓盈亏: 0.00, 市值: 0.00, 保证金: 0.00, 手续费: 0.00, 风险度: 0.00%
    INFO - 日期: 2022-02-21, 账户权益: 10000000.00, 可用资金: 10000000.00, 浮动盈亏: 0.00, 持仓盈亏: 0.00, 平仓盈亏: 0.00, 市值: 0.00, 保证金: 0.00, 手续费: 0.00, 风险度: 0.00%
    INFO - 日期: 2022-02-22, 账户权益: 10000000.00, 可用资金: 10000000.00, 浮动盈亏: 0.00, 持仓盈亏: 0.00, 平仓盈亏: 0.00, 市值: 0.00, 保证金: 0.00, 手续费: 0.00, 风险度: 0.00%
    INFO - 日期: 2022-02-23, 账户权益: 10000000.00, 可用资金: 10000000.00, 浮动盈亏: 0.00, 持仓盈亏: 0.00, 平仓盈亏: 0.00, 市值: 0.00, 保证金: 0.00, 手续费: 0.00, 风险度: 0.00%
    INFO - 胜率: 0.00%, 盈亏额比例: inf, 收益率: 0.00%, 年化收益率: 0.00%, 最大回撤: 0.00%, 年化夏普率: inf,年化索提诺比率: -15.8114
    INFO - 回测结束
extracted rank=143 cu2203.SHFE SHFE.cu2203 rows=3990 elapsed=6.98
    INFO - 模拟交易成交记录, 账户: TQSIM
    INFO - 模拟交易账户资金, 账户: TQSIM
    INFO - 日期: 2025-02-18, 账户权益: 10000000.00, 可用资金: 10000000.00, 浮动盈亏: 0.00, 持仓盈亏: 0.00, 平仓盈亏: 0.00, 市值: 0.00, 保证金: 0.00, 手续费: 0.00, 风险度: 0.00%
    INFO - 日期: 2025-02-19, 账户权益: 10000000.00, 可用资金: 10000000.00, 浮动盈亏: 0.00, 持仓盈亏: 0.00, 平仓盈亏: 0.00, 市值: 0.00, 保证金: 0.00, 手续费: 0.00, 风险度: 0.00%
    INFO - 日期: 2025-02-20, 账户权益: 10000000.00, 可用资金: 10000000.00, 浮动盈亏: 0.00, 持仓盈亏: 0.00, 平仓盈亏: 0.00, 市值: 0.00, 保证金: 0.00, 手续费: 0.00, 风险度: 0.00%
    INFO - 日期: 2025-02-21, 账户权益: 10000000.00, 可用资金: 10000000.00, 浮动盈亏: 0.00, 持仓盈亏: 0.00, 平仓盈亏: 0.00, 市值: 0.00, 保证金: 0.00, 手续费: 0.00, 风险度: 0.00%
    INFO - 日期: 2025-02-24, 账户权益: 10000000.00, 可用资金: 10000000.00, 浮动盈亏: 0.00, 持仓盈亏: 0.00, 平仓盈亏: 0.00, 市值: 0.00, 保证金: 0.00, 手续费: 0.00, 风险度: 0.00%
    INFO - 日期: 2025-02-25, 账户权益: 10000000.00, 可用资金: 10000000.00, 浮动盈亏: 0.00, 持仓盈亏: 0.00, 平仓盈亏: 0.00, 市值: 0.00, 保证金: 0.00, 手续费: 0.00, 风险度: 0.00%
    INFO - 日期: 2025-02-26, 账户权益: 10000000.00, 可用资金: 10000000.00, 浮动盈亏: 0.00, 持仓盈亏: 0.00, 平仓盈亏: 0.00, 市值: 0.00, 保证金: 0.00, 手续费: 0.00, 风险度: 0.00%
    INFO - 胜率: 0.00%, 盈亏额比例: inf, 收益率: 0.00%, 年化收益率: 0.00%, 最大回撤: 0.00%, 年化夏普率: inf,年化索提诺比率: -15.8114
    INFO - 回测结束
extracted rank=144 ru2505.SHFE SHFE.ru2505 rows=1875 elapsed=4.51
    INFO - 模拟交易成交记录, 账户: TQSIM
    INFO - 模拟交易账户资金, 账户: TQSIM
    INFO - 日期: 2024-04-16, 账户权益: 10000000.00, 可用资金: 10000000.00, 浮动盈亏: 0.00, 持仓盈亏: 0.00, 平仓盈亏: 0.00, 市值: 0.00, 保证金: 0.00, 手续费: 0.00, 风险度: 0.00%
    INFO - 日期: 2024-04-17, 账户权益: 10000000.00, 可用资金: 10000000.00, 浮动盈亏: 0.00, 持仓盈亏: 0.00, 平仓盈亏: 0.00, 市值: 0.00, 保证金: 0.00, 手续费: 0.00, 风险度: 0.00%
    INFO - 日期: 2024-04-18, 账户权益: 10000000.00, 可用资金: 10000000.00, 浮动盈亏: 0.00, 持仓盈亏: 0.00, 平仓盈亏: 0.00, 市值: 0.00, 保证金: 0.00, 手续费: 0.00, 风险度: 0.00%
    INFO - 日期: 2024-04-19, 账户权益: 10000000.00, 可用资金: 10000000.00, 浮动盈亏: 0.00, 持仓盈亏: 0.00, 平仓盈亏: 0.00, 市值: 0.00, 保证金: 0.00, 手续费: 0.00, 风险度: 0.00%
    INFO - 日期: 2024-04-22, 账户权益: 10000000.00, 可用资金: 10000000.00, 浮动盈亏: 0.00, 持仓盈亏: 0.00, 平仓盈亏: 0.00, 市值: 0.00, 保证金: 0.00, 手续费: 0.00, 风险度: 0.00%
    INFO - 日期: 2024-04-23, 账户权益: 10000000.00, 可用资金: 10000000.00, 浮动盈亏: 0.00, 持仓盈亏: 0.00, 平仓盈亏: 0.00, 市值: 0.00, 保证金: 0.00, 手续费: 0.00, 风险度: 0.00%
    INFO - 日期: 2024-04-24, 账户权益: 10000000.00, 可用资金: 10000000.00, 浮动盈亏: 0.00, 持仓盈亏: 0.00, 平仓盈亏: 0.00, 市值: 0.00, 保证金: 0.00, 手续费: 0.00, 风险度: 0.00%
    INFO - 胜率: 0.00%, 盈亏额比例: inf, 收益率: 0.00%, 年化收益率: 0.00%, 最大回撤: 0.00%, 年化夏普率: inf,年化索提诺比率: -15.8114
    INFO - 回测结束
extracted rank=145 MA409.CZCE CZCE.MA409 rows=1875 elapsed=5.4
    INFO - 模拟交易成交记录, 账户: TQSIM
    INFO - 模拟交易账户资金, 账户: TQSIM
    INFO - 日期: 2023-02-23, 账户权益: 10000000.00, 可用资金: 10000000.00, 浮动盈亏: 0.00, 持仓盈亏: 0.00, 平仓盈亏: 0.00, 市值: 0.00, 保证金: 0.00, 手续费: 0.00, 风险度: 0.00%
    INFO - 日期: 2023-02-24, 账户权益: 10000000.00, 可用资金: 10000000.00, 浮动盈亏: 0.00, 持仓盈亏: 0.00, 平仓盈亏: 0.00, 市值: 0.00, 保证金: 0.00, 手续费: 0.00, 风险度: 0.00%
    INFO - 日期: 2023-02-27, 账户权益: 10000000.00, 可用资金: 10000000.00, 浮动盈亏: 0.00, 持仓盈亏: 0.00, 平仓盈亏: 0.00, 市值: 0.00, 保证金: 0.00, 手续费: 0.00, 风险度: 0.00%
    INFO - 日期: 2023-02-28, 账户权益: 10000000.00, 可用资金: 10000000.00, 浮动盈亏: 0.00, 持仓盈亏: 0.00, 平仓盈亏: 0.00, 市值: 0.00, 保证金: 0.00, 手续费: 0.00, 风险度: 0.00%
    INFO - 胜率: 0.00%, 盈亏额比例: inf, 收益率: 0.00%, 年化收益率: 0.00%, 最大回撤: 0.00%, 年化夏普率: inf,年化索提诺比率: -15.8114
    INFO - 回测结束
extracted rank=146 cu2304.SHFE SHFE.cu2304 rows=1200 elapsed=4.18
    INFO - 回测结束
    INFO - 模拟交易成交记录, 账户: TQSIM
    INFO - 模拟交易账户资金, 账户: TQSIM
    INFO - 日期: 2021-11-24, 账户权益: 10000000.00, 可用资金: 10000000.00, 浮动盈亏: 0.00, 持仓盈亏: 0.00, 平仓盈亏: 0.00, 市值: 0.00, 保证金: 0.00, 手续费: 0.00, 风险度: 0.00%
    INFO - 日期: 2021-11-25, 账户权益: 10000000.00, 可用资金: 10000000.00, 浮动盈亏: 0.00, 持仓盈亏: 0.00, 平仓盈亏: 0.00, 市值: 0.00, 保证金: 0.00, 手续费: 0.00, 风险度: 0.00%
    INFO - 日期: 2021-11-26, 账户权益: 10000000.00, 可用资金: 10000000.00, 浮动盈亏: 0.00, 持仓盈亏: 0.00, 平仓盈亏: 0.00, 市值: 0.00, 保证金: 0.00, 手续费: 0.00, 风险度: 0.00%
    INFO - 日期: 2021-11-29, 账户权益: 10000000.00, 可用资金: 10000000.00, 浮动盈亏: 0.00, 持仓盈亏: 0.00, 平仓盈亏: 0.00, 市值: 0.00, 保证金: 0.00, 手续费: 0.00, 风险度: 0.00%
    INFO - 胜率: 0.00%, 盈亏额比例: inf, 收益率: 0.00%, 年化收益率: 0.00%, 最大回撤: 0.00%, 年化夏普率: inf,年化索提诺比率: -15.8114
extracted rank=147 ru2205.SHFE SHFE.ru2205 rows=824 elapsed=4.29
    INFO - 模拟交易成交记录, 账户: TQSIM
    INFO - 模拟交易账户资金, 账户: TQSIM
    INFO - 日期: 2024-11-18, 账户权益: 10000000.00, 可用资金: 10000000.00, 浮动盈亏: 0.00, 持仓盈亏: 0.00, 平仓盈亏: 0.00, 市值: 0.00, 保证金: 0.00, 手续费: 0.00, 风险度: 0.00%
    INFO - 日期: 2024-11-19, 账户权益: 10000000.00, 可用资金: 10000000.00, 浮动盈亏: 0.00, 持仓盈亏: 0.00, 平仓盈亏: 0.00, 市值: 0.00, 保证金: 0.00, 手续费: 0.00, 风险度: 0.00%
    INFO - 日期: 2024-11-20, 账户权益: 10000000.00, 可用资金: 10000000.00, 浮动盈亏: 0.00, 持仓盈亏: 0.00, 平仓盈亏: 0.00, 市值: 0.00, 保证金: 0.00, 手续费: 0.00, 风险度: 0.00%
    INFO - 日期: 2024-11-21, 账户权益: 10000000.00, 可用资金: 10000000.00, 浮动盈亏: 0.00, 持仓盈亏: 0.00, 平仓盈亏: 0.00, 市值: 0.00, 保证金: 0.00, 手续费: 0.00, 风险度: 0.00%
    INFO - 日期: 2024-11-22, 账户权益: 10000000.00, 可用资金: 10000000.00, 浮动盈亏: 0.00, 持仓盈亏: 0.00, 平仓盈亏: 0.00, 市值: 0.00, 保证金: 0.00, 手续费: 0.00, 风险度: 0.00%
    INFO - 日期: 2024-11-25, 账户权益: 10000000.00, 可用资金: 10000000.00, 浮动盈亏: 0.00, 持仓盈亏: 0.00, 平仓盈亏: 0.00, 市值: 0.00, 保证金: 0.00, 手续费: 0.00, 风险度: 0.00%
    INFO - 日期: 2024-11-26, 账户权益: 10000000.00, 可用资金: 10000000.00, 浮动盈亏: 0.00, 持仓盈亏: 0.00, 平仓盈亏: 0.00, 市值: 0.00, 保证金: 0.00, 手续费: 0.00, 风险度: 0.00%
    INFO - 胜率: 0.00%, 盈亏额比例: inf, 收益率: 0.00%, 年化收益率: 0.00%, 最大回撤: 0.00%, 年化夏普率: inf,年化索提诺比率: -15.8114
    INFO - 回测结束
extracted rank=148 sp2501.SHFE SHFE.sp2501 rows=1875 elapsed=4.37
    INFO - 模拟交易成交记录, 账户: TQSIM
    INFO - 模拟交易账户资金, 账户: TQSIM
    INFO - 日期: 2023-06-27, 账户权益: 10000000.00, 可用资金: 10000000.00, 浮动盈亏: 0.00, 持仓盈亏: 0.00, 平仓盈亏: 0.00, 市值: 0.00, 保证金: 0.00, 手续费: 0.00, 风险度: 0.00%
    INFO - 日期: 2023-06-28, 账户权益: 10000000.00, 可用资金: 10000000.00, 浮动盈亏: 0.00, 持仓盈亏: 0.00, 平仓盈亏: 0.00, 市值: 0.00, 保证金: 0.00, 手续费: 0.00, 风险度: 0.00%
    INFO - 日期: 2023-06-29, 账户权益: 10000000.00, 可用资金: 10000000.00, 浮动盈亏: 0.00, 持仓盈亏: 0.00, 平仓盈亏: 0.00, 市值: 0.00, 保证金: 0.00, 手续费: 0.00, 风险度: 0.00%
    INFO - 日期: 2023-06-30, 账户权益: 10000000.00, 可用资金: 10000000.00, 浮动盈亏: 0.00, 持仓盈亏: 0.00, 平仓盈亏: 0.00, 市值: 0.00, 保证金: 0.00, 手续费: 0.00, 风险度: 0.00%
    INFO - 日期: 2023-07-03, 账户权益: 10000000.00, 可用资金: 10000000.00, 浮动盈亏: 0.00, 持仓盈亏: 0.00, 平仓盈亏: 0.00, 市值: 0.00, 保证金: 0.00, 手续费: 0.00, 风险度: 0.00%
    INFO - 日期: 2023-07-04, 账户权益: 10000000.00, 可用资金: 10000000.00, 浮动盈亏: 0.00, 持仓盈亏: 0.00, 平仓盈亏: 0.00, 市值: 0.00, 保证金: 0.00, 手续费: 0.00, 风险度: 0.00%
    INFO - 日期: 2023-07-05, 账户权益: 10000000.00, 可用资金: 10000000.00, 浮动盈亏: 0.00, 持仓盈亏: 0.00, 平仓盈亏: 0.00, 市值: 0.00, 保证金: 0.00, 手续费: 0.00, 风险度: 0.00%
    INFO - 日期: 2023-07-06, 账户权益: 10000000.00, 可用资金: 10000000.00, 浮动盈亏: 0.00, 持仓盈亏: 0.00, 平仓盈亏: 0.00, 市值: 0.00, 保证金: 0.00, 手续费: 0.00, 风险度: 0.00%
    INFO - 日期: 2023-07-07, 账户权益: 10000000.00, 可用资金: 10000000.00, 浮动盈亏: 0.00, 持仓盈亏: 0.00, 平仓盈亏: 0.00, 市值: 0.00, 保证金: 0.00, 手续费: 0.00, 风险度: 0.00%
    INFO - 日期: 2023-07-10, 账户权益: 10000000.00, 可用资金: 10000000.00, 浮动盈亏: 0.00, 持仓盈亏: 0.00, 平仓盈亏: 0.00, 市值: 0.00, 保证金: 0.00, 手续费: 0.00, 风险度: 0.00%
    INFO - 日期: 2023-07-11, 账户权益: 10000000.00, 可用资金: 10000000.00, 浮动盈亏: 0.00, 持仓盈亏: 0.00, 平仓盈亏: 0.00, 市值: 0.00, 保证金: 0.00, 手续费: 0.00, 风险度: 0.00%
    INFO - 日期: 2023-07-12, 账户权益: 10000000.00, 可用资金: 10000000.00, 浮动盈亏: 0.00, 持仓盈亏: 0.00, 平仓盈亏: 0.00, 市值: 0.00, 保证金: 0.00, 手续费: 0.00, 风险度: 0.00%
    INFO - 日期: 2023-07-13, 账户权益: 10000000.00, 可用资金: 10000000.00, 浮动盈亏: 0.00, 持仓盈亏: 0.00, 平仓盈亏: 0.00, 市值: 0.00, 保证金: 0.00, 手续费: 0.00, 风险度: 0.00%
    INFO - 日期: 2023-07-14, 账户权益: 10000000.00, 可用资金: 10000000.00, 浮动盈亏: 0.00, 持仓盈亏: 0.00, 平仓盈亏: 0.00, 市值: 0.00, 保证金: 0.00, 手续费: 0.00, 风险度: 0.00%
    INFO - 日期: 2023-07-17, 账户权益: 10000000.00, 可用资金: 10000000.00, 浮动盈亏: 0.00, 持仓盈亏: 0.00, 平仓盈亏: 0.00, 市值: 0.00, 保证金: 0.00, 手续费: 0.00, 风险度: 0.00%
    INFO - 日期: 2023-07-18, 账户权益: 10000000.00, 可用资金: 10000000.00, 浮动盈亏: 0.00, 持仓盈亏: 0.00, 平仓盈亏: 0.00, 市值: 0.00, 保证金: 0.00, 手续费: 0.00, 风险度: 0.00%
    INFO - 日期: 2023-07-19, 账户权益: 10000000.00, 可用资金: 10000000.00, 浮动盈亏: 0.00, 持仓盈亏: 0.00, 平仓盈亏: 0.00, 市值: 0.00, 保证金: 0.00, 手续费: 0.00, 风险度: 0.00%
    INFO - 日期: 2023-07-20, 账户权益: 10000000.00, 可用资金: 10000000.00, 浮动盈亏: 0.00, 持仓盈亏: 0.00, 平仓盈亏: 0.00, 市值: 0.00, 保证金: 0.00, 手续费: 0.00, 风险度: 0.00%
    INFO - 日期: 2023-07-21, 账户权益: 10000000.00, 可用资金: 10000000.00, 浮动盈亏: 0.00, 持仓盈亏: 0.00, 平仓盈亏: 0.00, 市值: 0.00, 保证金: 0.00, 手续费: 0.00, 风险度: 0.00%
    INFO - 日期: 2023-07-24, 账户权益: 10000000.00, 可用资金: 10000000.00, 浮动盈亏: 0.00, 持仓盈亏: 0.00, 平仓盈亏: 0.00, 市值: 0.00, 保证金: 0.00, 手续费: 0.00, 风险度: 0.00%
    INFO - 日期: 2023-07-25, 账户权益: 10000000.00, 可用资金: 10000000.00, 浮动盈亏: 0.00, 持仓盈亏: 0.00, 平仓盈亏: 0.00, 市值: 0.00, 保证金: 0.00, 手续费: 0.00, 风险度: 0.00%
    INFO - 胜率: 0.00%, 盈亏额比例: inf, 收益率: 0.00%, 年化收益率: 0.00%, 最大回撤: 0.00%, 年化夏普率: inf,年化索提诺比率: -15.8114
    INFO - 回测结束
extracted rank=149 OI309.CZCE CZCE.OI309 rows=6705 elapsed=9.37
    INFO - 回测结束
    INFO - 模拟交易成交记录, 账户: TQSIM
    INFO - 模拟交易账户资金, 账户: TQSIM
    INFO - 日期: 2021-02-09, 账户权益: 10000000.00, 可用资金: 10000000.00, 浮动盈亏: 0.00, 持仓盈亏: 0.00, 平仓盈亏: 0.00, 市值: 0.00, 保证金: 0.00, 手续费: 0.00, 风险度: 0.00%
    INFO - 日期: 2021-02-10, 账户权益: 10000000.00, 可用资金: 10000000.00, 浮动盈亏: 0.00, 持仓盈亏: 0.00, 平仓盈亏: 0.00, 市值: 0.00, 保证金: 0.00, 手续费: 0.00, 风险度: 0.00%
    INFO - 日期: 2021-02-18, 账户权益: 10000000.00, 可用资金: 10000000.00, 浮动盈亏: 0.00, 持仓盈亏: 0.00, 平仓盈亏: 0.00, 市值: 0.00, 保证金: 0.00, 手续费: 0.00, 风险度: 0.00%
    INFO - 日期: 2021-02-19, 账户权益: 10000000.00, 可用资金: 10000000.00, 浮动盈亏: 0.00, 持仓盈亏: 0.00, 平仓盈亏: 0.00, 市值: 0.00, 保证金: 0.00, 手续费: 0.00, 风险度: 0.00%
    INFO - 日期: 2021-02-22, 账户权益: 10000000.00, 可用资金: 10000000.00, 浮动盈亏: 0.00, 持仓盈亏: 0.00, 平仓盈亏: 0.00, 市值: 0.00, 保证金: 0.00, 手续费: 0.00, 风险度: 0.00%
    INFO - 日期: 2021-02-23, 账户权益: 10000000.00, 可用资金: 10000000.00, 浮动盈亏: 0.00, 持仓盈亏: 0.00, 平仓盈亏: 0.00, 市值: 0.00, 保证金: 0.00, 手续费: 0.00, 风险度: 0.00%
    INFO - 日期: 2021-02-24, 账户权益: 10000000.00, 可用资金: 10000000.00, 浮动盈亏: 0.00, 持仓盈亏: 0.00, 平仓盈亏: 0.00, 市值: 0.00, 保证金: 0.00, 手续费: 0.00, 风险度: 0.00%
    INFO - 日期: 2021-02-25, 账户权益: 10000000.00, 可用资金: 10000000.00, 浮动盈亏: 0.00, 持仓盈亏: 0.00, 平仓盈亏: 0.00, 市值: 0.00, 保证金: 0.00, 手续费: 0.00, 风险度: 0.00%
    INFO - 日期: 2021-02-26, 账户权益: 10000000.00, 可用资金: 10000000.00, 浮动盈亏: 0.00, 持仓盈亏: 0.00, 平仓盈亏: 0.00, 市值: 0.00, 保证金: 0.00, 手续费: 0.00, 风险度: 0.00%
    INFO - 日期: 2021-03-01, 账户权益: 10000000.00, 可用资金: 10000000.00, 浮动盈亏: 0.00, 持仓盈亏: 0.00, 平仓盈亏: 0.00, 市值: 0.00, 保证金: 0.00, 手续费: 0.00, 风险度: 0.00%
    INFO - 胜率: 0.00%, 盈亏额比例: inf, 收益率: 0.00%, 年化收益率: 0.00%, 最大回撤: 0.00%, 年化夏普率: inf,年化索提诺比率: -15.8114
extracted rank=150 ru2105.SHFE SHFE.ru2105 rows=2774 elapsed=6.13
    INFO - 模拟交易成交记录, 账户: TQSIM
    INFO - 模拟交易账户资金, 账户: TQSIM
    INFO - 日期: 2022-12-05, 账户权益: 10000000.00, 可用资金: 10000000.00, 浮动盈亏: 0.00, 持仓盈亏: 0.00, 平仓盈亏: 0.00, 市值: 0.00, 保证金: 0.00, 手续费: 0.00, 风险度: 0.00%
    INFO - 日期: 2022-12-06, 账户权益: 10000000.00, 可用资金: 10000000.00, 浮动盈亏: 0.00, 持仓盈亏: 0.00, 平仓盈亏: 0.00, 市值: 0.00, 保证金: 0.00, 手续费: 0.00, 风险度: 0.00%
    INFO - 日期: 2022-12-07, 账户权益: 10000000.00, 可用资金: 10000000.00, 浮动盈亏: 0.00, 持仓盈亏: 0.00, 平仓盈亏: 0.00, 市值: 0.00, 保证金: 0.00, 手续费: 0.00, 风险度: 0.00%
    INFO - 日期: 2022-12-08, 账户权益: 10000000.00, 可用资金: 10000000.00, 浮动盈亏: 0.00, 持仓盈亏: 0.00, 平仓盈亏: 0.00, 市值: 0.00, 保证金: 0.00, 手续费: 0.00, 风险度: 0.00%
    INFO - 日期: 2022-12-09, 账户权益: 10000000.00, 可用资金: 10000000.00, 浮动盈亏: 0.00, 持仓盈亏: 0.00, 平仓盈亏: 0.00, 市值: 0.00, 保证金: 0.00, 手续费: 0.00, 风险度: 0.00%
    INFO - 日期: 2022-12-12, 账户权益: 10000000.00, 可用资金: 10000000.00, 浮动盈亏: 0.00, 持仓盈亏: 0.00, 平仓盈亏: 0.00, 市值: 0.00, 保证金: 0.00, 手续费: 0.00, 风险度: 0.00%
    INFO - 日期: 2022-12-13, 账户权益: 10000000.00, 可用资金: 10000000.00, 浮动盈亏: 0.00, 持仓盈亏: 0.00, 平仓盈亏: 0.00, 市值: 0.00, 保证金: 0.00, 手续费: 0.00, 风险度: 0.00%
    INFO - 日期: 2022-12-14, 账户权益: 10000000.00, 可用资金: 10000000.00, 浮动盈亏: 0.00, 持仓盈亏: 0.00, 平仓盈亏: 0.00, 市值: 0.00, 保证金: 0.00, 手续费: 0.00, 风险度: 0.00%
    INFO - 日期: 2022-12-15, 账户权益: 10000000.00, 可用资金: 10000000.00, 浮动盈亏: 0.00, 持仓盈亏: 0.00, 平仓盈亏: 0.00, 市值: 0.00, 保证金: 0.00, 手续费: 0.00, 风险度: 0.00%
    INFO - 胜率: 0.00%, 盈亏额比例: inf, 收益率: 0.00%, 年化收益率: 0.00%, 最大回撤: 0.00%, 年化夏普率: inf,年化索提诺比率: -15.8114
    INFO - 回测结束
extracted rank=151 sp2301.SHFE SHFE.sp2301 rows=2565 elapsed=5.66
    INFO - 回测结束
    INFO - 模拟交易成交记录, 账户: TQSIM
    INFO - 模拟交易账户资金, 账户: TQSIM
    INFO - 日期: 2023-12-21, 账户权益: 10000000.00, 可用资金: 10000000.00, 浮动盈亏: 0.00, 持仓盈亏: 0.00, 平仓盈亏: 0.00, 市值: 0.00, 保证金: 0.00, 手续费: 0.00, 风险度: 0.00%
    INFO - 日期: 2023-12-22, 账户权益: 10000000.00, 可用资金: 10000000.00, 浮动盈亏: 0.00, 持仓盈亏: 0.00, 平仓盈亏: 0.00, 市值: 0.00, 保证金: 0.00, 手续费: 0.00, 风险度: 0.00%
    INFO - 日期: 2023-12-25, 账户权益: 10000000.00, 可用资金: 10000000.00, 浮动盈亏: 0.00, 持仓盈亏: 0.00, 平仓盈亏: 0.00, 市值: 0.00, 保证金: 0.00, 手续费: 0.00, 风险度: 0.00%
    INFO - 日期: 2023-12-26, 账户权益: 10000000.00, 可用资金: 10000000.00, 浮动盈亏: 0.00, 持仓盈亏: 0.00, 平仓盈亏: 0.00, 市值: 0.00, 保证金: 0.00, 手续费: 0.00, 风险度: 0.00%
    INFO - 日期: 2023-12-27, 账户权益: 10000000.00, 可用资金: 10000000.00, 浮动盈亏: 0.00, 持仓盈亏: 0.00, 平仓盈亏: 0.00, 市值: 0.00, 保证金: 0.00, 手续费: 0.00, 风险度: 0.00%
    INFO - 日期: 2023-12-28, 账户权益: 10000000.00, 可用资金: 10000000.00, 浮动盈亏: 0.00, 持仓盈亏: 0.00, 平仓盈亏: 0.00, 市值: 0.00, 保证金: 0.00, 手续费: 0.00, 风险度: 0.00%
    INFO - 日期: 2023-12-29, 账户权益: 10000000.00, 可用资金: 10000000.00, 浮动盈亏: 0.00, 持仓盈亏: 0.00, 平仓盈亏: 0.00, 市值: 0.00, 保证金: 0.00, 手续费: 0.00, 风险度: 0.00%
    INFO - 胜率: 0.00%, 盈亏额比例: inf, 收益率: 0.00%, 年化收益率: 0.00%, 最大回撤: 0.00%, 年化夏普率: inf,年化索提诺比率: -15.8114
extracted rank=152 cu2402.SHFE SHFE.cu2402 rows=2804 elapsed=6.13
    INFO - 回测结束
    INFO - 模拟交易成交记录, 账户: TQSIM
    INFO - 模拟交易账户资金, 账户: TQSIM
    INFO - 日期: 2023-07-25, 账户权益: 10000000.00, 可用资金: 10000000.00, 浮动盈亏: 0.00, 持仓盈亏: 0.00, 平仓盈亏: 0.00, 市值: 0.00, 保证金: 0.00, 手续费: 0.00, 风险度: 0.00%
    INFO - 日期: 2023-07-26, 账户权益: 10000000.00, 可用资金: 10000000.00, 浮动盈亏: 0.00, 持仓盈亏: 0.00, 平仓盈亏: 0.00, 市值: 0.00, 保证金: 0.00, 手续费: 0.00, 风险度: 0.00%
    INFO - 日期: 2023-07-27, 账户权益: 10000000.00, 可用资金: 10000000.00, 浮动盈亏: 0.00, 持仓盈亏: 0.00, 平仓盈亏: 0.00, 市值: 0.00, 保证金: 0.00, 手续费: 0.00, 风险度: 0.00%
    INFO - 日期: 2023-07-28, 账户权益: 10000000.00, 可用资金: 10000000.00, 浮动盈亏: 0.00, 持仓盈亏: 0.00, 平仓盈亏: 0.00, 市值: 0.00, 保证金: 0.00, 手续费: 0.00, 风险度: 0.00%
    INFO - 日期: 2023-07-31, 账户权益: 10000000.00, 可用资金: 10000000.00, 浮动盈亏: 0.00, 持仓盈亏: 0.00, 平仓盈亏: 0.00, 市值: 0.00, 保证金: 0.00, 手续费: 0.00, 风险度: 0.00%
    INFO - 日期: 2023-08-01, 账户权益: 10000000.00, 可用资金: 10000000.00, 浮动盈亏: 0.00, 持仓盈亏: 0.00, 平仓盈亏: 0.00, 市值: 0.00, 保证金: 0.00, 手续费: 0.00, 风险度: 0.00%
    INFO - 日期: 2023-08-02, 账户权益: 10000000.00, 可用资金: 10000000.00, 浮动盈亏: 0.00, 持仓盈亏: 0.00, 平仓盈亏: 0.00, 市值: 0.00, 保证金: 0.00, 手续费: 0.00, 风险度: 0.00%
    INFO - 日期: 2023-08-03, 账户权益: 10000000.00, 可用资金: 10000000.00, 浮动盈亏: 0.00, 持仓盈亏: 0.00, 平仓盈亏: 0.00, 市值: 0.00, 保证金: 0.00, 手续费: 0.00, 风险度: 0.00%
    INFO - 日期: 2023-08-04, 账户权益: 10000000.00, 可用资金: 10000000.00, 浮动盈亏: 0.00, 持仓盈亏: 0.00, 平仓盈亏: 0.00, 市值: 0.00, 保证金: 0.00, 手续费: 0.00, 风险度: 0.00%
    INFO - 日期: 2023-08-07, 账户权益: 10000000.00, 可用资金: 10000000.00, 浮动盈亏: 0.00, 持仓盈亏: 0.00, 平仓盈亏: 0.00, 市值: 0.00, 保证金: 0.00, 手续费: 0.00, 风险度: 0.00%
    INFO - 胜率: 0.00%, 盈亏额比例: inf, 收益率: 0.00%, 年化收益率: 0.00%, 最大回撤: 0.00%, 年化夏普率: inf,年化索提诺比率: -15.8114
extracted rank=153 cu2309.SHFE SHFE.cu2309 rows=3974 elapsed=7.28
    INFO - 模拟交易成交记录, 账户: TQSIM
    INFO - 模拟交易账户资金, 账户: TQSIM
    INFO - 日期: 2022-08-17, 账户权益: 10000000.00, 可用资金: 10000000.00, 浮动盈亏: 0.00, 持仓盈亏: 0.00, 平仓盈亏: 0.00, 市值: 0.00, 保证金: 0.00, 手续费: 0.00, 风险度: 0.00%
    INFO - 日期: 2022-08-18, 账户权益: 10000000.00, 可用资金: 10000000.00, 浮动盈亏: 0.00, 持仓盈亏: 0.00, 平仓盈亏: 0.00, 市值: 0.00, 保证金: 0.00, 手续费: 0.00, 风险度: 0.00%
    INFO - 日期: 2022-08-19, 账户权益: 10000000.00, 可用资金: 10000000.00, 浮动盈亏: 0.00, 持仓盈亏: 0.00, 平仓盈亏: 0.00, 市值: 0.00, 保证金: 0.00, 手续费: 0.00, 风险度: 0.00%
    INFO - 日期: 2022-08-22, 账户权益: 10000000.00, 可用资金: 10000000.00, 浮动盈亏: 0.00, 持仓盈亏: 0.00, 平仓盈亏: 0.00, 市值: 0.00, 保证金: 0.00, 手续费: 0.00, 风险度: 0.00%
    INFO - 日期: 2022-08-23, 账户权益: 10000000.00, 可用资金: 10000000.00, 浮动盈亏: 0.00, 持仓盈亏: 0.00, 平仓盈亏: 0.00, 市值: 0.00, 保证金: 0.00, 手续费: 0.00, 风险度: 0.00%
    INFO - 胜率: 0.00%, 盈亏额比例: inf, 收益率: 0.00%, 年化收益率: 0.00%, 最大回撤: 0.00%, 年化夏普率: inf,年化索提诺比率: -15.8114
    INFO - 回测结束
extracted rank=154 au2212.SHFE SHFE.au2212 rows=2025 elapsed=5.12
cached_raw rank=155 jm2505.DCE DCE.jm2505 rows=479 elapsed=0.0
    INFO - 模拟交易成交记录, 账户: TQSIM
    INFO - 模拟交易账户资金, 账户: TQSIM
    INFO - 日期: 2023-07-19, 账户权益: 10000000.00, 可用资金: 10000000.00, 浮动盈亏: 0.00, 持仓盈亏: 0.00, 平仓盈亏: 0.00, 市值: 0.00, 保证金: 0.00, 手续费: 0.00, 风险度: 0.00%
    INFO - 日期: 2023-07-20, 账户权益: 10000000.00, 可用资金: 10000000.00, 浮动盈亏: 0.00, 持仓盈亏: 0.00, 平仓盈亏: 0.00, 市值: 0.00, 保证金: 0.00, 手续费: 0.00, 风险度: 0.00%
    INFO - 日期: 2023-07-21, 账户权益: 10000000.00, 可用资金: 10000000.00, 浮动盈亏: 0.00, 持仓盈亏: 0.00, 平仓盈亏: 0.00, 市值: 0.00, 保证金: 0.00, 手续费: 0.00, 风险度: 0.00%
    INFO - 日期: 2023-07-24, 账户权益: 10000000.00, 可用资金: 10000000.00, 浮动盈亏: 0.00, 持仓盈亏: 0.00, 平仓盈亏: 0.00, 市值: 0.00, 保证金: 0.00, 手续费: 0.00, 风险度: 0.00%
    INFO - 日期: 2023-07-25, 账户权益: 10000000.00, 可用资金: 10000000.00, 浮动盈亏: 0.00, 持仓盈亏: 0.00, 平仓盈亏: 0.00, 市值: 0.00, 保证金: 0.00, 手续费: 0.00, 风险度: 0.00%
    INFO - 日期: 2023-07-26, 账户权益: 10000000.00, 可用资金: 10000000.00, 浮动盈亏: 0.00, 持仓盈亏: 0.00, 平仓盈亏: 0.00, 市值: 0.00, 保证金: 0.00, 手续费: 0.00, 风险度: 0.00%
    INFO - 日期: 2023-07-27, 账户权益: 10000000.00, 可用资金: 10000000.00, 浮动盈亏: 0.00, 持仓盈亏: 0.00, 平仓盈亏: 0.00, 市值: 0.00, 保证金: 0.00, 手续费: 0.00, 风险度: 0.00%
    INFO - 日期: 2023-07-28, 账户权益: 10000000.00, 可用资金: 10000000.00, 浮动盈亏: 0.00, 持仓盈亏: 0.00, 平仓盈亏: 0.00, 市值: 0.00, 保证金: 0.00, 手续费: 0.00, 风险度: 0.00%
    INFO - 日期: 2023-07-31, 账户权益: 10000000.00, 可用资金: 10000000.00, 浮动盈亏: 0.00, 持仓盈亏: 0.00, 平仓盈亏: 0.00, 市值: 0.00, 保证金: 0.00, 手续费: 0.00, 风险度: 0.00%
    INFO - 日期: 2023-08-01, 账户权益: 10000000.00, 可用资金: 10000000.00, 浮动盈亏: 0.00, 持仓盈亏: 0.00, 平仓盈亏: 0.00, 市值: 0.00, 保证金: 0.00, 手续费: 0.00, 风险度: 0.00%
    INFO - 日期: 2023-08-02, 账户权益: 10000000.00, 可用资金: 10000000.00, 浮动盈亏: 0.00, 持仓盈亏: 0.00, 平仓盈亏: 0.00, 市值: 0.00, 保证金: 0.00, 手续费: 0.00, 风险度: 0.00%
    INFO - 日期: 2023-08-03, 账户权益: 10000000.00, 可用资金: 10000000.00, 浮动盈亏: 0.00, 持仓盈亏: 0.00, 平仓盈亏: 0.00, 市值: 0.00, 保证金: 0.00, 手续费: 0.00, 风险度: 0.00%
    INFO - 日期: 2023-08-04, 账户权益: 10000000.00, 可用资金: 10000000.00, 浮动盈亏: 0.00, 持仓盈亏: 0.00, 平仓盈亏: 0.00, 市值: 0.00, 保证金: 0.00, 手续费: 0.00, 风险度: 0.00%
    INFO - 日期: 2023-08-07, 账户权益: 10000000.00, 可用资金: 10000000.00, 浮动盈亏: 0.00, 持仓盈亏: 0.00, 平仓盈亏: 0.00, 市值: 0.00, 保证金: 0.00, 手续费: 0.00, 风险度: 0.00%
    INFO - 日期: 2023-08-08, 账户权益: 10000000.00, 可用资金: 10000000.00, 浮动盈亏: 0.00, 持仓盈亏: 0.00, 平仓盈亏: 0.00, 市值: 0.00, 保证金: 0.00, 手续费: 0.00, 风险度: 0.00%
    INFO - 日期: 2023-08-09, 账户权益: 10000000.00, 可用资金: 10000000.00, 浮动盈亏: 0.00, 持仓盈亏: 0.00, 平仓盈亏: 0.00, 市值: 0.00, 保证金: 0.00, 手续费: 0.00, 风险度: 0.00%
    INFO - 日期: 2023-08-10, 账户权益: 10000000.00, 可用资金: 10000000.00, 浮动盈亏: 0.00, 持仓盈亏: 0.00, 平仓盈亏: 0.00, 市值: 0.00, 保证金: 0.00, 手续费: 0.00, 风险度: 0.00%
    INFO - 日期: 2023-08-11, 账户权益: 10000000.00, 可用资金: 10000000.00, 浮动盈亏: 0.00, 持仓盈亏: 0.00, 平仓盈亏: 0.00, 市值: 0.00, 保证金: 0.00, 手续费: 0.00, 风险度: 0.00%
    INFO - 日期: 2023-08-14, 账户权益: 10000000.00, 可用资金: 10000000.00, 浮动盈亏: 0.00, 持仓盈亏: 0.00, 平仓盈亏: 0.00, 市值: 0.00, 保证金: 0.00, 手续费: 0.00, 风险度: 0.00%
    INFO - 日期: 2023-08-15, 账户权益: 10000000.00, 可用资金: 10000000.00, 浮动盈亏: 0.00, 持仓盈亏: 0.00, 平仓盈亏: 0.00, 市值: 0.00, 保证金: 0.00, 手续费: 0.00, 风险度: 0.00%
    INFO - 胜率: 0.00%, 盈亏额比例: inf, 收益率: 0.00%, 年化收益率: 0.00%, 最大回撤: 0.00%, 年化夏普率: inf,年化索提诺比率: -15.8114
    INFO - 回测结束
extracted rank=156 SM310.CZCE CZCE.SM310 rows=4080 elapsed=7.14
    INFO - 模拟交易成交记录, 账户: TQSIM
    INFO - 模拟交易账户资金, 账户: TQSIM
    INFO - 日期: 2025-03-21, 账户权益: 10000000.00, 可用资金: 10000000.00, 浮动盈亏: 0.00, 持仓盈亏: 0.00, 平仓盈亏: 0.00, 市值: 0.00, 保证金: 0.00, 手续费: 0.00, 风险度: 0.00%
    INFO - 日期: 2025-03-24, 账户权益: 10000000.00, 可用资金: 10000000.00, 浮动盈亏: 0.00, 持仓盈亏: 0.00, 平仓盈亏: 0.00, 市值: 0.00, 保证金: 0.00, 手续费: 0.00, 风险度: 0.00%
    INFO - 日期: 2025-03-25, 账户权益: 10000000.00, 可用资金: 10000000.00, 浮动盈亏: 0.00, 持仓盈亏: 0.00, 平仓盈亏: 0.00, 市值: 0.00, 保证金: 0.00, 手续费: 0.00, 风险度: 0.00%
    INFO - 日期: 2025-03-26, 账户权益: 10000000.00, 可用资金: 10000000.00, 浮动盈亏: 0.00, 持仓盈亏: 0.00, 平仓盈亏: 0.00, 市值: 0.00, 保证金: 0.00, 手续费: 0.00, 风险度: 0.00%
    INFO - 日期: 2025-03-27, 账户权益: 10000000.00, 可用资金: 10000000.00, 浮动盈亏: 0.00, 持仓盈亏: 0.00, 平仓盈亏: 0.00, 市值: 0.00, 保证金: 0.00, 手续费: 0.00, 风险度: 0.00%
    INFO - 日期: 2025-03-28, 账户权益: 10000000.00, 可用资金: 10000000.00, 浮动盈亏: 0.00, 持仓盈亏: 0.00, 平仓盈亏: 0.00, 市值: 0.00, 保证金: 0.00, 手续费: 0.00, 风险度: 0.00%
    INFO - 日期: 2025-03-31, 账户权益: 10000000.00, 可用资金: 10000000.00, 浮动盈亏: 0.00, 持仓盈亏: 0.00, 平仓盈亏: 0.00, 市值: 0.00, 保证金: 0.00, 手续费: 0.00, 风险度: 0.00%
    INFO - 日期: 2025-04-01, 账户权益: 10000000.00, 可用资金: 10000000.00, 浮动盈亏: 0.00, 持仓盈亏: 0.00, 平仓盈亏: 0.00, 市值: 0.00, 保证金: 0.00, 手续费: 0.00, 风险度: 0.00%
    INFO - 日期: 2025-04-02, 账户权益: 10000000.00, 可用资金: 10000000.00, 浮动盈亏: 0.00, 持仓盈亏: 0.00, 平仓盈亏: 0.00, 市值: 0.00, 保证金: 0.00, 手续费: 0.00, 风险度: 0.00%
    INFO - 日期: 2025-04-03, 账户权益: 10000000.00, 可用资金: 10000000.00, 浮动盈亏: 0.00, 持仓盈亏: 0.00, 平仓盈亏: 0.00, 市值: 0.00, 保证金: 0.00, 手续费: 0.00, 风险度: 0.00%
    INFO - 日期: 2025-04-07, 账户权益: 10000000.00, 可用资金: 10000000.00, 浮动盈亏: 0.00, 持仓盈亏: 0.00, 平仓盈亏: 0.00, 市值: 0.00, 保证金: 0.00, 手续费: 0.00, 风险度: 0.00%
    INFO - 日期: 2025-04-08, 账户权益: 10000000.00, 可用资金: 10000000.00, 浮动盈亏: 0.00, 持仓盈亏: 0.00, 平仓盈亏: 0.00, 市值: 0.00, 保证金: 0.00, 手续费: 0.00, 风险度: 0.00%
    INFO - 胜率: 0.00%, 盈亏额比例: inf, 收益率: 0.00%, 年化收益率: 0.00%, 最大回撤: 0.00%, 年化夏普率: inf,年化索提诺比率: -15.8114
    INFO - 回测结束
extracted rank=157 au2506.SHFE SHFE.au2506 rows=5580 elapsed=8.76
    INFO - 回测结束
    INFO - 模拟交易成交记录, 账户: TQSIM
    INFO - 模拟交易账户资金, 账户: TQSIM
    INFO - 日期: 2024-01-18, 账户权益: 10000000.00, 可用资金: 10000000.00, 浮动盈亏: 0.00, 持仓盈亏: 0.00, 平仓盈亏: 0.00, 市值: 0.00, 保证金: 0.00, 手续费: 0.00, 风险度: 0.00%
    INFO - 日期: 2024-01-19, 账户权益: 10000000.00, 可用资金: 10000000.00, 浮动盈亏: 0.00, 持仓盈亏: 0.00, 平仓盈亏: 0.00, 市值: 0.00, 保证金: 0.00, 手续费: 0.00, 风险度: 0.00%
    INFO - 日期: 2024-01-22, 账户权益: 10000000.00, 可用资金: 10000000.00, 浮动盈亏: 0.00, 持仓盈亏: 0.00, 平仓盈亏: 0.00, 市值: 0.00, 保证金: 0.00, 手续费: 0.00, 风险度: 0.00%
    INFO - 日期: 2024-01-23, 账户权益: 10000000.00, 可用资金: 10000000.00, 浮动盈亏: 0.00, 持仓盈亏: 0.00, 平仓盈亏: 0.00, 市值: 0.00, 保证金: 0.00, 手续费: 0.00, 风险度: 0.00%
    INFO - 日期: 2024-01-24, 账户权益: 10000000.00, 可用资金: 10000000.00, 浮动盈亏: 0.00, 持仓盈亏: 0.00, 平仓盈亏: 0.00, 市值: 0.00, 保证金: 0.00, 手续费: 0.00, 风险度: 0.00%
    INFO - 日期: 2024-01-25, 账户权益: 10000000.00, 可用资金: 10000000.00, 浮动盈亏: 0.00, 持仓盈亏: 0.00, 平仓盈亏: 0.00, 市值: 0.00, 保证金: 0.00, 手续费: 0.00, 风险度: 0.00%
    INFO - 日期: 2024-01-26, 账户权益: 10000000.00, 可用资金: 10000000.00, 浮动盈亏: 0.00, 持仓盈亏: 0.00, 平仓盈亏: 0.00, 市值: 0.00, 保证金: 0.00, 手续费: 0.00, 风险度: 0.00%
    INFO - 日期: 2024-01-29, 账户权益: 10000000.00, 可用资金: 10000000.00, 浮动盈亏: 0.00, 持仓盈亏: 0.00, 平仓盈亏: 0.00, 市值: 0.00, 保证金: 0.00, 手续费: 0.00, 风险度: 0.00%
    INFO - 日期: 2024-01-30, 账户权益: 10000000.00, 可用资金: 10000000.00, 浮动盈亏: 0.00, 持仓盈亏: 0.00, 平仓盈亏: 0.00, 市值: 0.00, 保证金: 0.00, 手续费: 0.00, 风险度: 0.00%
    INFO - 日期: 2024-01-31, 账户权益: 10000000.00, 可用资金: 10000000.00, 浮动盈亏: 0.00, 持仓盈亏: 0.00, 平仓盈亏: 0.00, 市值: 0.00, 保证金: 0.00, 手续费: 0.00, 风险度: 0.00%
    INFO - 日期: 2024-02-01, 账户权益: 10000000.00, 可用资金: 10000000.00, 浮动盈亏: 0.00, 持仓盈亏: 0.00, 平仓盈亏: 0.00, 市值: 0.00, 保证金: 0.00, 手续费: 0.00, 风险度: 0.00%
    INFO - 日期: 2024-02-02, 账户权益: 10000000.00, 可用资金: 10000000.00, 浮动盈亏: 0.00, 持仓盈亏: 0.00, 平仓盈亏: 0.00, 市值: 0.00, 保证金: 0.00, 手续费: 0.00, 风险度: 0.00%
    INFO - 日期: 2024-02-05, 账户权益: 10000000.00, 可用资金: 10000000.00, 浮动盈亏: 0.00, 持仓盈亏: 0.00, 平仓盈亏: 0.00, 市值: 0.00, 保证金: 0.00, 手续费: 0.00, 风险度: 0.00%
    INFO - 日期: 2024-02-06, 账户权益: 10000000.00, 可用资金: 10000000.00, 浮动盈亏: 0.00, 持仓盈亏: 0.00, 平仓盈亏: 0.00, 市值: 0.00, 保证金: 0.00, 手续费: 0.00, 风险度: 0.00%
    INFO - 日期: 2024-02-07, 账户权益: 10000000.00, 可用资金: 10000000.00, 浮动盈亏: 0.00, 持仓盈亏: 0.00, 平仓盈亏: 0.00, 市值: 0.00, 保证金: 0.00, 手续费: 0.00, 风险度: 0.00%
    INFO - 日期: 2024-02-08, 账户权益: 10000000.00, 可用资金: 10000000.00, 浮动盈亏: 0.00, 持仓盈亏: 0.00, 平仓盈亏: 0.00, 市值: 0.00, 保证金: 0.00, 手续费: 0.00, 风险度: 0.00%
    INFO - 日期: 2024-02-19, 账户权益: 10000000.00, 可用资金: 10000000.00, 浮动盈亏: 0.00, 持仓盈亏: 0.00, 平仓盈亏: 0.00, 市值: 0.00, 保证金: 0.00, 手续费: 0.00, 风险度: 0.00%
    INFO - 日期: 2024-02-20, 账户权益: 10000000.00, 可用资金: 10000000.00, 浮动盈亏: 0.00, 持仓盈亏: 0.00, 平仓盈亏: 0.00, 市值: 0.00, 保证金: 0.00, 手续费: 0.00, 风险度: 0.00%
    INFO - 日期: 2024-02-21, 账户权益: 10000000.00, 可用资金: 10000000.00, 浮动盈亏: 0.00, 持仓盈亏: 0.00, 平仓盈亏: 0.00, 市值: 0.00, 保证金: 0.00, 手续费: 0.00, 风险度: 0.00%
    INFO - 日期: 2024-02-22, 账户权益: 10000000.00, 可用资金: 10000000.00, 浮动盈亏: 0.00, 持仓盈亏: 0.00, 平仓盈亏: 0.00, 市值: 0.00, 保证金: 0.00, 手续费: 0.00, 风险度: 0.00%
    INFO - 日期: 2024-02-23, 账户权益: 10000000.00, 可用资金: 10000000.00, 浮动盈亏: 0.00, 持仓盈亏: 0.00, 平仓盈亏: 0.00, 市值: 0.00, 保证金: 0.00, 手续费: 0.00, 风险度: 0.00%
    INFO - 日期: 2024-02-26, 账户权益: 10000000.00, 可用资金: 10000000.00, 浮动盈亏: 0.00, 持仓盈亏: 0.00, 平仓盈亏: 0.00, 市值: 0.00, 保证金: 0.00, 手续费: 0.00, 风险度: 0.00%
    INFO - 日期: 2024-02-27, 账户权益: 10000000.00, 可用资金: 10000000.00, 浮动盈亏: 0.00, 持仓盈亏: 0.00, 平仓盈亏: 0.00, 市值: 0.00, 保证金: 0.00, 手续费: 0.00, 风险度: 0.00%
    INFO - 日期: 2024-02-28, 账户权益: 10000000.00, 可用资金: 10000000.00, 浮动盈亏: 0.00, 持仓盈亏: 0.00, 平仓盈亏: 0.00, 市值: 0.00, 保证金: 0.00, 手续费: 0.00, 风险度: 0.00%
    INFO - 日期: 2024-02-29, 账户权益: 10000000.00, 可用资金: 10000000.00, 浮动盈亏: 0.00, 持仓盈亏: 0.00, 平仓盈亏: 0.00, 市值: 0.00, 保证金: 0.00, 手续费: 0.00, 风险度: 0.00%
    INFO - 日期: 2024-03-01, 账户权益: 10000000.00, 可用资金: 10000000.00, 浮动盈亏: 0.00, 持仓盈亏: 0.00, 平仓盈亏: 0.00, 市值: 0.00, 保证金: 0.00, 手续费: 0.00, 风险度: 0.00%
    INFO - 日期: 2024-03-04, 账户权益: 10000000.00, 可用资金: 10000000.00, 浮动盈亏: 0.00, 持仓盈亏: 0.00, 平仓盈亏: 0.00, 市值: 0.00, 保证金: 0.00, 手续费: 0.00, 风险度: 0.00%
    INFO - 胜率: 0.00%, 盈亏额比例: inf, 收益率: 0.00%, 年化收益率: 0.00%, 最大回撤: 0.00%, 年化夏普率: inf,年化索提诺比率: -15.8114
extracted rank=158 CF405.CZCE CZCE.CF405 rows=8639 elapsed=11.13
    INFO - 回测结束
    INFO - 模拟交易成交记录, 账户: TQSIM
    INFO - 模拟交易账户资金, 账户: TQSIM
    INFO - 日期: 2023-07-31, 账户权益: 10000000.00, 可用资金: 10000000.00, 浮动盈亏: 0.00, 持仓盈亏: 0.00, 平仓盈亏: 0.00, 市值: 0.00, 保证金: 0.00, 手续费: 0.00, 风险度: 0.00%
    INFO - 日期: 2023-08-01, 账户权益: 10000000.00, 可用资金: 10000000.00, 浮动盈亏: 0.00, 持仓盈亏: 0.00, 平仓盈亏: 0.00, 市值: 0.00, 保证金: 0.00, 手续费: 0.00, 风险度: 0.00%
    INFO - 日期: 2023-08-02, 账户权益: 10000000.00, 可用资金: 10000000.00, 浮动盈亏: 0.00, 持仓盈亏: 0.00, 平仓盈亏: 0.00, 市值: 0.00, 保证金: 0.00, 手续费: 0.00, 风险度: 0.00%
    INFO - 日期: 2023-08-03, 账户权益: 10000000.00, 可用资金: 10000000.00, 浮动盈亏: 0.00, 持仓盈亏: 0.00, 平仓盈亏: 0.00, 市值: 0.00, 保证金: 0.00, 手续费: 0.00, 风险度: 0.00%
    INFO - 日期: 2023-08-04, 账户权益: 10000000.00, 可用资金: 10000000.00, 浮动盈亏: 0.00, 持仓盈亏: 0.00, 平仓盈亏: 0.00, 市值: 0.00, 保证金: 0.00, 手续费: 0.00, 风险度: 0.00%
    INFO - 日期: 2023-08-07, 账户权益: 10000000.00, 可用资金: 10000000.00, 浮动盈亏: 0.00, 持仓盈亏: 0.00, 平仓盈亏: 0.00, 市值: 0.00, 保证金: 0.00, 手续费: 0.00, 风险度: 0.00%
    INFO - 胜率: 0.00%, 盈亏额比例: inf, 收益率: 0.00%, 年化收益率: 0.00%, 最大回撤: 0.00%, 年化夏普率: inf,年化索提诺比率: -15.8114
extracted rank=159 CF401.CZCE CZCE.CF401 rows=1514 elapsed=4.95
    INFO - 模拟交易成交记录, 账户: TQSIM
    INFO - 模拟交易账户资金, 账户: TQSIM
    INFO - 日期: 2025-12-02, 账户权益: 10000000.00, 可用资金: 10000000.00, 浮动盈亏: 0.00, 持仓盈亏: 0.00, 平仓盈亏: 0.00, 市值: 0.00, 保证金: 0.00, 手续费: 0.00, 风险度: 0.00%
    INFO - 日期: 2025-12-03, 账户权益: 10000000.00, 可用资金: 10000000.00, 浮动盈亏: 0.00, 持仓盈亏: 0.00, 平仓盈亏: 0.00, 市值: 0.00, 保证金: 0.00, 手续费: 0.00, 风险度: 0.00%
    INFO - 日期: 2025-12-04, 账户权益: 10000000.00, 可用资金: 10000000.00, 浮动盈亏: 0.00, 持仓盈亏: 0.00, 平仓盈亏: 0.00, 市值: 0.00, 保证金: 0.00, 手续费: 0.00, 风险度: 0.00%
    INFO - 胜率: 0.00%, 盈亏额比例: inf, 收益率: 0.00%, 年化收益率: 0.00%, 最大回撤: 0.00%, 年化夏普率: inf,年化索提诺比率: -15.8114
    INFO - 回测结束
extracted rank=160 ru2601.SHFE SHFE.ru2601 rows=495 elapsed=3.24
    INFO - 回测结束
    INFO - 模拟交易成交记录, 账户: TQSIM
    INFO - 模拟交易账户资金, 账户: TQSIM
    INFO - 日期: 2021-08-31, 账户权益: 10000000.00, 可用资金: 10000000.00, 浮动盈亏: 0.00, 持仓盈亏: 0.00, 平仓盈亏: 0.00, 市值: 0.00, 保证金: 0.00, 手续费: 0.00, 风险度: 0.00%
    INFO - 日期: 2021-09-01, 账户权益: 10000000.00, 可用资金: 10000000.00, 浮动盈亏: 0.00, 持仓盈亏: 0.00, 平仓盈亏: 0.00, 市值: 0.00, 保证金: 0.00, 手续费: 0.00, 风险度: 0.00%
    INFO - 日期: 2021-09-02, 账户权益: 10000000.00, 可用资金: 10000000.00, 浮动盈亏: 0.00, 持仓盈亏: 0.00, 平仓盈亏: 0.00, 市值: 0.00, 保证金: 0.00, 手续费: 0.00, 风险度: 0.00%
    INFO - 日期: 2021-09-03, 账户权益: 10000000.00, 可用资金: 10000000.00, 浮动盈亏: 0.00, 持仓盈亏: 0.00, 平仓盈亏: 0.00, 市值: 0.00, 保证金: 0.00, 手续费: 0.00, 风险度: 0.00%
    INFO - 日期: 2021-09-06, 账户权益: 10000000.00, 可用资金: 10000000.00, 浮动盈亏: 0.00, 持仓盈亏: 0.00, 平仓盈亏: 0.00, 市值: 0.00, 保证金: 0.00, 手续费: 0.00, 风险度: 0.00%
    INFO - 日期: 2021-09-07, 账户权益: 10000000.00, 可用资金: 10000000.00, 浮动盈亏: 0.00, 持仓盈亏: 0.00, 平仓盈亏: 0.00, 市值: 0.00, 保证金: 0.00, 手续费: 0.00, 风险度: 0.00%
    INFO - 日期: 2021-09-08, 账户权益: 10000000.00, 可用资金: 10000000.00, 浮动盈亏: 0.00, 持仓盈亏: 0.00, 平仓盈亏: 0.00, 市值: 0.00, 保证金: 0.00, 手续费: 0.00, 风险度: 0.00%
    INFO - 日期: 2021-09-09, 账户权益: 10000000.00, 可用资金: 10000000.00, 浮动盈亏: 0.00, 持仓盈亏: 0.00, 平仓盈亏: 0.00, 市值: 0.00, 保证金: 0.00, 手续费: 0.00, 风险度: 0.00%
    INFO - 日期: 2021-09-10, 账户权益: 10000000.00, 可用资金: 10000000.00, 浮动盈亏: 0.00, 持仓盈亏: 0.00, 平仓盈亏: 0.00, 市值: 0.00, 保证金: 0.00, 手续费: 0.00, 风险度: 0.00%
    INFO - 胜率: 0.00%, 盈亏额比例: inf, 收益率: 0.00%, 年化收益率: 0.00%, 最大回撤: 0.00%, 年化夏普率: inf,年化索提诺比率: -15.8114
extracted rank=161 SM201.CZCE CZCE.SM201 rows=1814 elapsed=4.49
    INFO - 模拟交易成交记录, 账户: TQSIM
    INFO - 模拟交易账户资金, 账户: TQSIM
    INFO - 日期: 2021-01-26, 账户权益: 10000000.00, 可用资金: 10000000.00, 浮动盈亏: 0.00, 持仓盈亏: 0.00, 平仓盈亏: 0.00, 市值: 0.00, 保证金: 0.00, 手续费: 0.00, 风险度: 0.00%
    INFO - 日期: 2021-01-27, 账户权益: 10000000.00, 可用资金: 10000000.00, 浮动盈亏: 0.00, 持仓盈亏: 0.00, 平仓盈亏: 0.00, 市值: 0.00, 保证金: 0.00, 手续费: 0.00, 风险度: 0.00%
    INFO - 日期: 2021-01-28, 账户权益: 10000000.00, 可用资金: 10000000.00, 浮动盈亏: 0.00, 持仓盈亏: 0.00, 平仓盈亏: 0.00, 市值: 0.00, 保证金: 0.00, 手续费: 0.00, 风险度: 0.00%
    INFO - 日期: 2021-01-29, 账户权益: 10000000.00, 可用资金: 10000000.00, 浮动盈亏: 0.00, 持仓盈亏: 0.00, 平仓盈亏: 0.00, 市值: 0.00, 保证金: 0.00, 手续费: 0.00, 风险度: 0.00%
    INFO - 日期: 2021-02-01, 账户权益: 10000000.00, 可用资金: 10000000.00, 浮动盈亏: 0.00, 持仓盈亏: 0.00, 平仓盈亏: 0.00, 市值: 0.00, 保证金: 0.00, 手续费: 0.00, 风险度: 0.00%
    INFO - 日期: 2021-02-02, 账户权益: 10000000.00, 可用资金: 10000000.00, 浮动盈亏: 0.00, 持仓盈亏: 0.00, 平仓盈亏: 0.00, 市值: 0.00, 保证金: 0.00, 手续费: 0.00, 风险度: 0.00%
    INFO - 日期: 2021-02-03, 账户权益: 10000000.00, 可用资金: 10000000.00, 浮动盈亏: 0.00, 持仓盈亏: 0.00, 平仓盈亏: 0.00, 市值: 0.00, 保证金: 0.00, 手续费: 0.00, 风险度: 0.00%
    INFO - 日期: 2021-02-04, 账户权益: 10000000.00, 可用资金: 10000000.00, 浮动盈亏: 0.00, 持仓盈亏: 0.00, 平仓盈亏: 0.00, 市值: 0.00, 保证金: 0.00, 手续费: 0.00, 风险度: 0.00%
    INFO - 胜率: 0.00%, 盈亏额比例: inf, 收益率: 0.00%, 年化收益率: 0.00%, 最大回撤: 0.00%, 年化夏普率: inf,年化索提诺比率: -15.8114
    INFO - 回测结束
extracted rank=162 sp2103.SHFE SHFE.sp2103 rows=2220 elapsed=5.22
    INFO - 回测结束
    INFO - 模拟交易成交记录, 账户: TQSIM
    INFO - 模拟交易账户资金, 账户: TQSIM
    INFO - 日期: 2021-05-07, 账户权益: 10000000.00, 可用资金: 10000000.00, 浮动盈亏: 0.00, 持仓盈亏: 0.00, 平仓盈亏: 0.00, 市值: 0.00, 保证金: 0.00, 手续费: 0.00, 风险度: 0.00%
    INFO - 日期: 2021-05-10, 账户权益: 10000000.00, 可用资金: 10000000.00, 浮动盈亏: 0.00, 持仓盈亏: 0.00, 平仓盈亏: 0.00, 市值: 0.00, 保证金: 0.00, 手续费: 0.00, 风险度: 0.00%
    INFO - 日期: 2021-05-11, 账户权益: 10000000.00, 可用资金: 10000000.00, 浮动盈亏: 0.00, 持仓盈亏: 0.00, 平仓盈亏: 0.00, 市值: 0.00, 保证金: 0.00, 手续费: 0.00, 风险度: 0.00%
    INFO - 日期: 2021-05-12, 账户权益: 10000000.00, 可用资金: 10000000.00, 浮动盈亏: 0.00, 持仓盈亏: 0.00, 平仓盈亏: 0.00, 市值: 0.00, 保证金: 0.00, 手续费: 0.00, 风险度: 0.00%
    INFO - 日期: 2021-05-13, 账户权益: 10000000.00, 可用资金: 10000000.00, 浮动盈亏: 0.00, 持仓盈亏: 0.00, 平仓盈亏: 0.00, 市值: 0.00, 保证金: 0.00, 手续费: 0.00, 风险度: 0.00%
    INFO - 日期: 2021-05-14, 账户权益: 10000000.00, 可用资金: 10000000.00, 浮动盈亏: 0.00, 持仓盈亏: 0.00, 平仓盈亏: 0.00, 市值: 0.00, 保证金: 0.00, 手续费: 0.00, 风险度: 0.00%
    INFO - 日期: 2021-05-17, 账户权益: 10000000.00, 可用资金: 10000000.00, 浮动盈亏: 0.00, 持仓盈亏: 0.00, 平仓盈亏: 0.00, 市值: 0.00, 保证金: 0.00, 手续费: 0.00, 风险度: 0.00%
    INFO - 胜率: 0.00%, 盈亏额比例: inf, 收益率: 0.00%, 年化收益率: 0.00%, 最大回撤: 0.00%, 年化夏普率: inf,年化索提诺比率: -15.8114
extracted rank=163 sp2106.SHFE SHFE.sp2106 rows=1859 elapsed=4.57
    INFO - 回测结束
    INFO - 模拟交易成交记录, 账户: TQSIM
    INFO - 模拟交易账户资金, 账户: TQSIM
    INFO - 日期: 2025-03-17, 账户权益: 10000000.00, 可用资金: 10000000.00, 浮动盈亏: 0.00, 持仓盈亏: 0.00, 平仓盈亏: 0.00, 市值: 0.00, 保证金: 0.00, 手续费: 0.00, 风险度: 0.00%
    INFO - 日期: 2025-03-18, 账户权益: 10000000.00, 可用资金: 10000000.00, 浮动盈亏: 0.00, 持仓盈亏: 0.00, 平仓盈亏: 0.00, 市值: 0.00, 保证金: 0.00, 手续费: 0.00, 风险度: 0.00%
    INFO - 日期: 2025-03-19, 账户权益: 10000000.00, 可用资金: 10000000.00, 浮动盈亏: 0.00, 持仓盈亏: 0.00, 平仓盈亏: 0.00, 市值: 0.00, 保证金: 0.00, 手续费: 0.00, 风险度: 0.00%
    INFO - 日期: 2025-03-20, 账户权益: 10000000.00, 可用资金: 10000000.00, 浮动盈亏: 0.00, 持仓盈亏: 0.00, 平仓盈亏: 0.00, 市值: 0.00, 保证金: 0.00, 手续费: 0.00, 风险度: 0.00%
    INFO - 日期: 2025-03-21, 账户权益: 10000000.00, 可用资金: 10000000.00, 浮动盈亏: 0.00, 持仓盈亏: 0.00, 平仓盈亏: 0.00, 市值: 0.00, 保证金: 0.00, 手续费: 0.00, 风险度: 0.00%
    INFO - 日期: 2025-03-24, 账户权益: 10000000.00, 可用资金: 10000000.00, 浮动盈亏: 0.00, 持仓盈亏: 0.00, 平仓盈亏: 0.00, 市值: 0.00, 保证金: 0.00, 手续费: 0.00, 风险度: 0.00%
    INFO - 胜率: 0.00%, 盈亏额比例: inf, 收益率: 0.00%, 年化收益率: 0.00%, 最大回撤: 0.00%, 年化夏普率: inf,年化索提诺比率: -15.8114
extracted rank=164 au2504.SHFE SHFE.au2504 rows=2564 elapsed=4.93
    INFO - 模拟交易成交记录, 账户: TQSIM
    INFO - 模拟交易账户资金, 账户: TQSIM
    INFO - 日期: 2021-02-19, 账户权益: 10000000.00, 可用资金: 10000000.00, 浮动盈亏: 0.00, 持仓盈亏: 0.00, 平仓盈亏: 0.00, 市值: 0.00, 保证金: 0.00, 手续费: 0.00, 风险度: 0.00%
    INFO - 日期: 2021-02-22, 账户权益: 10000000.00, 可用资金: 10000000.00, 浮动盈亏: 0.00, 持仓盈亏: 0.00, 平仓盈亏: 0.00, 市值: 0.00, 保证金: 0.00, 手续费: 0.00, 风险度: 0.00%
    INFO - 日期: 2021-02-23, 账户权益: 10000000.00, 可用资金: 10000000.00, 浮动盈亏: 0.00, 持仓盈亏: 0.00, 平仓盈亏: 0.00, 市值: 0.00, 保证金: 0.00, 手续费: 0.00, 风险度: 0.00%
    INFO - 日期: 2021-02-24, 账户权益: 10000000.00, 可用资金: 10000000.00, 浮动盈亏: 0.00, 持仓盈亏: 0.00, 平仓盈亏: 0.00, 市值: 0.00, 保证金: 0.00, 手续费: 0.00, 风险度: 0.00%
    INFO - 日期: 2021-02-25, 账户权益: 10000000.00, 可用资金: 10000000.00, 浮动盈亏: 0.00, 持仓盈亏: 0.00, 平仓盈亏: 0.00, 市值: 0.00, 保证金: 0.00, 手续费: 0.00, 风险度: 0.00%
    INFO - 日期: 2021-02-26, 账户权益: 10000000.00, 可用资金: 10000000.00, 浮动盈亏: 0.00, 持仓盈亏: 0.00, 平仓盈亏: 0.00, 市值: 0.00, 保证金: 0.00, 手续费: 0.00, 风险度: 0.00%
    INFO - 日期: 2021-03-01, 账户权益: 10000000.00, 可用资金: 10000000.00, 浮动盈亏: 0.00, 持仓盈亏: 0.00, 平仓盈亏: 0.00, 市值: 0.00, 保证金: 0.00, 手续费: 0.00, 风险度: 0.00%
    INFO - 日期: 2021-03-02, 账户权益: 10000000.00, 可用资金: 10000000.00, 浮动盈亏: 0.00, 持仓盈亏: 0.00, 平仓盈亏: 0.00, 市值: 0.00, 保证金: 0.00, 手续费: 0.00, 风险度: 0.00%
    INFO - 日期: 2021-03-03, 账户权益: 10000000.00, 可用资金: 10000000.00, 浮动盈亏: 0.00, 持仓盈亏: 0.00, 平仓盈亏: 0.00, 市值: 0.00, 保证金: 0.00, 手续费: 0.00, 风险度: 0.00%
    INFO - 胜率: 0.00%, 盈亏额比例: inf, 收益率: 0.00%, 年化收益率: 0.00%, 最大回撤: 0.00%, 年化夏普率: inf,年化索提诺比率: -15.8114
    INFO - 回测结束
extracted rank=165 sp2105.SHFE SHFE.sp2105 rows=2565 elapsed=5.77
    INFO - 模拟交易成交记录, 账户: TQSIM
    INFO - 模拟交易账户资金, 账户: TQSIM
    INFO - 日期: 2024-05-22, 账户权益: 10000000.00, 可用资金: 10000000.00, 浮动盈亏: 0.00, 持仓盈亏: 0.00, 平仓盈亏: 0.00, 市值: 0.00, 保证金: 0.00, 手续费: 0.00, 风险度: 0.00%
    INFO - 日期: 2024-05-23, 账户权益: 10000000.00, 可用资金: 10000000.00, 浮动盈亏: 0.00, 持仓盈亏: 0.00, 平仓盈亏: 0.00, 市值: 0.00, 保证金: 0.00, 手续费: 0.00, 风险度: 0.00%
    INFO - 日期: 2024-05-24, 账户权益: 10000000.00, 可用资金: 10000000.00, 浮动盈亏: 0.00, 持仓盈亏: 0.00, 平仓盈亏: 0.00, 市值: 0.00, 保证金: 0.00, 手续费: 0.00, 风险度: 0.00%
    INFO - 日期: 2024-05-27, 账户权益: 10000000.00, 可用资金: 10000000.00, 浮动盈亏: 0.00, 持仓盈亏: 0.00, 平仓盈亏: 0.00, 市值: 0.00, 保证金: 0.00, 手续费: 0.00, 风险度: 0.00%
    INFO - 日期: 2024-05-28, 账户权益: 10000000.00, 可用资金: 10000000.00, 浮动盈亏: 0.00, 持仓盈亏: 0.00, 平仓盈亏: 0.00, 市值: 0.00, 保证金: 0.00, 手续费: 0.00, 风险度: 0.00%
    INFO - 日期: 2024-05-29, 账户权益: 10000000.00, 可用资金: 10000000.00, 浮动盈亏: 0.00, 持仓盈亏: 0.00, 平仓盈亏: 0.00, 市值: 0.00, 保证金: 0.00, 手续费: 0.00, 风险度: 0.00%
    INFO - 日期: 2024-05-30, 账户权益: 10000000.00, 可用资金: 10000000.00, 浮动盈亏: 0.00, 持仓盈亏: 0.00, 平仓盈亏: 0.00, 市值: 0.00, 保证金: 0.00, 手续费: 0.00, 风险度: 0.00%
    INFO - 日期: 2024-05-31, 账户权益: 10000000.00, 可用资金: 10000000.00, 浮动盈亏: 0.00, 持仓盈亏: 0.00, 平仓盈亏: 0.00, 市值: 0.00, 保证金: 0.00, 手续费: 0.00, 风险度: 0.00%
    INFO - 日期: 2024-06-03, 账户权益: 10000000.00, 可用资金: 10000000.00, 浮动盈亏: 0.00, 持仓盈亏: 0.00, 平仓盈亏: 0.00, 市值: 0.00, 保证金: 0.00, 手续费: 0.00, 风险度: 0.00%
    INFO - 日期: 2024-06-04, 账户权益: 10000000.00, 可用资金: 10000000.00, 浮动盈亏: 0.00, 持仓盈亏: 0.00, 平仓盈亏: 0.00, 市值: 0.00, 保证金: 0.00, 手续费: 0.00, 风险度: 0.00%
    INFO - 胜率: 0.00%, 盈亏额比例: inf, 收益率: 0.00%, 年化收益率: 0.00%, 最大回撤: 0.00%, 年化夏普率: inf,年化索提诺比率: -15.8114
    INFO - 回测结束
extracted rank=166 SM409.CZCE CZCE.SM409 rows=1830 elapsed=5.11
cached_raw rank=167 MA405.CZCE CZCE.MA405 rows=479 elapsed=0.0
    INFO - 模拟交易成交记录, 账户: TQSIM
    INFO - 模拟交易账户资金, 账户: TQSIM
    INFO - 日期: 2023-07-11, 账户权益: 10000000.00, 可用资金: 10000000.00, 浮动盈亏: 0.00, 持仓盈亏: 0.00, 平仓盈亏: 0.00, 市值: 0.00, 保证金: 0.00, 手续费: 0.00, 风险度: 0.00%
    INFO - 日期: 2023-07-12, 账户权益: 10000000.00, 可用资金: 10000000.00, 浮动盈亏: 0.00, 持仓盈亏: 0.00, 平仓盈亏: 0.00, 市值: 0.00, 保证金: 0.00, 手续费: 0.00, 风险度: 0.00%
    INFO - 日期: 2023-07-13, 账户权益: 10000000.00, 可用资金: 10000000.00, 浮动盈亏: 0.00, 持仓盈亏: 0.00, 平仓盈亏: 0.00, 市值: 0.00, 保证金: 0.00, 手续费: 0.00, 风险度: 0.00%
    INFO - 日期: 2023-07-14, 账户权益: 10000000.00, 可用资金: 10000000.00, 浮动盈亏: 0.00, 持仓盈亏: 0.00, 平仓盈亏: 0.00, 市值: 0.00, 保证金: 0.00, 手续费: 0.00, 风险度: 0.00%
    INFO - 日期: 2023-07-17, 账户权益: 10000000.00, 可用资金: 10000000.00, 浮动盈亏: 0.00, 持仓盈亏: 0.00, 平仓盈亏: 0.00, 市值: 0.00, 保证金: 0.00, 手续费: 0.00, 风险度: 0.00%
    INFO - 日期: 2023-07-18, 账户权益: 10000000.00, 可用资金: 10000000.00, 浮动盈亏: 0.00, 持仓盈亏: 0.00, 平仓盈亏: 0.00, 市值: 0.00, 保证金: 0.00, 手续费: 0.00, 风险度: 0.00%
    INFO - 胜率: 0.00%, 盈亏额比例: inf, 收益率: 0.00%, 年化收益率: 0.00%, 最大回撤: 0.00%, 年化夏普率: inf,年化索提诺比率: -15.8114
    INFO - 回测结束
extracted rank=168 SA309.CZCE CZCE.SA309 rows=1530 elapsed=4.76
    INFO - 模拟交易成交记录, 账户: TQSIM
    INFO - 模拟交易账户资金, 账户: TQSIM
    INFO - 日期: 2023-11-20, 账户权益: 10000000.00, 可用资金: 10000000.00, 浮动盈亏: 0.00, 持仓盈亏: 0.00, 平仓盈亏: 0.00, 市值: 0.00, 保证金: 0.00, 手续费: 0.00, 风险度: 0.00%
    INFO - 日期: 2023-11-21, 账户权益: 10000000.00, 可用资金: 10000000.00, 浮动盈亏: 0.00, 持仓盈亏: 0.00, 平仓盈亏: 0.00, 市值: 0.00, 保证金: 0.00, 手续费: 0.00, 风险度: 0.00%
    INFO - 日期: 2023-11-22, 账户权益: 10000000.00, 可用资金: 10000000.00, 浮动盈亏: 0.00, 持仓盈亏: 0.00, 平仓盈亏: 0.00, 市值: 0.00, 保证金: 0.00, 手续费: 0.00, 风险度: 0.00%
    INFO - 日期: 2023-11-23, 账户权益: 10000000.00, 可用资金: 10000000.00, 浮动盈亏: 0.00, 持仓盈亏: 0.00, 平仓盈亏: 0.00, 市值: 0.00, 保证金: 0.00, 手续费: 0.00, 风险度: 0.00%
    INFO - 胜率: 0.00%, 盈亏额比例: inf, 收益率: 0.00%, 年化收益率: 0.00%, 最大回撤: 0.00%, 年化夏普率: inf,年化索提诺比率: -15.8114
    INFO - 回测结束
extracted rank=169 cu2312.SHFE SHFE.cu2312 rows=1200 elapsed=4.14
    INFO - 模拟交易成交记录, 账户: TQSIM
    INFO - 模拟交易账户资金, 账户: TQSIM
    INFO - 日期: 2022-09-30, 账户权益: 10000000.00, 可用资金: 10000000.00, 浮动盈亏: 0.00, 持仓盈亏: 0.00, 平仓盈亏: 0.00, 市值: 0.00, 保证金: 0.00, 手续费: 0.00, 风险度: 0.00%
    INFO - 日期: 2022-10-10, 账户权益: 10000000.00, 可用资金: 10000000.00, 浮动盈亏: 0.00, 持仓盈亏: 0.00, 平仓盈亏: 0.00, 市值: 0.00, 保证金: 0.00, 手续费: 0.00, 风险度: 0.00%
    INFO - 日期: 2022-10-11, 账户权益: 10000000.00, 可用资金: 10000000.00, 浮动盈亏: 0.00, 持仓盈亏: 0.00, 平仓盈亏: 0.00, 市值: 0.00, 保证金: 0.00, 手续费: 0.00, 风险度: 0.00%
    INFO - 日期: 2022-10-12, 账户权益: 10000000.00, 可用资金: 10000000.00, 浮动盈亏: 0.00, 持仓盈亏: 0.00, 平仓盈亏: 0.00, 市值: 0.00, 保证金: 0.00, 手续费: 0.00, 风险度: 0.00%
    INFO - 胜率: 0.00%, 盈亏额比例: inf, 收益率: 0.00%, 年化收益率: 0.00%, 最大回撤: 0.00%, 年化夏普率: inf,年化索提诺比率: -15.8114
    INFO - 回测结束
extracted rank=170 ru2301.SHFE SHFE.ru2301 rows=720 elapsed=4.0
    INFO - 模拟交易成交记录, 账户: TQSIM
    INFO - 模拟交易账户资金, 账户: TQSIM
    INFO - 日期: 2020-07-01, 账户权益: 10000000.00, 可用资金: 10000000.00, 浮动盈亏: 0.00, 持仓盈亏: 0.00, 平仓盈亏: 0.00, 市值: 0.00, 保证金: 0.00, 手续费: 0.00, 风险度: 0.00%
    INFO - 日期: 2020-07-02, 账户权益: 10000000.00, 可用资金: 10000000.00, 浮动盈亏: 0.00, 持仓盈亏: 0.00, 平仓盈亏: 0.00, 市值: 0.00, 保证金: 0.00, 手续费: 0.00, 风险度: 0.00%
    INFO - 日期: 2020-07-03, 账户权益: 10000000.00, 可用资金: 10000000.00, 浮动盈亏: 0.00, 持仓盈亏: 0.00, 平仓盈亏: 0.00, 市值: 0.00, 保证金: 0.00, 手续费: 0.00, 风险度: 0.00%
    INFO - 日期: 2020-07-06, 账户权益: 10000000.00, 可用资金: 10000000.00, 浮动盈亏: 0.00, 持仓盈亏: 0.00, 平仓盈亏: 0.00, 市值: 0.00, 保证金: 0.00, 手续费: 0.00, 风险度: 0.00%
    INFO - 日期: 2020-07-07, 账户权益: 10000000.00, 可用资金: 10000000.00, 浮动盈亏: 0.00, 持仓盈亏: 0.00, 平仓盈亏: 0.00, 市值: 0.00, 保证金: 0.00, 手续费: 0.00, 风险度: 0.00%
    INFO - 日期: 2020-07-08, 账户权益: 10000000.00, 可用资金: 10000000.00, 浮动盈亏: 0.00, 持仓盈亏: 0.00, 平仓盈亏: 0.00, 市值: 0.00, 保证金: 0.00, 手续费: 0.00, 风险度: 0.00%
    INFO - 胜率: 0.00%, 盈亏额比例: inf, 收益率: 0.00%, 年化收益率: 0.00%, 最大回撤: 0.00%, 年化夏普率: inf,年化索提诺比率: -15.8114
    INFO - 回测结束
extracted rank=171 MA009.CZCE CZCE.MA009 rows=1530 elapsed=4.69
    INFO - 回测结束
    INFO - 模拟交易成交记录, 账户: TQSIM
    INFO - 模拟交易账户资金, 账户: TQSIM
    INFO - 日期: 2021-03-23, 账户权益: 10000000.00, 可用资金: 10000000.00, 浮动盈亏: 0.00, 持仓盈亏: 0.00, 平仓盈亏: 0.00, 市值: 0.00, 保证金: 0.00, 手续费: 0.00, 风险度: 0.00%
    INFO - 日期: 2021-03-24, 账户权益: 10000000.00, 可用资金: 10000000.00, 浮动盈亏: 0.00, 持仓盈亏: 0.00, 平仓盈亏: 0.00, 市值: 0.00, 保证金: 0.00, 手续费: 0.00, 风险度: 0.00%
    INFO - 日期: 2021-03-25, 账户权益: 10000000.00, 可用资金: 10000000.00, 浮动盈亏: 0.00, 持仓盈亏: 0.00, 平仓盈亏: 0.00, 市值: 0.00, 保证金: 0.00, 手续费: 0.00, 风险度: 0.00%
    INFO - 日期: 2021-03-26, 账户权益: 10000000.00, 可用资金: 10000000.00, 浮动盈亏: 0.00, 持仓盈亏: 0.00, 平仓盈亏: 0.00, 市值: 0.00, 保证金: 0.00, 手续费: 0.00, 风险度: 0.00%
    INFO - 日期: 2021-03-29, 账户权益: 10000000.00, 可用资金: 10000000.00, 浮动盈亏: 0.00, 持仓盈亏: 0.00, 平仓盈亏: 0.00, 市值: 0.00, 保证金: 0.00, 手续费: 0.00, 风险度: 0.00%
    INFO - 日期: 2021-03-30, 账户权益: 10000000.00, 可用资金: 10000000.00, 浮动盈亏: 0.00, 持仓盈亏: 0.00, 平仓盈亏: 0.00, 市值: 0.00, 保证金: 0.00, 手续费: 0.00, 风险度: 0.00%
    INFO - 日期: 2021-03-31, 账户权益: 10000000.00, 可用资金: 10000000.00, 浮动盈亏: 0.00, 持仓盈亏: 0.00, 平仓盈亏: 0.00, 市值: 0.00, 保证金: 0.00, 手续费: 0.00, 风险度: 0.00%
    INFO - 日期: 2021-04-01, 账户权益: 10000000.00, 可用资金: 10000000.00, 浮动盈亏: 0.00, 持仓盈亏: 0.00, 平仓盈亏: 0.00, 市值: 0.00, 保证金: 0.00, 手续费: 0.00, 风险度: 0.00%
    INFO - 日期: 2021-04-02, 账户权益: 10000000.00, 可用资金: 10000000.00, 浮动盈亏: 0.00, 持仓盈亏: 0.00, 平仓盈亏: 0.00, 市值: 0.00, 保证金: 0.00, 手续费: 0.00, 风险度: 0.00%
    INFO - 日期: 2021-04-06, 账户权益: 10000000.00, 可用资金: 10000000.00, 浮动盈亏: 0.00, 持仓盈亏: 0.00, 平仓盈亏: 0.00, 市值: 0.00, 保证金: 0.00, 手续费: 0.00, 风险度: 0.00%
    INFO - 日期: 2021-04-07, 账户权益: 10000000.00, 可用资金: 10000000.00, 浮动盈亏: 0.00, 持仓盈亏: 0.00, 平仓盈亏: 0.00, 市值: 0.00, 保证金: 0.00, 手续费: 0.00, 风险度: 0.00%
    INFO - 日期: 2021-04-08, 账户权益: 10000000.00, 可用资金: 10000000.00, 浮动盈亏: 0.00, 持仓盈亏: 0.00, 平仓盈亏: 0.00, 市值: 0.00, 保证金: 0.00, 手续费: 0.00, 风险度: 0.00%
    INFO - 日期: 2021-04-09, 账户权益: 10000000.00, 可用资金: 10000000.00, 浮动盈亏: 0.00, 持仓盈亏: 0.00, 平仓盈亏: 0.00, 市值: 0.00, 保证金: 0.00, 手续费: 0.00, 风险度: 0.00%
    INFO - 日期: 2021-04-12, 账户权益: 10000000.00, 可用资金: 10000000.00, 浮动盈亏: 0.00, 持仓盈亏: 0.00, 平仓盈亏: 0.00, 市值: 0.00, 保证金: 0.00, 手续费: 0.00, 风险度: 0.00%
    INFO - 胜率: 0.00%, 盈亏额比例: inf, 收益率: 0.00%, 年化收益率: 0.00%, 最大回撤: 0.00%, 年化夏普率: inf,年化索提诺比率: -15.8114
extracted rank=172 hc2105.SHFE SHFE.hc2105 rows=4154 elapsed=6.74
    INFO - 回测结束
    INFO - 模拟交易成交记录, 账户: TQSIM
    INFO - 模拟交易账户资金, 账户: TQSIM
    INFO - 日期: 2020-04-30, 账户权益: 10000000.00, 可用资金: 10000000.00, 浮动盈亏: 0.00, 持仓盈亏: 0.00, 平仓盈亏: 0.00, 市值: 0.00, 保证金: 0.00, 手续费: 0.00, 风险度: 0.00%
    INFO - 日期: 2020-05-06, 账户权益: 10000000.00, 可用资金: 10000000.00, 浮动盈亏: 0.00, 持仓盈亏: 0.00, 平仓盈亏: 0.00, 市值: 0.00, 保证金: 0.00, 手续费: 0.00, 风险度: 0.00%
    INFO - 日期: 2020-05-07, 账户权益: 10000000.00, 可用资金: 10000000.00, 浮动盈亏: 0.00, 持仓盈亏: 0.00, 平仓盈亏: 0.00, 市值: 0.00, 保证金: 0.00, 手续费: 0.00, 风险度: 0.00%
    INFO - 日期: 2020-05-08, 账户权益: 10000000.00, 可用资金: 10000000.00, 浮动盈亏: 0.00, 持仓盈亏: 0.00, 平仓盈亏: 0.00, 市值: 0.00, 保证金: 0.00, 手续费: 0.00, 风险度: 0.00%
    INFO - 日期: 2020-05-11, 账户权益: 10000000.00, 可用资金: 10000000.00, 浮动盈亏: 0.00, 持仓盈亏: 0.00, 平仓盈亏: 0.00, 市值: 0.00, 保证金: 0.00, 手续费: 0.00, 风险度: 0.00%
    INFO - 日期: 2020-05-12, 账户权益: 10000000.00, 可用资金: 10000000.00, 浮动盈亏: 0.00, 持仓盈亏: 0.00, 平仓盈亏: 0.00, 市值: 0.00, 保证金: 0.00, 手续费: 0.00, 风险度: 0.00%
    INFO - 日期: 2020-05-13, 账户权益: 10000000.00, 可用资金: 10000000.00, 浮动盈亏: 0.00, 持仓盈亏: 0.00, 平仓盈亏: 0.00, 市值: 0.00, 保证金: 0.00, 手续费: 0.00, 风险度: 0.00%
    INFO - 日期: 2020-05-14, 账户权益: 10000000.00, 可用资金: 10000000.00, 浮动盈亏: 0.00, 持仓盈亏: 0.00, 平仓盈亏: 0.00, 市值: 0.00, 保证金: 0.00, 手续费: 0.00, 风险度: 0.00%
    INFO - 日期: 2020-05-15, 账户权益: 10000000.00, 可用资金: 10000000.00, 浮动盈亏: 0.00, 持仓盈亏: 0.00, 平仓盈亏: 0.00, 市值: 0.00, 保证金: 0.00, 手续费: 0.00, 风险度: 0.00%
    INFO - 日期: 2020-05-18, 账户权益: 10000000.00, 可用资金: 10000000.00, 浮动盈亏: 0.00, 持仓盈亏: 0.00, 平仓盈亏: 0.00, 市值: 0.00, 保证金: 0.00, 手续费: 0.00, 风险度: 0.00%
    INFO - 胜率: 0.00%, 盈亏额比例: inf, 收益率: 0.00%, 年化收益率: 0.00%, 最大回撤: 0.00%, 年化夏普率: inf,年化索提诺比率: -15.8114
extracted rank=173 cu2006.SHFE SHFE.cu2006 rows=3734 elapsed=6.63
    INFO - 回测结束
    INFO - 模拟交易成交记录, 账户: TQSIM
    INFO - 模拟交易账户资金, 账户: TQSIM
    INFO - 日期: 2022-05-05, 账户权益: 10000000.00, 可用资金: 10000000.00, 浮动盈亏: 0.00, 持仓盈亏: 0.00, 平仓盈亏: 0.00, 市值: 0.00, 保证金: 0.00, 手续费: 0.00, 风险度: 0.00%
    INFO - 日期: 2022-05-06, 账户权益: 10000000.00, 可用资金: 10000000.00, 浮动盈亏: 0.00, 持仓盈亏: 0.00, 平仓盈亏: 0.00, 市值: 0.00, 保证金: 0.00, 手续费: 0.00, 风险度: 0.00%
    INFO - 日期: 2022-05-09, 账户权益: 10000000.00, 可用资金: 10000000.00, 浮动盈亏: 0.00, 持仓盈亏: 0.00, 平仓盈亏: 0.00, 市值: 0.00, 保证金: 0.00, 手续费: 0.00, 风险度: 0.00%
    INFO - 胜率: 0.00%, 盈亏额比例: inf, 收益率: 0.00%, 年化收益率: 0.00%, 最大回撤: 0.00%, 年化夏普率: inf,年化索提诺比率: -15.8114
extracted rank=174 CF209.CZCE CZCE.CF209 rows=479 elapsed=3.72
    INFO - 模拟交易成交记录, 账户: TQSIM
    INFO - 模拟交易账户资金, 账户: TQSIM
    INFO - 日期: 2020-08-21, 账户权益: 10000000.00, 可用资金: 10000000.00, 浮动盈亏: 0.00, 持仓盈亏: 0.00, 平仓盈亏: 0.00, 市值: 0.00, 保证金: 0.00, 手续费: 0.00, 风险度: 0.00%
    INFO - 日期: 2020-08-24, 账户权益: 10000000.00, 可用资金: 10000000.00, 浮动盈亏: 0.00, 持仓盈亏: 0.00, 平仓盈亏: 0.00, 市值: 0.00, 保证金: 0.00, 手续费: 0.00, 风险度: 0.00%
    INFO - 日期: 2020-08-25, 账户权益: 10000000.00, 可用资金: 10000000.00, 浮动盈亏: 0.00, 持仓盈亏: 0.00, 平仓盈亏: 0.00, 市值: 0.00, 保证金: 0.00, 手续费: 0.00, 风险度: 0.00%
    INFO - 日期: 2020-08-26, 账户权益: 10000000.00, 可用资金: 10000000.00, 浮动盈亏: 0.00, 持仓盈亏: 0.00, 平仓盈亏: 0.00, 市值: 0.00, 保证金: 0.00, 手续费: 0.00, 风险度: 0.00%
    INFO - 日期: 2020-08-27, 账户权益: 10000000.00, 可用资金: 10000000.00, 浮动盈亏: 0.00, 持仓盈亏: 0.00, 平仓盈亏: 0.00, 市值: 0.00, 保证金: 0.00, 手续费: 0.00, 风险度: 0.00%
    INFO - 日期: 2020-08-28, 账户权益: 10000000.00, 可用资金: 10000000.00, 浮动盈亏: 0.00, 持仓盈亏: 0.00, 平仓盈亏: 0.00, 市值: 0.00, 保证金: 0.00, 手续费: 0.00, 风险度: 0.00%
    INFO - 日期: 2020-08-31, 账户权益: 10000000.00, 可用资金: 10000000.00, 浮动盈亏: 0.00, 持仓盈亏: 0.00, 平仓盈亏: 0.00, 市值: 0.00, 保证金: 0.00, 手续费: 0.00, 风险度: 0.00%
    INFO - 日期: 2020-09-01, 账户权益: 10000000.00, 可用资金: 10000000.00, 浮动盈亏: 0.00, 持仓盈亏: 0.00, 平仓盈亏: 0.00, 市值: 0.00, 保证金: 0.00, 手续费: 0.00, 风险度: 0.00%
    INFO - 日期: 2020-09-02, 账户权益: 10000000.00, 可用资金: 10000000.00, 浮动盈亏: 0.00, 持仓盈亏: 0.00, 平仓盈亏: 0.00, 市值: 0.00, 保证金: 0.00, 手续费: 0.00, 风险度: 0.00%
    INFO - 日期: 2020-09-03, 账户权益: 10000000.00, 可用资金: 10000000.00, 浮动盈亏: 0.00, 持仓盈亏: 0.00, 平仓盈亏: 0.00, 市值: 0.00, 保证金: 0.00, 手续费: 0.00, 风险度: 0.00%
    INFO - 日期: 2020-09-04, 账户权益: 10000000.00, 可用资金: 10000000.00, 浮动盈亏: 0.00, 持仓盈亏: 0.00, 平仓盈亏: 0.00, 市值: 0.00, 保证金: 0.00, 手续费: 0.00, 风险度: 0.00%
    INFO - 日期: 2020-09-07, 账户权益: 10000000.00, 可用资金: 10000000.00, 浮动盈亏: 0.00, 持仓盈亏: 0.00, 平仓盈亏: 0.00, 市值: 0.00, 保证金: 0.00, 手续费: 0.00, 风险度: 0.00%
    INFO - 日期: 2020-09-08, 账户权益: 10000000.00, 可用资金: 10000000.00, 浮动盈亏: 0.00, 持仓盈亏: 0.00, 平仓盈亏: 0.00, 市值: 0.00, 保证金: 0.00, 手续费: 0.00, 风险度: 0.00%
    INFO - 日期: 2020-09-09, 账户权益: 10000000.00, 可用资金: 10000000.00, 浮动盈亏: 0.00, 持仓盈亏: 0.00, 平仓盈亏: 0.00, 市值: 0.00, 保证金: 0.00, 手续费: 0.00, 风险度: 0.00%
    INFO - 日期: 2020-09-10, 账户权益: 10000000.00, 可用资金: 10000000.00, 浮动盈亏: 0.00, 持仓盈亏: 0.00, 平仓盈亏: 0.00, 市值: 0.00, 保证金: 0.00, 手续费: 0.00, 风险度: 0.00%
    INFO - 胜率: 0.00%, 盈亏额比例: inf, 收益率: 0.00%, 年化收益率: 0.00%, 最大回撤: 0.00%, 年化夏普率: inf,年化索提诺比率: -15.8114
    INFO - 回测结束
extracted rank=175 SA101.CZCE CZCE.SA101 rows=4635 elapsed=6.85
    INFO - 回测结束
    INFO - 模拟交易成交记录, 账户: TQSIM
    INFO - 模拟交易账户资金, 账户: TQSIM
    INFO - 日期: 2021-09-23, 账户权益: 10000000.00, 可用资金: 10000000.00, 浮动盈亏: 0.00, 持仓盈亏: 0.00, 平仓盈亏: 0.00, 市值: 0.00, 保证金: 0.00, 手续费: 0.00, 风险度: 0.00%
    INFO - 日期: 2021-09-24, 账户权益: 10000000.00, 可用资金: 10000000.00, 浮动盈亏: 0.00, 持仓盈亏: 0.00, 平仓盈亏: 0.00, 市值: 0.00, 保证金: 0.00, 手续费: 0.00, 风险度: 0.00%
    INFO - 日期: 2021-09-27, 账户权益: 10000000.00, 可用资金: 10000000.00, 浮动盈亏: 0.00, 持仓盈亏: 0.00, 平仓盈亏: 0.00, 市值: 0.00, 保证金: 0.00, 手续费: 0.00, 风险度: 0.00%
    INFO - 日期: 2021-09-28, 账户权益: 10000000.00, 可用资金: 10000000.00, 浮动盈亏: 0.00, 持仓盈亏: 0.00, 平仓盈亏: 0.00, 市值: 0.00, 保证金: 0.00, 手续费: 0.00, 风险度: 0.00%
    INFO - 日期: 2021-09-29, 账户权益: 10000000.00, 可用资金: 10000000.00, 浮动盈亏: 0.00, 持仓盈亏: 0.00, 平仓盈亏: 0.00, 市值: 0.00, 保证金: 0.00, 手续费: 0.00, 风险度: 0.00%
    INFO - 日期: 2021-09-30, 账户权益: 10000000.00, 可用资金: 10000000.00, 浮动盈亏: 0.00, 持仓盈亏: 0.00, 平仓盈亏: 0.00, 市值: 0.00, 保证金: 0.00, 手续费: 0.00, 风险度: 0.00%
    INFO - 日期: 2021-10-08, 账户权益: 10000000.00, 可用资金: 10000000.00, 浮动盈亏: 0.00, 持仓盈亏: 0.00, 平仓盈亏: 0.00, 市值: 0.00, 保证金: 0.00, 手续费: 0.00, 风险度: 0.00%
    INFO - 日期: 2021-10-11, 账户权益: 10000000.00, 可用资金: 10000000.00, 浮动盈亏: 0.00, 持仓盈亏: 0.00, 平仓盈亏: 0.00, 市值: 0.00, 保证金: 0.00, 手续费: 0.00, 风险度: 0.00%
    INFO - 日期: 2021-10-12, 账户权益: 10000000.00, 可用资金: 10000000.00, 浮动盈亏: 0.00, 持仓盈亏: 0.00, 平仓盈亏: 0.00, 市值: 0.00, 保证金: 0.00, 手续费: 0.00, 风险度: 0.00%
    INFO - 日期: 2021-10-13, 账户权益: 10000000.00, 可用资金: 10000000.00, 浮动盈亏: 0.00, 持仓盈亏: 0.00, 平仓盈亏: 0.00, 市值: 0.00, 保证金: 0.00, 手续费: 0.00, 风险度: 0.00%
    INFO - 日期: 2021-10-14, 账户权益: 10000000.00, 可用资金: 10000000.00, 浮动盈亏: 0.00, 持仓盈亏: 0.00, 平仓盈亏: 0.00, 市值: 0.00, 保证金: 0.00, 手续费: 0.00, 风险度: 0.00%
    INFO - 日期: 2021-10-15, 账户权益: 10000000.00, 可用资金: 10000000.00, 浮动盈亏: 0.00, 持仓盈亏: 0.00, 平仓盈亏: 0.00, 市值: 0.00, 保证金: 0.00, 手续费: 0.00, 风险度: 0.00%
    INFO - 日期: 2021-10-18, 账户权益: 10000000.00, 可用资金: 10000000.00, 浮动盈亏: 0.00, 持仓盈亏: 0.00, 平仓盈亏: 0.00, 市值: 0.00, 保证金: 0.00, 手续费: 0.00, 风险度: 0.00%
    INFO - 日期: 2021-10-19, 账户权益: 10000000.00, 可用资金: 10000000.00, 浮动盈亏: 0.00, 持仓盈亏: 0.00, 平仓盈亏: 0.00, 市值: 0.00, 保证金: 0.00, 手续费: 0.00, 风险度: 0.00%
    INFO - 日期: 2021-10-20, 账户权益: 10000000.00, 可用资金: 10000000.00, 浮动盈亏: 0.00, 持仓盈亏: 0.00, 平仓盈亏: 0.00, 市值: 0.00, 保证金: 0.00, 手续费: 0.00, 风险度: 0.00%
    INFO - 日期: 2021-10-21, 账户权益: 10000000.00, 可用资金: 10000000.00, 浮动盈亏: 0.00, 持仓盈亏: 0.00, 平仓盈亏: 0.00, 市值: 0.00, 保证金: 0.00, 手续费: 0.00, 风险度: 0.00%
    INFO - 日期: 2021-10-22, 账户权益: 10000000.00, 可用资金: 10000000.00, 浮动盈亏: 0.00, 持仓盈亏: 0.00, 平仓盈亏: 0.00, 市值: 0.00, 保证金: 0.00, 手续费: 0.00, 风险度: 0.00%
    INFO - 日期: 2021-10-25, 账户权益: 10000000.00, 可用资金: 10000000.00, 浮动盈亏: 0.00, 持仓盈亏: 0.00, 平仓盈亏: 0.00, 市值: 0.00, 保证金: 0.00, 手续费: 0.00, 风险度: 0.00%
    INFO - 日期: 2021-10-26, 账户权益: 10000000.00, 可用资金: 10000000.00, 浮动盈亏: 0.00, 持仓盈亏: 0.00, 平仓盈亏: 0.00, 市值: 0.00, 保证金: 0.00, 手续费: 0.00, 风险度: 0.00%
    INFO - 日期: 2021-10-27, 账户权益: 10000000.00, 可用资金: 10000000.00, 浮动盈亏: 0.00, 持仓盈亏: 0.00, 平仓盈亏: 0.00, 市值: 0.00, 保证金: 0.00, 手续费: 0.00, 风险度: 0.00%
    INFO - 日期: 2021-10-28, 账户权益: 10000000.00, 可用资金: 10000000.00, 浮动盈亏: 0.00, 持仓盈亏: 0.00, 平仓盈亏: 0.00, 市值: 0.00, 保证金: 0.00, 手续费: 0.00, 风险度: 0.00%
    INFO - 日期: 2021-10-29, 账户权益: 10000000.00, 可用资金: 10000000.00, 浮动盈亏: 0.00, 持仓盈亏: 0.00, 平仓盈亏: 0.00, 市值: 0.00, 保证金: 0.00, 手续费: 0.00, 风险度: 0.00%
    INFO - 日期: 2021-11-01, 账户权益: 10000000.00, 可用资金: 10000000.00, 浮动盈亏: 0.00, 持仓盈亏: 0.00, 平仓盈亏: 0.00, 市值: 0.00, 保证金: 0.00, 手续费: 0.00, 风险度: 0.00%
    INFO - 日期: 2021-11-02, 账户权益: 10000000.00, 可用资金: 10000000.00, 浮动盈亏: 0.00, 持仓盈亏: 0.00, 平仓盈亏: 0.00, 市值: 0.00, 保证金: 0.00, 手续费: 0.00, 风险度: 0.00%
    INFO - 日期: 2021-11-03, 账户权益: 10000000.00, 可用资金: 10000000.00, 浮动盈亏: 0.00, 持仓盈亏: 0.00, 平仓盈亏: 0.00, 市值: 0.00, 保证金: 0.00, 手续费: 0.00, 风险度: 0.00%
    INFO - 日期: 2021-11-04, 账户权益: 10000000.00, 可用资金: 10000000.00, 浮动盈亏: 0.00, 持仓盈亏: 0.00, 平仓盈亏: 0.00, 市值: 0.00, 保证金: 0.00, 手续费: 0.00, 风险度: 0.00%
    INFO - 日期: 2021-11-05, 账户权益: 10000000.00, 可用资金: 10000000.00, 浮动盈亏: 0.00, 持仓盈亏: 0.00, 平仓盈亏: 0.00, 市值: 0.00, 保证金: 0.00, 手续费: 0.00, 风险度: 0.00%
    INFO - 日期: 2021-11-08, 账户权益: 10000000.00, 可用资金: 10000000.00, 浮动盈亏: 0.00, 持仓盈亏: 0.00, 平仓盈亏: 0.00, 市值: 0.00, 保证金: 0.00, 手续费: 0.00, 风险度: 0.00%
    INFO - 胜率: 0.00%, 盈亏额比例: inf, 收益率: 0.00%, 年化收益率: 0.00%, 最大回撤: 0.00%, 年化夏普率: inf,年化索提诺比率: -15.8114
extracted rank=176 OI201.CZCE CZCE.OI201 rows=8984 elapsed=10.98
    INFO - 模拟交易成交记录, 账户: TQSIM
    INFO - 模拟交易账户资金, 账户: TQSIM
    INFO - 日期: 2021-04-19, 账户权益: 10000000.00, 可用资金: 10000000.00, 浮动盈亏: 0.00, 持仓盈亏: 0.00, 平仓盈亏: 0.00, 市值: 0.00, 保证金: 0.00, 手续费: 0.00, 风险度: 0.00%
    INFO - 日期: 2021-04-20, 账户权益: 10000000.00, 可用资金: 10000000.00, 浮动盈亏: 0.00, 持仓盈亏: 0.00, 平仓盈亏: 0.00, 市值: 0.00, 保证金: 0.00, 手续费: 0.00, 风险度: 0.00%
    INFO - 日期: 2021-04-21, 账户权益: 10000000.00, 可用资金: 10000000.00, 浮动盈亏: 0.00, 持仓盈亏: 0.00, 平仓盈亏: 0.00, 市值: 0.00, 保证金: 0.00, 手续费: 0.00, 风险度: 0.00%
    INFO - 日期: 2021-04-22, 账户权益: 10000000.00, 可用资金: 10000000.00, 浮动盈亏: 0.00, 持仓盈亏: 0.00, 平仓盈亏: 0.00, 市值: 0.00, 保证金: 0.00, 手续费: 0.00, 风险度: 0.00%
    INFO - 日期: 2021-04-23, 账户权益: 10000000.00, 可用资金: 10000000.00, 浮动盈亏: 0.00, 持仓盈亏: 0.00, 平仓盈亏: 0.00, 市值: 0.00, 保证金: 0.00, 手续费: 0.00, 风险度: 0.00%
    INFO - 日期: 2021-04-26, 账户权益: 10000000.00, 可用资金: 10000000.00, 浮动盈亏: 0.00, 持仓盈亏: 0.00, 平仓盈亏: 0.00, 市值: 0.00, 保证金: 0.00, 手续费: 0.00, 风险度: 0.00%
    INFO - 日期: 2021-04-27, 账户权益: 10000000.00, 可用资金: 10000000.00, 浮动盈亏: 0.00, 持仓盈亏: 0.00, 平仓盈亏: 0.00, 市值: 0.00, 保证金: 0.00, 手续费: 0.00, 风险度: 0.00%
    INFO - 胜率: 0.00%, 盈亏额比例: inf, 收益率: 0.00%, 年化收益率: 0.00%, 最大回撤: 0.00%, 年化夏普率: inf,年化索提诺比率: -15.8114
    INFO - 回测结束
extracted rank=177 au2106.SHFE SHFE.au2106 rows=3135 elapsed=5.6
    INFO - 回测结束
    INFO - 模拟交易成交记录, 账户: TQSIM
    INFO - 模拟交易账户资金, 账户: TQSIM
    INFO - 日期: 2021-01-04, 账户权益: 10000000.00, 可用资金: 10000000.00, 浮动盈亏: 0.00, 持仓盈亏: 0.00, 平仓盈亏: 0.00, 市值: 0.00, 保证金: 0.00, 手续费: 0.00, 风险度: 0.00%
    INFO - 日期: 2021-01-05, 账户权益: 10000000.00, 可用资金: 10000000.00, 浮动盈亏: 0.00, 持仓盈亏: 0.00, 平仓盈亏: 0.00, 市值: 0.00, 保证金: 0.00, 手续费: 0.00, 风险度: 0.00%
    INFO - 日期: 2021-01-06, 账户权益: 10000000.00, 可用资金: 10000000.00, 浮动盈亏: 0.00, 持仓盈亏: 0.00, 平仓盈亏: 0.00, 市值: 0.00, 保证金: 0.00, 手续费: 0.00, 风险度: 0.00%
    INFO - 日期: 2021-01-07, 账户权益: 10000000.00, 可用资金: 10000000.00, 浮动盈亏: 0.00, 持仓盈亏: 0.00, 平仓盈亏: 0.00, 市值: 0.00, 保证金: 0.00, 手续费: 0.00, 风险度: 0.00%
    INFO - 日期: 2021-01-08, 账户权益: 10000000.00, 可用资金: 10000000.00, 浮动盈亏: 0.00, 持仓盈亏: 0.00, 平仓盈亏: 0.00, 市值: 0.00, 保证金: 0.00, 手续费: 0.00, 风险度: 0.00%
    INFO - 日期: 2021-01-11, 账户权益: 10000000.00, 可用资金: 10000000.00, 浮动盈亏: 0.00, 持仓盈亏: 0.00, 平仓盈亏: 0.00, 市值: 0.00, 保证金: 0.00, 手续费: 0.00, 风险度: 0.00%
    INFO - 胜率: 0.00%, 盈亏额比例: inf, 收益率: 0.00%, 年化收益率: 0.00%, 最大回撤: 0.00%, 年化夏普率: inf,年化索提诺比率: -15.8114
extracted rank=178 au2102.SHFE SHFE.au2102 rows=2564 elapsed=5.36
    INFO - 模拟交易成交记录, 账户: TQSIM
    INFO - 模拟交易账户资金, 账户: TQSIM
    INFO - 日期: 2022-01-21, 账户权益: 10000000.00, 可用资金: 10000000.00, 浮动盈亏: 0.00, 持仓盈亏: 0.00, 平仓盈亏: 0.00, 市值: 0.00, 保证金: 0.00, 手续费: 0.00, 风险度: 0.00%
    INFO - 日期: 2022-01-24, 账户权益: 10000000.00, 可用资金: 10000000.00, 浮动盈亏: 0.00, 持仓盈亏: 0.00, 平仓盈亏: 0.00, 市值: 0.00, 保证金: 0.00, 手续费: 0.00, 风险度: 0.00%
    INFO - 日期: 2022-01-25, 账户权益: 10000000.00, 可用资金: 10000000.00, 浮动盈亏: 0.00, 持仓盈亏: 0.00, 平仓盈亏: 0.00, 市值: 0.00, 保证金: 0.00, 手续费: 0.00, 风险度: 0.00%
    INFO - 日期: 2022-01-26, 账户权益: 10000000.00, 可用资金: 10000000.00, 浮动盈亏: 0.00, 持仓盈亏: 0.00, 平仓盈亏: 0.00, 市值: 0.00, 保证金: 0.00, 手续费: 0.00, 风险度: 0.00%
    INFO - 日期: 2022-01-27, 账户权益: 10000000.00, 可用资金: 10000000.00, 浮动盈亏: 0.00, 持仓盈亏: 0.00, 平仓盈亏: 0.00, 市值: 0.00, 保证金: 0.00, 手续费: 0.00, 风险度: 0.00%
    INFO - 日期: 2022-01-28, 账户权益: 10000000.00, 可用资金: 10000000.00, 浮动盈亏: 0.00, 持仓盈亏: 0.00, 平仓盈亏: 0.00, 市值: 0.00, 保证金: 0.00, 手续费: 0.00, 风险度: 0.00%
    INFO - 日期: 2022-02-07, 账户权益: 10000000.00, 可用资金: 10000000.00, 浮动盈亏: 0.00, 持仓盈亏: 0.00, 平仓盈亏: 0.00, 市值: 0.00, 保证金: 0.00, 手续费: 0.00, 风险度: 0.00%
    INFO - 日期: 2022-02-08, 账户权益: 10000000.00, 可用资金: 10000000.00, 浮动盈亏: 0.00, 持仓盈亏: 0.00, 平仓盈亏: 0.00, 市值: 0.00, 保证金: 0.00, 手续费: 0.00, 风险度: 0.00%
    INFO - 日期: 2022-02-09, 账户权益: 10000000.00, 可用资金: 10000000.00, 浮动盈亏: 0.00, 持仓盈亏: 0.00, 平仓盈亏: 0.00, 市值: 0.00, 保证金: 0.00, 手续费: 0.00, 风险度: 0.00%
    INFO - 日期: 2022-02-10, 账户权益: 10000000.00, 可用资金: 10000000.00, 浮动盈亏: 0.00, 持仓盈亏: 0.00, 平仓盈亏: 0.00, 市值: 0.00, 保证金: 0.00, 手续费: 0.00, 风险度: 0.00%
    INFO - 日期: 2022-02-11, 账户权益: 10000000.00, 可用资金: 10000000.00, 浮动盈亏: 0.00, 持仓盈亏: 0.00, 平仓盈亏: 0.00, 市值: 0.00, 保证金: 0.00, 手续费: 0.00, 风险度: 0.00%
    INFO - 日期: 2022-02-14, 账户权益: 10000000.00, 可用资金: 10000000.00, 浮动盈亏: 0.00, 持仓盈亏: 0.00, 平仓盈亏: 0.00, 市值: 0.00, 保证金: 0.00, 手续费: 0.00, 风险度: 0.00%
    INFO - 日期: 2022-02-15, 账户权益: 10000000.00, 可用资金: 10000000.00, 浮动盈亏: 0.00, 持仓盈亏: 0.00, 平仓盈亏: 0.00, 市值: 0.00, 保证金: 0.00, 手续费: 0.00, 风险度: 0.00%
    INFO - 日期: 2022-02-16, 账户权益: 10000000.00, 可用资金: 10000000.00, 浮动盈亏: 0.00, 持仓盈亏: 0.00, 平仓盈亏: 0.00, 市值: 0.00, 保证金: 0.00, 手续费: 0.00, 风险度: 0.00%
    INFO - 胜率: 0.00%, 盈亏额比例: inf, 收益率: 0.00%, 年化收益率: 0.00%, 最大回撤: 0.00%, 年化夏普率: inf,年化索提诺比率: -15.8114
    INFO - 回测结束
extracted rank=179 SA205.CZCE CZCE.SA205 rows=4170 elapsed=7.47
    INFO - 回测结束
    INFO - 模拟交易成交记录, 账户: TQSIM
    INFO - 模拟交易账户资金, 账户: TQSIM
    INFO - 日期: 2021-04-22, 账户权益: 10000000.00, 可用资金: 10000000.00, 浮动盈亏: 0.00, 持仓盈亏: 0.00, 平仓盈亏: 0.00, 市值: 0.00, 保证金: 0.00, 手续费: 0.00, 风险度: 0.00%
    INFO - 日期: 2021-04-23, 账户权益: 10000000.00, 可用资金: 10000000.00, 浮动盈亏: 0.00, 持仓盈亏: 0.00, 平仓盈亏: 0.00, 市值: 0.00, 保证金: 0.00, 手续费: 0.00, 风险度: 0.00%
    INFO - 日期: 2021-04-26, 账户权益: 10000000.00, 可用资金: 10000000.00, 浮动盈亏: 0.00, 持仓盈亏: 0.00, 平仓盈亏: 0.00, 市值: 0.00, 保证金: 0.00, 手续费: 0.00, 风险度: 0.00%
    INFO - 日期: 2021-04-27, 账户权益: 10000000.00, 可用资金: 10000000.00, 浮动盈亏: 0.00, 持仓盈亏: 0.00, 平仓盈亏: 0.00, 市值: 0.00, 保证金: 0.00, 手续费: 0.00, 风险度: 0.00%
    INFO - 日期: 2021-04-28, 账户权益: 10000000.00, 可用资金: 10000000.00, 浮动盈亏: 0.00, 持仓盈亏: 0.00, 平仓盈亏: 0.00, 市值: 0.00, 保证金: 0.00, 手续费: 0.00, 风险度: 0.00%
    INFO - 日期: 2021-04-29, 账户权益: 10000000.00, 可用资金: 10000000.00, 浮动盈亏: 0.00, 持仓盈亏: 0.00, 平仓盈亏: 0.00, 市值: 0.00, 保证金: 0.00, 手续费: 0.00, 风险度: 0.00%
    INFO - 日期: 2021-04-30, 账户权益: 10000000.00, 可用资金: 10000000.00, 浮动盈亏: 0.00, 持仓盈亏: 0.00, 平仓盈亏: 0.00, 市值: 0.00, 保证金: 0.00, 手续费: 0.00, 风险度: 0.00%
    INFO - 日期: 2021-05-06, 账户权益: 10000000.00, 可用资金: 10000000.00, 浮动盈亏: 0.00, 持仓盈亏: 0.00, 平仓盈亏: 0.00, 市值: 0.00, 保证金: 0.00, 手续费: 0.00, 风险度: 0.00%
    INFO - 日期: 2021-05-07, 账户权益: 10000000.00, 可用资金: 10000000.00, 浮动盈亏: 0.00, 持仓盈亏: 0.00, 平仓盈亏: 0.00, 市值: 0.00, 保证金: 0.00, 手续费: 0.00, 风险度: 0.00%
    INFO - 日期: 2021-05-10, 账户权益: 10000000.00, 可用资金: 10000000.00, 浮动盈亏: 0.00, 持仓盈亏: 0.00, 平仓盈亏: 0.00, 市值: 0.00, 保证金: 0.00, 手续费: 0.00, 风险度: 0.00%
    INFO - 日期: 2021-05-11, 账户权益: 10000000.00, 可用资金: 10000000.00, 浮动盈亏: 0.00, 持仓盈亏: 0.00, 平仓盈亏: 0.00, 市值: 0.00, 保证金: 0.00, 手续费: 0.00, 风险度: 0.00%
    INFO - 日期: 2021-05-12, 账户权益: 10000000.00, 可用资金: 10000000.00, 浮动盈亏: 0.00, 持仓盈亏: 0.00, 平仓盈亏: 0.00, 市值: 0.00, 保证金: 0.00, 手续费: 0.00, 风险度: 0.00%
    INFO - 日期: 2021-05-13, 账户权益: 10000000.00, 可用资金: 10000000.00, 浮动盈亏: 0.00, 持仓盈亏: 0.00, 平仓盈亏: 0.00, 市值: 0.00, 保证金: 0.00, 手续费: 0.00, 风险度: 0.00%
    INFO - 日期: 2021-05-14, 账户权益: 10000000.00, 可用资金: 10000000.00, 浮动盈亏: 0.00, 持仓盈亏: 0.00, 平仓盈亏: 0.00, 市值: 0.00, 保证金: 0.00, 手续费: 0.00, 风险度: 0.00%
    INFO - 日期: 2021-05-17, 账户权益: 10000000.00, 可用资金: 10000000.00, 浮动盈亏: 0.00, 持仓盈亏: 0.00, 平仓盈亏: 0.00, 市值: 0.00, 保证金: 0.00, 手续费: 0.00, 风险度: 0.00%
    INFO - 胜率: 0.00%, 盈亏额比例: inf, 收益率: 0.00%, 年化收益率: 0.00%, 最大回撤: 0.00%, 年化夏普率: inf,年化索提诺比率: -15.8114
extracted rank=180 cu2106.SHFE SHFE.cu2106 rows=6059 elapsed=8.76
{
  "model_tag": "stage449_minute_session_rebuild_full_shard121_180_v1",
  "line_id": "futures_trend_drawdown30_preserve_return",
  "generated_at": "2026-05-28 04:47:28",
  "target_scope": "all",
  "symbol_offset": 120,
  "max_symbols": 60,
  "selected_symbols": 60,
  "extracted_or_cached_symbols": 60,
  "failed_or_timeout_or_empty_symbols": 0,
  "extracted_minute_bars": 157732,
  "target_windows": 600,
  "covered_windows": 293,
  "coverage_rate": 0.48833333333333334,
  "covered_trade_count": 117,
  "valid_same_day_close_trade_count": 95,
  "valid_next_open_trade_count": 113,
  "invalid_same_day_close_count": 22,
  "invalid_next_open_count": 0,
  "same_last5_large_mismatch_count": 60,
  "same_last5_large_mismatch_rate": 0.631578947368421,
  "real_open_vs_daily_next_open_large_mismatch_count": 62,
  "real_open_vs_daily_next_open_large_mismatch_rate": 0.5486725663716814,
  "max_same_last5_abs_minus_same_close": 74556.0,
  "max_same_last5_abs_minus_same_close_valid": 1482.0,
  "max_real_open_abs_minus_daily_next_open": 2390.0,
  "max_real_open_abs_minus_daily_next_open_valid": 2390.0,
  "preferred_real_open_cash_delta_vs_same_close": -88099819.51999998,
  "decision": "session_proxy_mismatch_confirmed_extend_full_rebuild",
  "outputs": {
    "extract_status": "/Users/bytedance/Desktop/person/vnpy/examples/portfolio_backtesting/backtest_outputs/qmt_roll_stage449_minute_session_rebuild_full_shard121_180_extract_status_stage449_minute_session_rebuild_full_shard121_180_v1.csv",
    "minute_bars": "/Users/bytedance/Desktop/person/vnpy/examples/portfolio_backtesting/backtest_outputs/qmt_roll_stage449_minute_session_rebuild_full_shard121_180_minute_bars_stage449_minute_session_rebuild_full_shard121_180_v1.csv",
    "window_coverage": "/Users/bytedance/Desktop/person/vnpy/examples/portfolio_backtesting/backtest_outputs/qmt_roll_stage449_minute_session_rebuild_full_shard121_180_window_coverage_stage449_minute_session_rebuild_full_shard121_180_v1.csv",
    "proxy_prices": "/Users/bytedance/Desktop/person/vnpy/examples/portfolio_backtesting/backtest_outputs/qmt_roll_stage449_minute_session_rebuild_full_shard121_180_proxy_prices_stage449_minute_session_rebuild_full_shard121_180_v1.csv",
    "ledger_proxy_detail": "/Users/bytedance/Desktop/person/vnpy/examples/portfolio_backtesting/backtest_outputs/qmt_roll_stage449_minute_session_rebuild_full_shard121_180_ledger_proxy_detail_stage449_minute_session_rebuild_full_shard121_180_v1.csv",
    "metric_summary": "/Users/bytedance/Desktop/person/vnpy/examples/portfolio_backtesting/backtest_outputs/qmt_roll_stage449_minute_session_rebuild_full_shard121_180_metric_summary_stage449_minute_session_rebuild_full_shard121_180_v1.csv",
    "symbol_summary": "/Users/bytedance/Desktop/person/vnpy/examples/portfolio_backtesting/backtest_outputs/qmt_roll_stage449_minute_session_rebuild_full_shard121_180_symbol_summary_stage449_minute_session_rebuild_full_shard121_180_v1.csv",
    "report": "/Users/bytedance/Desktop/person/vnpy/examples/portfolio_backtesting/backtest_outputs/qmt_roll_stage449_minute_session_rebuild_full_shard121_180_report_stage449_minute_session_rebuild_full_shard121_180_v1.md"
  },
  "next_step": "继续分批扩展到全量Stage443订单，完成分钟会话执行ledger后再比较Stage079/Stage103与任何新候选。"
}
wrote: /Users/bytedance/Desktop/person/vnpy/examples/portfolio_backtesting/backtest_outputs/qmt_roll_stage449_minute_session_rebuild_full_shard121_180_report_stage449_minute_session_rebuild_full_shard121_180_v1.md
